     VMA      LMA     Size Align Out     In      Symbol
       0        0        0     1 PAGE_SIZE = 256
       0        0        0     1 STACK_SIZE = 1500
       0        0        0     1 END_STACK = ORIGIN ( SRAM ) + LENGTH ( SRAM )
c0de0000 c0de0000     ce00     4 .text
c0de0000 c0de0000        0     1         _text = .
c0de0000 c0de0000        0     1         _nvram_start = .
c0de0000 c0de0000       b4     4         build/nanox/obj/main.o:(.boot)
c0de0000 c0de0000        0     1                 $t.16
c0de0001 c0de0001       b4     1                 main
c0de00ac c0de00ac        0     1                 $d.17
c0de00b4 c0de00b4      5d0     4         build/nanox/obj/bagl.o:(.text.bagl_draw_with_context)
c0de00b4 c0de00b4        0     1                 $t.1
c0de00b5 c0de00b5      5d0     1                 bagl_draw_with_context
c0de04c4 c0de04c4        0     1                 $d.2
c0de04cc c0de04cc        0     1                 $t.3
c0de0680 c0de0680        0     1                 $d.4
c0de0684 c0de0684       4c     4         build/nanox/obj/bagl.o:(.text.bagl_get_font)
c0de0684 c0de0684        0     1                 $t.5
c0de0685 c0de0685       4c     1                 bagl_get_font
c0de06c4 c0de06c4        0     1                 $d.6
c0de06d0 c0de06d0       28     4         build/nanox/obj/bagl.o:(.text.bagl_compute_line_width)
c0de06d0 c0de06d0        0     1                 $t.7
c0de06d1 c0de06d1       28     1                 bagl_compute_line_width
c0de06f4 c0de06f4        0     1                 $d.8
c0de06f8 c0de06f8      1cc     4         build/nanox/obj/bagl.o:(.text.bagl_draw_string)
c0de06f8 c0de06f8        0     1                 $t.9
c0de06f9 c0de06f9      1cc     1                 bagl_draw_string
c0de08c0 c0de08c0        0     1                 $d.10
c0de08c4 c0de08c4      3b2     2         build/nanox/obj/bagl.o:(.text.bagl_draw_circle_helper)
c0de08c4 c0de08c4        0     1                 $t.11
c0de08c5 c0de08c5      3b2     1                 bagl_draw_circle_helper
c0de0c76 c0de0c76       50     2         build/nanox/obj/bagl.o:(.text.bagl_draw_glyph)
c0de0c76 c0de0c76        0     1                 $t.12
c0de0c77 c0de0c77       50     1                 bagl_draw_glyph
c0de0cc8 c0de0cc8       3c     4         build/nanox/obj/ble_gap_aci.o:(.text.aci_gap_set_non_discoverable)
c0de0cc8 c0de0cc8        0     1                 $t.0
c0de0cc9 c0de0cc9       3c     1                 aci_gap_set_non_discoverable
c0de0d00 c0de0d00        0     1                 $d.1
c0de0d04 c0de0d04       98     4         build/nanox/obj/ble_gap_aci.o:(.text.aci_gap_set_discoverable)
c0de0d04 c0de0d04        0     1                 $t.4
c0de0d05 c0de0d05       98     1                 aci_gap_set_discoverable
c0de0d98 c0de0d98        0     1                 $d.5
c0de0d9c c0de0d9c       44     4         build/nanox/obj/ble_gap_aci.o:(.text.aci_gap_set_io_capability)
c0de0d9c c0de0d9c        0     1                 $t.8
c0de0d9d c0de0d9d       44     1                 aci_gap_set_io_capability
c0de0ddc c0de0ddc        0     1                 $d.9
c0de0de0 c0de0de0       6c     4         build/nanox/obj/ble_gap_aci.o:(.text.aci_gap_set_authentication_requirement)
c0de0de0 c0de0de0        0     1                 $t.10
c0de0de1 c0de0de1       6c     1                 aci_gap_set_authentication_requirement
c0de0e48 c0de0e48        0     1                 $d.11
c0de0e4c c0de0e4c       4c     4         build/nanox/obj/ble_gap_aci.o:(.text.aci_gap_pass_key_resp)
c0de0e4c c0de0e4c        0     1                 $t.14
c0de0e4d c0de0e4d       4c     1                 aci_gap_pass_key_resp
c0de0e94 c0de0e94        0     1                 $d.15
c0de0e98 c0de0e98       8c     4         build/nanox/obj/ble_gap_aci.o:(.text.aci_gap_init)
c0de0e98 c0de0e98        0     1                 $t.18
c0de0e99 c0de0e99       8c     1                 aci_gap_init
c0de0f20 c0de0f20        0     1                 $d.19
c0de0f24 c0de0f24       54     4         build/nanox/obj/ble_gap_aci.o:(.text.aci_gap_update_adv_data)
c0de0f24 c0de0f24        0     1                 $t.26
c0de0f25 c0de0f25       54     1                 aci_gap_update_adv_data
c0de0f74 c0de0f74        0     1                 $d.27
c0de0f78 c0de0f78       3c     4         build/nanox/obj/ble_gap_aci.o:(.text.aci_gap_clear_security_db)
c0de0f78 c0de0f78        0     1                 $t.38
c0de0f79 c0de0f79       3c     1                 aci_gap_clear_security_db
c0de0fb0 c0de0fb0        0     1                 $d.39
c0de0fb4 c0de0fb4       48     4         build/nanox/obj/ble_gap_aci.o:(.text.aci_gap_numeric_comparison_value_confirm_yesno)
c0de0fb4 c0de0fb4        0     1                 $t.72
c0de0fb5 c0de0fb5       48     1                 aci_gap_numeric_comparison_value_confirm_yesno
c0de0ff8 c0de0ff8        0     1                 $d.73
c0de0ffc c0de0ffc       3c     4         build/nanox/obj/ble_gatt_aci.o:(.text.aci_gatt_init)
c0de0ffc c0de0ffc        0     1                 $t.0
c0de0ffd c0de0ffd       3c     1                 aci_gatt_init
c0de1034 c0de1034        0     1                 $d.1
c0de1038 c0de1038       a0     4         build/nanox/obj/ble_gatt_aci.o:(.text.aci_gatt_add_service)
c0de1038 c0de1038        0     1                 $t.2
c0de1039 c0de1039       a0     1                 aci_gatt_add_service
c0de10d4 c0de10d4        0     1                 $d.3
c0de10d8 c0de10d8       c8     4         build/nanox/obj/ble_gatt_aci.o:(.text.aci_gatt_add_char)
c0de10d8 c0de10d8        0     1                 $t.6
c0de10d9 c0de10d9       c8     1                 aci_gatt_add_char
c0de119c c0de119c        0     1                 $d.7
c0de11a0 c0de11a0       5c     4         build/nanox/obj/ble_gatt_aci.o:(.text.aci_gatt_update_char_value)
c0de11a0 c0de11a0        0     1                 $t.10
c0de11a1 c0de11a1       5c     1                 aci_gatt_update_char_value
c0de11f8 c0de11f8        0     1                 $d.11
c0de11fc c0de11fc       4c     4         build/nanox/obj/ble_gatt_aci.o:(.text.aci_gatt_exchange_config)
c0de11fc c0de11fc        0     1                 $t.20
c0de11fd c0de11fd       4c     1                 aci_gatt_exchange_config
c0de1244 c0de1244        0     1                 $d.21
c0de1248 c0de1248       48     4         build/nanox/obj/ble_gatt_aci.o:(.text.aci_gatt_confirm_indication)
c0de1248 c0de1248        0     1                 $t.72
c0de1249 c0de1249       48     1                 aci_gatt_confirm_indication
c0de128c c0de128c        0     1                 $d.73
c0de1290 c0de1290       60     4         build/nanox/obj/ble_gatt_aci.o:(.text.aci_gatt_write_resp)
c0de1290 c0de1290        0     1                 $t.74
c0de1291 c0de1291       60     1                 aci_gatt_write_resp
c0de12ec c0de12ec        0     1                 $d.75
c0de12f0 c0de12f0       58     4         build/nanox/obj/ble_hal_aci.o:(.text.aci_hal_write_config_data)
c0de12f0 c0de12f0        0     1                 $t.1
c0de12f1 c0de12f1       58     1                 aci_hal_write_config_data
c0de1344 c0de1344        0     1                 $d.2
c0de1348 c0de1348       48     4         build/nanox/obj/ble_hal_aci.o:(.text.aci_hal_set_tx_power_level)
c0de1348 c0de1348        0     1                 $t.5
c0de1349 c0de1349       48     1                 aci_hal_set_tx_power_level
c0de138c c0de138c        0     1                 $d.6
c0de1390 c0de1390       3c     4         build/nanox/obj/ble_hci_le.o:(.text.hci_reset)
c0de1390 c0de1390        0     1                 $t.6
c0de1391 c0de1391       3c     1                 hci_reset
c0de13c8 c0de13c8        0     1                 $d.7
c0de13cc c0de13cc       50     4         build/nanox/obj/ble_hci_le.o:(.text.hci_le_set_scan_response_data)
c0de13cc c0de13cc        0     1                 $t.40
c0de13cd c0de13cd       50     1                 hci_le_set_scan_response_data
c0de1418 c0de1418        0     1                 $d.41
c0de141c c0de141c        a     2         build/nanox/obj/crypto.o:(.text.field_copy)
c0de141c c0de141c        0     1                 $t.0
c0de141d c0de141d        a     1                 field_copy
c0de1428 c0de1428       20     4         build/nanox/obj/crypto.o:(.text.field_add)
c0de1428 c0de1428        0     1                 $t.1
c0de1429 c0de1429       20     1                 field_add
c0de1444 c0de1444        0     1                 $d.2
c0de1448 c0de1448       20     4         build/nanox/obj/crypto.o:(.text.field_sub)
c0de1448 c0de1448        0     1                 $t.3
c0de1449 c0de1449       20     1                 field_sub
c0de1464 c0de1464        0     1                 $d.4
c0de1468 c0de1468       20     4         build/nanox/obj/crypto.o:(.text.field_mul)
c0de1468 c0de1468        0     1                 $t.5
c0de1469 c0de1469       20     1                 field_mul
c0de1484 c0de1484        0     1                 $d.6
c0de1488 c0de1488       24     4         build/nanox/obj/crypto.o:(.text.field_sq)
c0de1488 c0de1488        0     1                 $t.7
c0de1489 c0de1489       24     1                 field_sq
c0de14a8 c0de14a8        0     1                 $d.8
c0de14ac c0de14ac       1c     4         build/nanox/obj/crypto.o:(.text.field_inv)
c0de14ac c0de14ac        0     1                 $t.9
c0de14ad c0de14ad       1c     1                 field_inv
c0de14c4 c0de14c4        0     1                 $d.10
c0de14c8 c0de14c8       24     4         build/nanox/obj/crypto.o:(.text.field_pow)
c0de14c8 c0de14c8        0     1                 $t.13
c0de14c9 c0de14c9       24     1                 field_pow
c0de14e8 c0de14e8        0     1                 $d.14
c0de14ec c0de14ec       20     4         build/nanox/obj/crypto.o:(.text.scalar_add)
c0de14ec c0de14ec        0     1                 $t.18
c0de14ed c0de14ed       20     1                 scalar_add
c0de1508 c0de1508        0     1                 $d.19
c0de150c c0de150c       20     4         build/nanox/obj/crypto.o:(.text.scalar_mul)
c0de150c c0de150c        0     1                 $t.22
c0de150d c0de150d       20     1                 scalar_mul
c0de1528 c0de1528        0     1                 $d.23
c0de152c c0de152c       2c     4         build/nanox/obj/crypto.o:(.text.scalar_negate)
c0de152c c0de152c        0     1                 $t.26
c0de152d c0de152d       2c     1                 scalar_negate
c0de1550 c0de1550        0     1                 $d.27
c0de1558 c0de1558      100     4         build/nanox/obj/crypto.o:(.text.group_dbl)
c0de1558 c0de1558        0     1                 $t.36
c0de1559 c0de1559      100     1                 group_dbl
c0de1644 c0de1644        0     1                 $d.37
c0de1658 c0de1658      1ac     4         build/nanox/obj/crypto.o:(.text.group_add)
c0de1658 c0de1658        0     1                 $t.38
c0de1659 c0de1659      1ac     1                 group_add
c0de17fc c0de17fc        0     1                 $d.39
c0de1804 c0de1804       90     4         build/nanox/obj/crypto.o:(.text.group_scalar_mul)
c0de1804 c0de1804        0     1                 $t.41
c0de1805 c0de1805       90     1                 group_scalar_mul
c0de1888 c0de1888        0     1                 $d.42
c0de1894 c0de1894       88     4         build/nanox/obj/crypto.o:(.text.affine_to_group)
c0de1894 c0de1894        0     1                 $t.47
c0de1895 c0de1895       88     1                 affine_to_group
c0de190c c0de190c        0     1                 $d.48
c0de191c c0de191c       6c     4         build/nanox/obj/crypto.o:(.text.affine_from_group)
c0de191c c0de191c        0     1                 $t.49
c0de191d c0de191d       6c     1                 affine_from_group
c0de1984 c0de1984        0     1                 $d.50
c0de1988 c0de1988       2a     2         build/nanox/obj/crypto.o:(.text.affine_scalar_mul)
c0de1988 c0de1988        0     1                 $t.51
c0de1989 c0de1989       2a     1                 affine_scalar_mul
c0de19b4 c0de19b4       50     4         build/nanox/obj/crypto.o:(.text.generate_keypair)
c0de19b4 c0de19b4        0     1                 $t.58
c0de19b5 c0de19b5       50     1                 generate_keypair
c0de19fc c0de19fc        0     1                 $d.59
c0de1a04 c0de1a04       82     2         build/nanox/obj/crypto.o:(.text.generate_address)
c0de1a04 c0de1a04        0     1                 $t.60
c0de1a05 c0de1a05       82     1                 generate_address
c0de1a86 c0de1a86       78     2         build/nanox/obj/crypto.o:(.text.validate_address)
c0de1a86 c0de1a86        0     1                 $t.61
c0de1a87 c0de1a87       78     1                 validate_address
c0de1afe c0de1afe       a6     2         build/nanox/obj/crypto.o:(.text.message_derive)
c0de1afe c0de1afe        0     1                 $t.62
c0de1aff c0de1aff       a6     1                 message_derive
c0de1ba4 c0de1ba4       42     2         build/nanox/obj/crypto.o:(.text.message_hash)
c0de1ba4 c0de1ba4        0     1                 $t.63
c0de1ba5 c0de1ba5       42     1                 message_hash
c0de1be8 c0de1be8      104     4         build/nanox/obj/crypto.o:(.text.sign)
c0de1be8 c0de1be8        0     1                 $t.64
c0de1be9 c0de1be9      104     1                 sign
c0de1ce8 c0de1ce8        0     1                 $d.65
c0de1cec c0de1cec        c     4         build/nanox/obj/cx_stubs.o:(.text.cx_blake2b_init_no_throw)
c0de1cec c0de1cec        0     1                 $t
c0de1ced c0de1ced        0     1                 cx_blake2b_init_no_throw
c0de1cf2 c0de1cf2        0     1                 $d
c0de1cf4 c0de1cf4        0     1                 $d
c0de1cf8 c0de1cf8        c     4         build/nanox/obj/cx_stubs.o:(.text.cx_crc16)
c0de1cf8 c0de1cf8        0     1                 $t
c0de1cf9 c0de1cf9        0     1                 cx_crc16
c0de1cfe c0de1cfe        0     1                 $d
c0de1d00 c0de1d00        0     1                 $d
c0de1d04 c0de1d04        c     4         build/nanox/obj/cx_stubs.o:(.text.cx_crc16_update)
c0de1d04 c0de1d04        0     1                 $t
c0de1d05 c0de1d05        0     1                 cx_crc16_update
c0de1d0a c0de1d0a        0     1                 $d
c0de1d0c c0de1d0c        0     1                 $d
c0de1d10 c0de1d10        c     4         build/nanox/obj/cx_stubs.o:(.text.cx_hash_get_size)
c0de1d10 c0de1d10        0     1                 $t
c0de1d11 c0de1d11        0     1                 cx_hash_get_size
c0de1d16 c0de1d16        0     1                 $d
c0de1d18 c0de1d18        0     1                 $d
c0de1d1c c0de1d1c        c     4         build/nanox/obj/cx_stubs.o:(.text.cx_hash_no_throw)
c0de1d1c c0de1d1c        0     1                 $t
c0de1d1d c0de1d1d        0     1                 cx_hash_no_throw
c0de1d22 c0de1d22        0     1                 $d
c0de1d24 c0de1d24        0     1                 $d
c0de1d28 c0de1d28        c     4         build/nanox/obj/cx_stubs.o:(.text.cx_hash_sha256)
c0de1d28 c0de1d28        0     1                 $t
c0de1d29 c0de1d29        0     1                 cx_hash_sha256
c0de1d2e c0de1d2e        0     1                 $d
c0de1d30 c0de1d30        0     1                 $d
c0de1d34 c0de1d34        c     4         build/nanox/obj/cx_stubs.o:(.text.cx_math_addm_no_throw)
c0de1d34 c0de1d34        0     1                 $t
c0de1d35 c0de1d35        0     1                 cx_math_addm_no_throw
c0de1d3a c0de1d3a        0     1                 $d
c0de1d3c c0de1d3c        0     1                 $d
c0de1d40 c0de1d40        c     4         build/nanox/obj/cx_stubs.o:(.text.cx_math_invprimem_no_throw)
c0de1d40 c0de1d40        0     1                 $t
c0de1d41 c0de1d41        0     1                 cx_math_invprimem_no_throw
c0de1d46 c0de1d46        0     1                 $d
c0de1d48 c0de1d48        0     1                 $d
c0de1d4c c0de1d4c        c     4         build/nanox/obj/cx_stubs.o:(.text.cx_math_multm_no_throw)
c0de1d4c c0de1d4c        0     1                 $t
c0de1d4d c0de1d4d        0     1                 cx_math_multm_no_throw
c0de1d52 c0de1d52        0     1                 $d
c0de1d54 c0de1d54        0     1                 $d
c0de1d58 c0de1d58        c     4         build/nanox/obj/cx_stubs.o:(.text.cx_math_powm_no_throw)
c0de1d58 c0de1d58        0     1                 $t
c0de1d59 c0de1d59        0     1                 cx_math_powm_no_throw
c0de1d5e c0de1d5e        0     1                 $d
c0de1d60 c0de1d60        0     1                 $d
c0de1d64 c0de1d64        c     4         build/nanox/obj/cx_stubs.o:(.text.cx_math_subm_no_throw)
c0de1d64 c0de1d64        0     1                 $t
c0de1d65 c0de1d65        0     1                 cx_math_subm_no_throw
c0de1d6a c0de1d6a        0     1                 $d
c0de1d6c c0de1d6c        0     1                 $d
c0de1d70 c0de1d70        c     4         build/nanox/obj/cx_stubs.o:(.text.cx_rng_no_throw)
c0de1d70 c0de1d70        0     1                 $t
c0de1d71 c0de1d71        0     1                 cx_rng_no_throw
c0de1d76 c0de1d76        0     1                 $d
c0de1d78 c0de1d78        0     1                 $d
c0de1d7c c0de1d7c        c     4         build/nanox/obj/cx_stubs.o:(.text.cx_rng_u32_range_func)
c0de1d7c c0de1d7c        0     1                 $t
c0de1d7d c0de1d7d        0     1                 cx_rng_u32_range_func
c0de1d82 c0de1d82        0     1                 $d
c0de1d84 c0de1d84        0     1                 $d
c0de1d88 c0de1d88       14     4         build/nanox/obj/cx_stubs.o:(.text.cx_x448)
c0de1d88 c0de1d88        0     1                 $t
c0de1d89 c0de1d89        0     1                 cx_x448
c0de1d8f c0de1d8f        0     1                 cx_trampoline_helper
c0de1d92 c0de1d92        0     1                 $d
c0de1d94 c0de1d94        0     1                 $d
c0de1d9c c0de1d9c       1e     2         build/nanox/obj/get_address.o:(.text.handle_get_address)
c0de1d9c c0de1d9c        0     1                 $t.0
c0de1d9d c0de1d9d       1e     1                 handle_get_address
c0de1dba c0de1dba       10     2         build/nanox/obj/get_address_bagl.o:(.text.ux_get_address_result_flow_address_step_init)
c0de1dba c0de1dba        0     1                 $t.0
c0de1dbb c0de1dbb       10     1                 ux_get_address_result_flow_address_step_init
c0de1dcc c0de1dcc       80     4         build/nanox/obj/get_address_bagl.o:(.text.gen_address)
c0de1dcc c0de1dcc        0     1                 $t.1
c0de1dcd c0de1dcd       80     1                 gen_address
c0de1e40 c0de1e40        0     1                 $d.2
c0de1e4c c0de1e4c       28     4         build/nanox/obj/get_address_bagl.o:(.text.ux_get_address_result_flow_approve_step_validateinit)
c0de1e4c c0de1e4c        0     1                 $t.3
c0de1e4d c0de1e4d       28     1                 ux_get_address_result_flow_approve_step_validateinit
c0de1e6c c0de1e6c        0     1                 $d.4
c0de1e74 c0de1e74        c     2         build/nanox/obj/get_address_bagl.o:(.text.ux_get_address_result_flow_reject_step_validateinit)
c0de1e74 c0de1e74        0     1                 $t.5
c0de1e75 c0de1e75        c     1                 ux_get_address_result_flow_reject_step_validateinit
c0de1e80 c0de1e80       14     4         build/nanox/obj/get_address_bagl.o:(.text.ux_get_address_flow_generate_step_validateinit)
c0de1e80 c0de1e80        0     1                 $t.6
c0de1e81 c0de1e81       14     1                 ux_get_address_flow_generate_step_validateinit
c0de1e90 c0de1e90        0     1                 $d.7
c0de1e94 c0de1e94        c     2         build/nanox/obj/get_address_bagl.o:(.text.ux_get_address_flow_cancel_step_validateinit)
c0de1e94 c0de1e94        0     1                 $t.8
c0de1e95 c0de1e95        c     1                 ux_get_address_flow_cancel_step_validateinit
c0de1ea0 c0de1ea0       80     4         build/nanox/obj/get_address_bagl.o:(.text.ui_get_address)
c0de1ea0 c0de1ea0        0     1                 $t.9
c0de1ea1 c0de1ea1       80     1                 ui_get_address
c0de1f04 c0de1f04        0     1                 $d.10
c0de1f20 c0de1f20       3c     4         build/nanox/obj/globals.o:(.text.sendResponse)
c0de1f20 c0de1f20        0     1                 $t.0
c0de1f21 c0de1f21       3c     1                 sendResponse
c0de1f58 c0de1f58        0     1                 $d.1
c0de1f5c c0de1f5c       ac     4         build/nanox/obj/ledger_ble.o:(.text.LEDGER_BLE_init)
c0de1f5c c0de1f5c        0     1                 $t.0
c0de1f5d c0de1f5d       ac     1                 LEDGER_BLE_init
c0de1ff8 c0de1ff8        0     1                 $d.1
c0de2008 c0de2008      2f8     4         build/nanox/obj/ledger_ble.o:(.text.init_mngr)
c0de2008 c0de2008        0     1                 $t.2
c0de2009 c0de2009      2f8     1                 init_mngr
c0de22e0 c0de22e0        0     1                 $d.3
c0de2300 c0de2300       a4     4         build/nanox/obj/ledger_ble.o:(.text.LEDGER_BLE_send)
c0de2300 c0de2300        0     1                 $t.4
c0de2301 c0de2301       a4     1                 LEDGER_BLE_send
c0de2398 c0de2398        0     1                 $d.5
c0de23a4 c0de23a4       3c     4         build/nanox/obj/ledger_ble.o:(.text.notify_chunk)
c0de23a4 c0de23a4        0     1                 $t.6
c0de23a5 c0de23a5       3c     1                 notify_chunk
c0de23d8 c0de23d8        0     1                 $d.7
c0de23e0 c0de23e0      828     4         build/nanox/obj/ledger_ble.o:(.text.LEDGER_BLE_receive)
c0de23e0 c0de23e0        0     1                 $t.8
c0de23e1 c0de23e1      828     1                 LEDGER_BLE_receive
c0de27bc c0de27bc        0     1                 $d.9
c0de2814 c0de2814        0     1                 $t.10
c0de2be0 c0de2be0        0     1                 $d.11
c0de2c08 c0de2c08       54     4         build/nanox/obj/ledger_ble.o:(.text.start_advertising)
c0de2c08 c0de2c08        0     1                 $t.12
c0de2c09 c0de2c09       54     1                 start_advertising
c0de2c50 c0de2c50        0     1                 $d.13
c0de2c5c c0de2c5c       30     4         build/nanox/obj/ledger_ble.o:(.text.LEDGER_BLE_enable_advertising)
c0de2c5c c0de2c5c        0     1                 $t.14
c0de2c5d c0de2c5d       30     1                 LEDGER_BLE_enable_advertising
c0de2c88 c0de2c88        0     1                 $d.15
c0de2c8c c0de2c8c       64     4         build/nanox/obj/ledger_ble.o:(.text.advertising_enable)
c0de2c8c c0de2c8c        0     1                 $t.16
c0de2c8d c0de2c8d       64     1                 advertising_enable
c0de2cec c0de2cec        0     1                 $d.17
c0de2cf0 c0de2cf0       40     4         build/nanox/obj/ledger_ble.o:(.text.LEDGER_BLE_reset_pairings)
c0de2cf0 c0de2cf0        0     1                 $t.18
c0de2cf1 c0de2cf1       40     1                 LEDGER_BLE_reset_pairings
c0de2d24 c0de2d24        0     1                 $d.19
c0de2d30 c0de2d30       48     4         build/nanox/obj/ledger_ble.o:(.text.hci_send_req)
c0de2d30 c0de2d30        0     1                 $t.20
c0de2d31 c0de2d31       48     1                 hci_send_req
c0de2d74 c0de2d74        0     1                 $d.21
c0de2d78 c0de2d78        c     2         build/nanox/obj/ledger_ble.o:(.text.BLE_power)
c0de2d78 c0de2d78        0     1                 $t.22
c0de2d79 c0de2d79        c     1                 BLE_power
c0de2d84 c0de2d84      14c     4         build/nanox/obj/ledger_ble.o:(.text.configure_advertising_mngr)
c0de2d84 c0de2d84        0     1                 $t.23
c0de2d85 c0de2d85      14c     1                 configure_advertising_mngr
c0de2ebc c0de2ebc        0     1                 $d.24
c0de2ed0 c0de2ed0       12     2         build/nanox/obj/ledger_ble.o:(.text.cx_rng_u32)
c0de2ed0 c0de2ed0        0     1                 $t.25
c0de2ed1 c0de2ed1       12     1                 cx_rng_u32
c0de2ee4 c0de2ee4       98     4         build/nanox/obj/ledger_ble.o:(.text.rsp_user_pairing_passkey)
c0de2ee4 c0de2ee4        0     1                 $t.26
c0de2ee5 c0de2ee5       98     1                 rsp_user_pairing_passkey
c0de2f6c c0de2f6c        0     1                 $d.27
c0de2f7c c0de2f7c       88     4         build/nanox/obj/ledger_ble.o:(.text.rsp_user_pairing_numeric_comparison)
c0de2f7c c0de2f7c        0     1                 $t.28
c0de2f7d c0de2f7d       88     1                 rsp_user_pairing_numeric_comparison
c0de2ffc c0de2ffc        0     1                 $d.29
c0de3004 c0de3004       18     4         build/nanox/obj/ledger_protocol.o:(.text.LEDGER_PROTOCOL_init)
c0de3004 c0de3004        0     1                 $t.0
c0de3005 c0de3005       18     1                 LEDGER_PROTOCOL_init
c0de3018 c0de3018        0     1                 $d.1
c0de301c c0de301c      138     4         build/nanox/obj/ledger_protocol.o:(.text.LEDGER_PROTOCOL_rx)
c0de301c c0de301c        0     1                 $t.2
c0de301d c0de301d      138     1                 LEDGER_PROTOCOL_rx
c0de3150 c0de3150        0     1                 $d.3
c0de3154 c0de3154       a0     4         build/nanox/obj/ledger_protocol.o:(.text.LEDGER_PROTOCOL_tx)
c0de3154 c0de3154        0     1                 $t.4
c0de3155 c0de3155       a0     1                 LEDGER_PROTOCOL_tx
c0de31f0 c0de31f0        0     1                 $d.5
c0de31f4 c0de31f4      130     4         build/nanox/obj/main.o:(.text.handleApdu)
c0de31f4 c0de31f4        0     1                 $t.0
c0de31f5 c0de31f5      130     1                 handleApdu
c0de331c c0de331c        0     1                 $d.1
c0de3324 c0de3324      104     4         build/nanox/obj/main.o:(.text.app_main)
c0de3324 c0de3324        0     1                 $t.2
c0de3325 c0de3325      104     1                 app_main
c0de341c c0de341c        0     1                 $d.3
c0de3428 c0de3428        8     2         build/nanox/obj/main.o:(.text.io_seproxyhal_display)
c0de3428 c0de3428        0     1                 $t.4
c0de3429 c0de3429        8     1                 io_seproxyhal_display
c0de3430 c0de3430      740     4         build/nanox/obj/main.o:(.text.io_event)
c0de3430 c0de3430        0     1                 $t.5
c0de3431 c0de3431      740     1                 io_event
c0de37a4 c0de37a4        0     1                 $d.6
c0de37ac c0de37ac        0     1                 $t.7
c0de3864 c0de3864        0     1                 $d.8
c0de3870 c0de3870        0     1                 $t.9
c0de3b68 c0de3b68        0     1                 $d.10
c0de3b70 c0de3b70       48     4         build/nanox/obj/main.o:(.text.io_exchange_al)
c0de3b70 c0de3b70        0     1                 $t.11
c0de3b71 c0de3b71       48     1                 io_exchange_al
c0de3bb4 c0de3bb4        0     1                 $d.12
c0de3bb8 c0de3bb8       40     2         build/nanox/obj/main.o:(.text.app_exit)
c0de3bb8 c0de3bb8        0     1                 $t.13
c0de3bb9 c0de3bb9       40     1                 app_exit
c0de3bf8 c0de3bf8       34     4         build/nanox/obj/main.o:(.text.nv_app_state_init)
c0de3bf8 c0de3bf8        0     1                 $t.14
c0de3bf9 c0de3bf9       34     1                 nv_app_state_init
c0de3c24 c0de3c24        0     1                 $d.15
c0de3c2c c0de3c2c        6     2         build/nanox/obj/menu_bagl.o:(.text.ux_idle_flow_3_step_validateinit)
c0de3c2c c0de3c2c        0     1                 $t.0
c0de3c2d c0de3c2d        6     1                 ux_idle_flow_3_step_validateinit
c0de3c34 c0de3c34       28     4         build/nanox/obj/menu_bagl.o:(.text.ui_idle)
c0de3c34 c0de3c34        0     1                 $t.1
c0de3c35 c0de3c35       28     1                 ui_idle
c0de3c54 c0de3c54        0     1                 $d.2
c0de3c5c c0de3c5c        a     2         build/nanox/obj/os.o:(.text.os_boot)
c0de3c5c c0de3c5c        0     1                 $t.0
c0de3c5d c0de3c5d        a     1                 os_boot
c0de3c66 c0de3c66        c     2         build/nanox/obj/os.o:(.text.os_longjmp)
c0de3c66 c0de3c66        0     1                 $t.3
c0de3c67 c0de3c67        c     1                 os_longjmp
c0de3c74 c0de3c74       14     4         build/nanox/obj/os_io_seproxyhal.o:(.text.io_seproxyhal_general_status)
c0de3c74 c0de3c74        0     1                 $t.0
c0de3c75 c0de3c75       14     1                 io_seproxyhal_general_status
c0de3c84 c0de3c84        0     1                 $d.1
c0de3c88 c0de3c88       80     4         build/nanox/obj/os_io_seproxyhal.o:(.text.io_seproxyhal_handle_usb_event)
c0de3c88 c0de3c88        0     1                 $t.4
c0de3c89 c0de3c89       80     1                 io_seproxyhal_handle_usb_event
c0de3cfc c0de3cfc        0     1                 $d.5
c0de3d08 c0de3d08       1c     4         build/nanox/obj/os_io_seproxyhal.o:(.text.io_seproxyhal_get_ep_rx_size)
c0de3d08 c0de3d08        0     1                 $t.6
c0de3d09 c0de3d09       1c     1                 io_seproxyhal_get_ep_rx_size
c0de3d20 c0de3d20        0     1                 $d.7
c0de3d24 c0de3d24       78     4         build/nanox/obj/os_io_seproxyhal.o:(.text.io_seproxyhal_handle_usb_ep_xfer_event)
c0de3d24 c0de3d24        0     1                 $t.8
c0de3d25 c0de3d25       78     1                 io_seproxyhal_handle_usb_ep_xfer_event
c0de3d90 c0de3d90        0     1                 $d.9
c0de3d9c c0de3d9c       58     4         build/nanox/obj/os_io_seproxyhal.o:(.text.io_usb_send_ep)
c0de3d9c c0de3d9c        0     1                 $t.10
c0de3d9d c0de3d9d       58     1                 io_usb_send_ep
c0de3dec c0de3dec        0     1                 $d.11
c0de3df4 c0de3df4       10     2         build/nanox/obj/os_io_seproxyhal.o:(.text.io_usb_send_apdu_data)
c0de3df4 c0de3df4        0     1                 $t.12
c0de3df5 c0de3df5       10     1                 io_usb_send_apdu_data
c0de3e04 c0de3e04       10     2         build/nanox/obj/os_io_seproxyhal.o:(.text.io_usb_send_apdu_data_ep0x83)
c0de3e04 c0de3e04        0     1                 $t.13
c0de3e05 c0de3e05       10     1                 io_usb_send_apdu_data_ep0x83
c0de3e14 c0de3e14      12c     4         build/nanox/obj/os_io_seproxyhal.o:(.text.io_seproxyhal_handle_event)
c0de3e14 c0de3e14        0     1                 $t.16
c0de3e15 c0de3e15      12c     1                 io_seproxyhal_handle_event
c0de3f34 c0de3f34        0     1                 $d.17
c0de3f40 c0de3f40       58     4         build/nanox/obj/os_io_seproxyhal.o:(.text.io_seproxyhal_init)
c0de3f40 c0de3f40        0     1                 $t.18
c0de3f41 c0de3f41       58     1                 io_seproxyhal_init
c0de3f8c c0de3f8c        0     1                 $d.19
c0de3f98 c0de3f98        2     2         build/nanox/obj/os_io_seproxyhal.o:(.text.io_seproxyhal_init_ux)
c0de3f98 c0de3f98        0     1                 $t.20
c0de3f99 c0de3f99        2     1                 io_seproxyhal_init_ux
c0de3f9c c0de3f9c       14     4         build/nanox/obj/os_io_seproxyhal.o:(.text.io_seproxyhal_init_button)
c0de3f9c c0de3f9c        0     1                 $t.21
c0de3f9d c0de3f9d       14     1                 io_seproxyhal_init_button
c0de3fac c0de3fac        0     1                 $d.22
c0de3fb0 c0de3fb0       3e     2         build/nanox/obj/os_io_seproxyhal.o:(.text.io_seproxyhal_display_icon)
c0de3fb0 c0de3fb0        0     1                 $t.24
c0de3fb1 c0de3fb1       3e     1                 io_seproxyhal_display_icon
c0de3fee c0de3fee       50     2         build/nanox/obj/os_io_seproxyhal.o:(.text.io_seproxyhal_display_default)
c0de3fee c0de3fee        0     1                 $t.25
c0de3fef c0de3fef       50     1                 io_seproxyhal_display_default
c0de4040 c0de4040       78     4         build/nanox/obj/os_io_seproxyhal.o:(.text.io_seproxyhal_button_push)
c0de4040 c0de4040        0     1                 $t.28
c0de4041 c0de4041       78     1                 io_seproxyhal_button_push
c0de40a8 c0de40a8        0     1                 $d.29
c0de40b8 c0de40b8       50     4         build/nanox/obj/os_io_seproxyhal.o:(.text.os_io_seproxyhal_get_app_name_and_version)
c0de40b8 c0de40b8        0     1                 $t.45
c0de40b9 c0de40b9       50     1                 os_io_seproxyhal_get_app_name_and_version
c0de4104 c0de4104        0     1                 $d.46
c0de4108 c0de4108      334     4         build/nanox/obj/os_io_seproxyhal.o:(.text.io_exchange)
c0de4108 c0de4108        0     1                 $t.47
c0de4109 c0de4109      334     1                 io_exchange
c0de4414 c0de4414        0     1                 $d.48
c0de443c c0de443c       4c     4         build/nanox/obj/os_io_seproxyhal.o:(.text.os_io_seph_recv_and_process)
c0de443c c0de443c        0     1                 $t.49
c0de443d c0de443d       4c     1                 os_io_seph_recv_and_process
c0de447c c0de447c        0     1                 $d.50
c0de4488 c0de4488       38     4         build/nanox/obj/os_io_seproxyhal.o:(.text.io_seproxyhal_io_heartbeat)
c0de4488 c0de4488        0     1                 $t.53
c0de4489 c0de4489       38     1                 io_seproxyhal_io_heartbeat
c0de44b8 c0de44b8        0     1                 $d.54
c0de44c0 c0de44c0      18c     4         build/nanox/obj/os_io_usb.o:(.text.io_usb_hid_receive)
c0de44c0 c0de44c0        0     1                 $t.0
c0de44c1 c0de44c1      18c     1                 io_usb_hid_receive
c0de4630 c0de4630        0     1                 $d.1
c0de464c c0de464c       20     4         build/nanox/obj/os_io_usb.o:(.text.io_usb_hid_init)
c0de464c c0de464c        0     1                 $t.2
c0de464d c0de464d       20     1                 io_usb_hid_init
c0de4660 c0de4660        0     1                 $d.3
c0de466c c0de466c       dc     4         build/nanox/obj/os_io_usb.o:(.text.io_usb_hid_sent)
c0de466c c0de466c        0     1                 $t.4
c0de466d c0de466d       dc     1                 io_usb_hid_sent
c0de4730 c0de4730        0     1                 $d.5
c0de4748 c0de4748       38     4         build/nanox/obj/os_io_usb.o:(.text.io_usb_hid_send)
c0de4748 c0de4748        0     1                 $t.6
c0de4749 c0de4749       38     1                 io_usb_hid_send
c0de476c c0de476c        0     1                 $d.7
c0de4780 c0de4780      390     4         build/nanox/obj/os_printf.o:(.text.snprintf)
c0de4780 c0de4780        0     1                 $t.0
c0de4781 c0de4781      390     1                 snprintf
c0de4afc c0de4afc        0     1                 $d.1
c0de4b10 c0de4b10        c     2         build/nanox/obj/osal.o:(.text.Osal_MemCpy)
c0de4b10 c0de4b10        0     1                 $t.0
c0de4b11 c0de4b11        c     1                 Osal_MemCpy
c0de4b1c c0de4b1c       12     2         build/nanox/obj/osal.o:(.text.Osal_MemSet)
c0de4b1c c0de4b1c        0     1                 $t.1
c0de4b1d c0de4b1d       12     1                 Osal_MemSet
c0de4b2e c0de4b2e      198     2         build/nanox/obj/parse_tx.o:(.text.parse_tx)
c0de4b2e c0de4b2e        0     1                 $t.0
c0de4b2f c0de4b2f      198     1                 parse_tx
c0de4cc8 c0de4cc8       10     4         build/nanox/obj/pic.o:(.text.pic_internal)
c0de4cc8 c0de4cc8        0     1                 $t.0
c0de4cc9 c0de4cc9        c     1                 pic_internal
c0de4cd4 c0de4cd4        0     1                 $d.2
c0de4cd8 c0de4cd8       38     4         build/nanox/obj/pic.o:(.text.pic)
c0de4cd8 c0de4cd8        0     1                 $t.1
c0de4cd9 c0de4cd9       26     1                 pic
c0de4d00 c0de4d00        0     1                 $d.3
c0de4d10 c0de4d10       70     2         build/nanox/obj/poseidon.o:(.text.matrix_mul)
c0de4d10 c0de4d10        0     1                 $t.0
c0de4d11 c0de4d11       70     1                 matrix_mul
c0de4d80 c0de4d80       b0     4         build/nanox/obj/poseidon.o:(.text.poseidon_permutation)
c0de4d80 c0de4d80        0     1                 $t.3
c0de4d81 c0de4d81       b0     1                 poseidon_permutation
c0de4e20 c0de4e20        0     1                 $d.4
c0de4e30 c0de4e30       24     4         build/nanox/obj/poseidon.o:(.text.poseidon_init)
c0de4e30 c0de4e30        0     1                 $t.5
c0de4e31 c0de4e31       24     1                 poseidon_init
c0de4e4c c0de4e4c        0     1                 $d.6
c0de4e54 c0de4e54       7e     2         build/nanox/obj/poseidon.o:(.text.poseidon_update)
c0de4e54 c0de4e54        0     1                 $t.7
c0de4e55 c0de4e55       7e     1                 poseidon_update
c0de4ed2 c0de4ed2        8     2         build/nanox/obj/poseidon.o:(.text.poseidon_digest)
c0de4ed2 c0de4ed2        0     1                 $t.8
c0de4ed3 c0de4ed3        8     1                 poseidon_digest
c0de4eda c0de4eda       32     2         build/nanox/obj/random_oracle_input.o:(.text.roinput_add_field)
c0de4eda c0de4eda        0     1                 $t.0
c0de4edb c0de4edb       32     1                 roinput_add_field
c0de4f0c c0de4f0c       1e     2         build/nanox/obj/random_oracle_input.o:(.text.roinput_add_bit)
c0de4f0c c0de4f0c        0     1                 $t.1
c0de4f0d c0de4f0d       1e     1                 roinput_add_bit
c0de4f2a c0de4f2a       3e     2         build/nanox/obj/random_oracle_input.o:(.text.roinput_add_scalar)
c0de4f2a c0de4f2a        0     1                 $t.2
c0de4f2b c0de4f2b       3e     1                 roinput_add_scalar
c0de4f68 c0de4f68       5a     2         build/nanox/obj/random_oracle_input.o:(.text.roinput_add_bytes)
c0de4f68 c0de4f68        0     1                 $t.3
c0de4f69 c0de4f69       5a     1                 roinput_add_bytes
c0de4fc2 c0de4fc2       22     2         build/nanox/obj/random_oracle_input.o:(.text.roinput_add_uint32)
c0de4fc2 c0de4fc2        0     1                 $t.4
c0de4fc3 c0de4fc3       22     1                 roinput_add_uint32
c0de4fe4 c0de4fe4       30     2         build/nanox/obj/random_oracle_input.o:(.text.roinput_add_uint64)
c0de4fe4 c0de4fe4        0     1                 $t.5
c0de4fe5 c0de4fe5       30     1                 roinput_add_uint64
c0de5014 c0de5014       76     2         build/nanox/obj/random_oracle_input.o:(.text.roinput_to_bytes)
c0de5014 c0de5014        0     1                 $t.6
c0de5015 c0de5015       76     1                 roinput_to_bytes
c0de508a c0de508a       aa     2         build/nanox/obj/random_oracle_input.o:(.text.roinput_to_fields)
c0de508a c0de508a        0     1                 $t.7
c0de508b c0de508b       aa     1                 roinput_to_fields
c0de5134 c0de5134       ea     2         build/nanox/obj/random_oracle_input.o:(.text.roinput_derive_message)
c0de5134 c0de5134        0     1                 $t.8
c0de5135 c0de5135       ea     1                 roinput_derive_message
c0de521e c0de521e       dc     2         build/nanox/obj/random_oracle_input.o:(.text.roinput_hash_message)
c0de521e c0de521e        0     1                 $t.9
c0de521f c0de521f       dc     1                 roinput_hash_message
c0de52fa c0de52fa       16     2         build/nanox/obj/sign_tx.o:(.text.handle_sign_tx)
c0de52fa c0de52fa        0     1                 $t.0
c0de52fb c0de52fb       16     1                 handle_sign_tx
c0de5310 c0de5310       10     2         build/nanox/obj/sign_tx_bagl.o:(.text.ux_sign_tx_done_flow_done_step_init)
c0de5310 c0de5310        0     1                 $t.0
c0de5311 c0de5311       10     1                 ux_sign_tx_done_flow_done_step_init
c0de5320 c0de5320       e4     4         build/nanox/obj/sign_tx_bagl.o:(.text.sign_transaction)
c0de5320 c0de5320        0     1                 $t.1
c0de5321 c0de5321       e4     1                 sign_transaction
c0de53f8 c0de53f8        0     1                 $d.2
c0de5404 c0de5404       14     4         build/nanox/obj/sign_tx_bagl.o:(.text.ux_sign_tx_flow_approve_step_validateinit)
c0de5404 c0de5404        0     1                 $t.3
c0de5405 c0de5405       14     1                 ux_sign_tx_flow_approve_step_validateinit
c0de5414 c0de5414        0     1                 $d.4
c0de5418 c0de5418        c     2         build/nanox/obj/sign_tx_bagl.o:(.text.ux_sign_tx_flow_reject_step_validateinit)
c0de5418 c0de5418        0     1                 $t.5
c0de5419 c0de5419        c     1                 ux_sign_tx_flow_reject_step_validateinit
c0de5424 c0de5424      100     4         build/nanox/obj/sign_tx_bagl.o:(.text.ui_sign_tx)
c0de5424 c0de5424        0     1                 $t.6
c0de5425 c0de5425      100     1                 ui_sign_tx
c0de5500 c0de5500        0     1                 $d.7
c0de5524 c0de5524        e     2         build/nanox/obj/svc_call.o:(.text)
c0de5524 c0de5524        0     1                 $t
c0de5525 c0de5525        0     1                 SVC_Call
c0de552c c0de552c        0     1                 exception
c0de5532 c0de5532       16     2         build/nanox/obj/syscalls.o:(.text.get_api_level)
c0de5532 c0de5532        0     1                 $t.0
c0de5533 c0de5533       16     1                 get_api_level
c0de5548 c0de5548       14     2         build/nanox/obj/syscalls.o:(.text.halt)
c0de5548 c0de5548        0     1                 $t.1
c0de5549 c0de5549       14     1                 halt
c0de555c c0de555c       18     4         build/nanox/obj/syscalls.o:(.text.nvm_write)
c0de555c c0de555c        0     1                 $t.2
c0de555d c0de555d       18     1                 nvm_write
c0de5570 c0de5570        0     1                 $d.3
c0de5574 c0de5574       16     2         build/nanox/obj/syscalls.o:(.text.os_perso_isonboarded)
c0de5574 c0de5574        0     1                 $t.184
c0de5575 c0de5575       16     1                 os_perso_isonboarded
c0de558c c0de558c       20     4         build/nanox/obj/syscalls.o:(.text.os_perso_derive_node_bip32)
c0de558c c0de558c        0     1                 $t.187
c0de558d c0de558d       20     1                 os_perso_derive_node_bip32
c0de55a8 c0de55a8        0     1                 $d.188
c0de55ac c0de55ac       16     2         build/nanox/obj/syscalls.o:(.text.os_global_pin_is_validated)
c0de55ac c0de55ac        0     1                 $t.209
c0de55ad c0de55ad       16     1                 os_global_pin_is_validated
c0de55c4 c0de55c4       1c     4         build/nanox/obj/syscalls.o:(.text.os_ux)
c0de55c4 c0de55c4        0     1                 $t.217
c0de55c5 c0de55c5       1c     1                 os_ux
c0de55dc c0de55dc        0     1                 $d.218
c0de55e0 c0de55e0       14     2         build/nanox/obj/syscalls.o:(.text.os_flags)
c0de55e0 c0de55e0        0     1                 $t.224
c0de55e1 c0de55e1       14     1                 os_flags
c0de55f4 c0de55f4       18     4         build/nanox/obj/syscalls.o:(.text.os_serial)
c0de55f4 c0de55f4        0     1                 $t.227
c0de55f5 c0de55f5       18     1                 os_serial
c0de5608 c0de5608        0     1                 $d.228
c0de560c c0de560c       18     4         build/nanox/obj/syscalls.o:(.text.os_setting_get)
c0de560c c0de560c        0     1                 $t.234
c0de560d c0de560d       18     1                 os_setting_get
c0de5620 c0de5620        0     1                 $d.235
c0de5624 c0de5624       18     4         build/nanox/obj/syscalls.o:(.text.os_registry_get_current_app_tag)
c0de5624 c0de5624        0     1                 $t.242
c0de5625 c0de5625       18     1                 os_registry_get_current_app_tag
c0de5638 c0de5638        0     1                 $d.243
c0de563c c0de563c       18     4         build/nanox/obj/syscalls.o:(.text.os_sched_exit)
c0de563c c0de563c        0     1                 $t.251
c0de563d c0de563d       18     1                 os_sched_exit
c0de5650 c0de5650        0     1                 $d.252
c0de5654 c0de5654       18     4         build/nanox/obj/syscalls.o:(.text.io_seph_send)
c0de5654 c0de5654        0     1                 $t.259
c0de5655 c0de5655       18     1                 io_seph_send
c0de5668 c0de5668        0     1                 $d.260
c0de566c c0de566c       14     2         build/nanox/obj/syscalls.o:(.text.io_seph_is_status_sent)
c0de566c c0de566c        0     1                 $t.261
c0de566d c0de566d       14     1                 io_seph_is_status_sent
c0de5680 c0de5680       1c     4         build/nanox/obj/syscalls.o:(.text.io_seph_recv)
c0de5680 c0de5680        0     1                 $t.262
c0de5681 c0de5681       1c     1                 io_seph_recv
c0de5698 c0de5698        0     1                 $d.263
c0de569c c0de569c       14     2         build/nanox/obj/syscalls.o:(.text.try_context_get)
c0de569c c0de569c        0     1                 $t.268
c0de569d c0de569d       14     1                 try_context_get
c0de56b0 c0de56b0       1c     4         build/nanox/obj/syscalls.o:(.text.try_context_set)
c0de56b0 c0de56b0        0     1                 $t.269
c0de56b1 c0de56b1       1c     1                 try_context_set
c0de56c8 c0de56c8        0     1                 $d.270
c0de56cc c0de56cc       1c     4         build/nanox/obj/syscalls.o:(.text.os_sched_last_status)
c0de56cc c0de56cc        0     1                 $t.271
c0de56cd c0de56cd       1c     1                 os_sched_last_status
c0de56e4 c0de56e4        0     1                 $d.272
c0de56e8 c0de56e8       14     2         build/nanox/obj/syscalls.o:(.text.screen_update)
c0de56e8 c0de56e8        0     1                 $t.285
c0de56e9 c0de56e9       14     1                 screen_update
c0de56fc c0de56fc       30     4         build/nanox/obj/syscalls.o:(.text.bagl_hal_draw_bitmap_within_rect)
c0de56fc c0de56fc        0     1                 $t.288
c0de56fd c0de56fd       30     1                 bagl_hal_draw_bitmap_within_rect
c0de5728 c0de5728        0     1                 $d.289
c0de572c c0de572c       20     4         build/nanox/obj/syscalls.o:(.text.bagl_hal_draw_rect)
c0de572c c0de572c        0     1                 $t.290
c0de572d c0de572d       20     1                 bagl_hal_draw_rect
c0de5748 c0de5748        0     1                 $d.291
c0de574c c0de574c       1c     4         build/nanox/obj/syscalls.o:(.text.os_ux_get_status)
c0de574c c0de574c        0     1                 $t.294
c0de574d c0de574d       1c     1                 os_ux_get_status
c0de5764 c0de5764        0     1                 $d.295
c0de5768 c0de5768       b8     2         build/nanox/obj/transaction.o:(.text.transaction_to_roinput)
c0de5768 c0de5768        0     1                 $t.0
c0de5769 c0de5769       b8     1                 transaction_to_roinput
c0de5820 c0de5820       40     2         build/nanox/obj/transaction.o:(.text.transaction_prepare_memo)
c0de5820 c0de5820        0     1                 $t.1
c0de5821 c0de5821       40     1                 transaction_prepare_memo
c0de5860 c0de5860      110     4         build/nanox/obj/u2f_impl.o:(.text.u2f_apdu_sign)
c0de5860 c0de5860        0     1                 $t.2
c0de5861 c0de5861      110     1                 u2f_apdu_sign
c0de5950 c0de5950        0     1                 $d.3
c0de5970 c0de5970       d8     4         build/nanox/obj/u2f_impl.o:(.text.u2f_handle_cmd_init)
c0de5970 c0de5970        0     1                 $t.8
c0de5971 c0de5971       d8     1                 u2f_handle_cmd_init
c0de5a44 c0de5a44        0     1                 $d.9
c0de5a48 c0de5a48       b4     4         build/nanox/obj/u2f_impl.o:(.text.u2f_handle_cmd_msg)
c0de5a48 c0de5a48        0     1                 $t.11
c0de5a49 c0de5a49       b4     1                 u2f_handle_cmd_msg
c0de5ae4 c0de5ae4        0     1                 $d.12
c0de5afc c0de5afc       3c     2         build/nanox/obj/u2f_impl.o:(.text.u2f_message_complete)
c0de5afc c0de5afc        0     1                 $t.13
c0de5afd c0de5afd       3c     1                 u2f_message_complete
c0de5b38 c0de5b38       44     4         build/nanox/obj/u2f_io.o:(.text.u2f_io_send)
c0de5b38 c0de5b38        0     1                 $t.0
c0de5b39 c0de5b39       44     1                 u2f_io_send
c0de5b78 c0de5b78        0     1                 $d.1
c0de5b7c c0de5b7c       22     2         build/nanox/obj/u2f_transport.o:(.text.u2f_transport_init)
c0de5b7c c0de5b7c        0     1                 $t.1
c0de5b7d c0de5b7d       22     1                 u2f_transport_init
c0de5ba0 c0de5ba0      11c     4         build/nanox/obj/u2f_transport.o:(.text.u2f_transport_sent)
c0de5ba0 c0de5ba0        0     1                 $t.2
c0de5ba1 c0de5ba1      11c     1                 u2f_transport_sent
c0de5cb4 c0de5cb4        0     1                 $d.3
c0de5cbc c0de5cbc       24     2         build/nanox/obj/u2f_transport.o:(.text.u2f_message_repliable)
c0de5cbc c0de5cbc        0     1                 $t.4
c0de5cbd c0de5cbd       24     1                 u2f_message_repliable
c0de5ce0 c0de5ce0      130     4         build/nanox/obj/u2f_transport.o:(.text.u2f_transport_receive_fakeChannel)
c0de5ce0 c0de5ce0        0     1                 $t.9
c0de5ce1 c0de5ce1      130     1                 u2f_transport_receive_fakeChannel
c0de5e0c c0de5e0c        0     1                 $d.10
c0de5e10 c0de5e10      400     4         build/nanox/obj/u2f_transport.o:(.text.u2f_transport_received)
c0de5e10 c0de5e10        0     1                 $t.11
c0de5e11 c0de5e11      400     1                 u2f_transport_received
c0de620c c0de620c        0     1                 $d.12
c0de6210 c0de6210       1c     2         build/nanox/obj/u2f_transport.o:(.text.u2f_is_channel_broadcast)
c0de6210 c0de6210        0     1                 $t.13
c0de6211 c0de6211       1c     1                 u2f_is_channel_broadcast
c0de622c c0de622c       5c     4         build/nanox/obj/u2f_transport.o:(.text.u2f_message_set_autoreply_wait_user_presence)
c0de622c c0de622c        0     1                 $t.15
c0de622d c0de622d       5c     1                 u2f_message_set_autoreply_wait_user_presence
c0de6284 c0de6284        0     1                 $d.16
c0de6288 c0de6288       68     4         build/nanox/obj/u2f_transport.o:(.text.u2f_message_reply)
c0de6288 c0de6288        0     1                 $t.17
c0de6289 c0de6289       68     1                 u2f_message_reply
c0de62ec c0de62ec        0     1                 $d.18
c0de62f0 c0de62f0       18     4         build/nanox/obj/usbd_conf.o:(.text.USBD_LL_Init)
c0de62f0 c0de62f0        0     1                 $t.0
c0de62f1 c0de62f1       18     1                 USBD_LL_Init
c0de6300 c0de6300        0     1                 $d.1
c0de6308 c0de6308       28     4         build/nanox/obj/usbd_conf.o:(.text.USBD_LL_DeInit)
c0de6308 c0de6308        0     1                 $t.2
c0de6309 c0de6309       28     1                 USBD_LL_DeInit
c0de632c c0de632c        0     1                 $d.3
c0de6330 c0de6330       38     2         build/nanox/obj/usbd_conf.o:(.text.USBD_LL_Start)
c0de6330 c0de6330        0     1                 $t.4
c0de6331 c0de6331       38     1                 USBD_LL_Start
c0de6368 c0de6368       22     2         build/nanox/obj/usbd_conf.o:(.text.USBD_LL_Stop)
c0de6368 c0de6368        0     1                 $t.5
c0de6369 c0de6369       22     1                 USBD_LL_Stop
c0de638c c0de638c       64     4         build/nanox/obj/usbd_conf.o:(.text.USBD_LL_OpenEP)
c0de638c c0de638c        0     1                 $t.6
c0de638d c0de638d       64     1                 USBD_LL_OpenEP
c0de63e8 c0de63e8        0     1                 $d.7
c0de63f0 c0de63f0       4c     4         build/nanox/obj/usbd_conf.o:(.text.USBD_LL_StallEP)
c0de63f0 c0de63f0        0     1                 $t.10
c0de63f1 c0de63f1       4c     1                 USBD_LL_StallEP
c0de6434 c0de6434        0     1                 $d.11
c0de643c c0de643c       4c     4         build/nanox/obj/usbd_conf.o:(.text.USBD_LL_ClearStallEP)
c0de643c c0de643c        0     1                 $t.12
c0de643d c0de643d       4c     1                 USBD_LL_ClearStallEP
c0de6480 c0de6480        0     1                 $d.13
c0de6488 c0de6488       24     4         build/nanox/obj/usbd_conf.o:(.text.USBD_LL_IsStallEP)
c0de6488 c0de6488        0     1                 $t.14
c0de6489 c0de6489       24     1                 USBD_LL_IsStallEP
c0de64a4 c0de64a4        0     1                 $d.15
c0de64ac c0de64ac       24     2         build/nanox/obj/usbd_conf.o:(.text.USBD_LL_SetUSBAddress)
c0de64ac c0de64ac        0     1                 $t.16
c0de64ad c0de64ad       24     1                 USBD_LL_SetUSBAddress
c0de64d0 c0de64d0       32     2         build/nanox/obj/usbd_conf.o:(.text.USBD_LL_Transmit)
c0de64d0 c0de64d0        0     1                 $t.17
c0de64d1 c0de64d1       32     1                 USBD_LL_Transmit
c0de6502 c0de6502       26     2         build/nanox/obj/usbd_conf.o:(.text.USBD_LL_PrepareReceive)
c0de6502 c0de6502        0     1                 $t.18
c0de6503 c0de6503       26     1                 USBD_LL_PrepareReceive
c0de6528 c0de6528       38     2         build/nanox/obj/usbd_core.o:(.text.USBD_Init)
c0de6528 c0de6528        0     1                 $t.0
c0de6529 c0de6529       38     1                 USBD_Init
c0de6560 c0de6560       3c     2         build/nanox/obj/usbd_core.o:(.text.USBD_DeInit)
c0de6560 c0de6560        0     1                 $t.1
c0de6561 c0de6561       3c     1                 USBD_DeInit
c0de659c c0de659c       1a     2         build/nanox/obj/usbd_core.o:(.text.USBD_RegisterClassForInterface)
c0de659c c0de659c        0     1                 $t.3
c0de659d c0de659d       1a     1                 USBD_RegisterClassForInterface
c0de65b6 c0de65b6        a     2         build/nanox/obj/usbd_core.o:(.text.USBD_Start)
c0de65b6 c0de65b6        0     1                 $t.4
c0de65b7 c0de65b7        a     1                 USBD_Start
c0de65c0 c0de65c0       36     2         build/nanox/obj/usbd_core.o:(.text.USBD_SetClassConfig)
c0de65c0 c0de65c0        0     1                 $t.7
c0de65c1 c0de65c1       36     1                 USBD_SetClassConfig
c0de65f6 c0de65f6       36     2         build/nanox/obj/usbd_core.o:(.text.USBD_ClrClassConfig)
c0de65f6 c0de65f6        0     1                 $t.8
c0de65f7 c0de65f7       36     1                 USBD_ClrClassConfig
c0de662c c0de662c       5c     2         build/nanox/obj/usbd_core.o:(.text.USBD_LL_SetupStage)
c0de662c c0de662c        0     1                 $t.9
c0de662d c0de662d       5c     1                 USBD_LL_SetupStage
c0de6688 c0de6688       ac     2         build/nanox/obj/usbd_core.o:(.text.USBD_LL_DataOutStage)
c0de6688 c0de6688        0     1                 $t.10
c0de6689 c0de6689       ac     1                 USBD_LL_DataOutStage
c0de6734 c0de6734       dc     2         build/nanox/obj/usbd_core.o:(.text.USBD_LL_DataInStage)
c0de6734 c0de6734        0     1                 $t.11
c0de6735 c0de6735       dc     1                 USBD_LL_DataInStage
c0de6810 c0de6810       3e     2         build/nanox/obj/usbd_core.o:(.text.USBD_LL_Reset)
c0de6810 c0de6810        0     1                 $t.12
c0de6811 c0de6811       3e     1                 USBD_LL_Reset
c0de684e c0de684e        6     2         build/nanox/obj/usbd_core.o:(.text.USBD_LL_SetSpeed)
c0de684e c0de684e        0     1                 $t.13
c0de684f c0de684f        6     1                 USBD_LL_SetSpeed
c0de6854 c0de6854        4     2         build/nanox/obj/usbd_core.o:(.text.USBD_LL_Suspend)
c0de6854 c0de6854        0     1                 $t.14
c0de6855 c0de6855        4     1                 USBD_LL_Suspend
c0de6858 c0de6858        4     2         build/nanox/obj/usbd_core.o:(.text.USBD_LL_Resume)
c0de6858 c0de6858        0     1                 $t.15
c0de6859 c0de6859        4     1                 USBD_LL_Resume
c0de685c c0de685c       3a     2         build/nanox/obj/usbd_core.o:(.text.USBD_LL_SOF)
c0de685c c0de685c        0     1                 $t.16
c0de685d c0de685d       3a     1                 USBD_LL_SOF
c0de6896 c0de6896       16     2         build/nanox/obj/usbd_ctlreq.o:(.text.usbd_is_valid_intf)
c0de6896 c0de6896        0     1                 $t.0
c0de6897 c0de6897       16     1                 usbd_is_valid_intf
c0de68ac c0de68ac       5a     2         build/nanox/obj/usbd_ctlreq.o:(.text.USBD_StdDevReq)
c0de68ac c0de68ac        0     1                 $t.1
c0de68ad c0de68ad       5a     1                 USBD_StdDevReq
c0de6906 c0de6906       fa     2         build/nanox/obj/usbd_ctlreq.o:(.text.USBD_GetDescriptor)
c0de6906 c0de6906        0     1                 $t.2
c0de6907 c0de6907       fa     1                 USBD_GetDescriptor
c0de6a00 c0de6a00       46     2         build/nanox/obj/usbd_ctlreq.o:(.text.USBD_SetAddress)
c0de6a00 c0de6a00        0     1                 $t.3
c0de6a01 c0de6a01       46     1                 USBD_SetAddress
c0de6a46 c0de6a46       6e     2         build/nanox/obj/usbd_ctlreq.o:(.text.USBD_SetConfig)
c0de6a46 c0de6a46        0     1                 $t.4
c0de6a47 c0de6a47       6e     1                 USBD_SetConfig
c0de6ab4 c0de6ab4       2e     2         build/nanox/obj/usbd_ctlreq.o:(.text.USBD_GetConfig)
c0de6ab4 c0de6ab4        0     1                 $t.5
c0de6ab5 c0de6ab5       2e     1                 USBD_GetConfig
c0de6ae2 c0de6ae2       48     2         build/nanox/obj/usbd_ctlreq.o:(.text.USBD_GetStatus)
c0de6ae2 c0de6ae2        0     1                 $t.6
c0de6ae3 c0de6ae3       48     1                 USBD_GetStatus
c0de6b2a c0de6b2a       3a     2         build/nanox/obj/usbd_ctlreq.o:(.text.USBD_SetFeature)
c0de6b2a c0de6b2a        0     1                 $t.7
c0de6b2b c0de6b2b       3a     1                 USBD_SetFeature
c0de6b64 c0de6b64       52     2         build/nanox/obj/usbd_ctlreq.o:(.text.USBD_ClrFeature)
c0de6b64 c0de6b64        0     1                 $t.8
c0de6b65 c0de6b65       52     1                 USBD_ClrFeature
c0de6bb6 c0de6bb6       48     2         build/nanox/obj/usbd_ctlreq.o:(.text.USBD_StdItfReq)
c0de6bb6 c0de6bb6        0     1                 $t.10
c0de6bb7 c0de6bb7       48     1                 USBD_StdItfReq
c0de6bfe c0de6bfe      106     2         build/nanox/obj/usbd_ctlreq.o:(.text.USBD_StdEPReq)
c0de6bfe c0de6bfe        0     1                 $t.11
c0de6bff c0de6bff      106     1                 USBD_StdEPReq
c0de6d04 c0de6d04       28     2         build/nanox/obj/usbd_ctlreq.o:(.text.USBD_ParseSetupRequest)
c0de6d04 c0de6d04        0     1                 $t.12
c0de6d05 c0de6d05       28     1                 USBD_ParseSetupRequest
c0de6d2c c0de6d2c       14     2         build/nanox/obj/usbd_ctlreq.o:(.text.USBD_CtlStall)
c0de6d2c c0de6d2c        0     1                 $t.13
c0de6d2d c0de6d2d       14     1                 USBD_CtlStall
c0de6d40 c0de6d40       94     2         build/nanox/obj/usbd_hid.o:(.text.USBD_HID_Setup)
c0de6d40 c0de6d40        0     1                 $t.0
c0de6d41 c0de6d41       94     1                 USBD_HID_Setup
c0de6dd4 c0de6dd4       32     2         build/nanox/obj/usbd_hid.o:(.text.USBD_HID_Init)
c0de6dd4 c0de6dd4        0     1                 $t.1
c0de6dd5 c0de6dd5       32     1                 USBD_HID_Init
c0de6e06 c0de6e06        4     2         build/nanox/obj/usbd_hid.o:(.text.USBD_HID_DeInit)
c0de6e06 c0de6e06        0     1                 $t.2
c0de6e07 c0de6e07        4     1                 USBD_HID_DeInit
c0de6e0c c0de6e0c       38     4         build/nanox/obj/usbd_impl.o:(.text.USBD_HID_GetHidDescriptor_impl)
c0de6e0c c0de6e0c        0     1                 $t.0
c0de6e0d c0de6e0d       38     1                 USBD_HID_GetHidDescriptor_impl
c0de6e38 c0de6e38        0     1                 $d.1
c0de6e44 c0de6e44       6c     4         build/nanox/obj/usbd_impl.o:(.text.USBD_HID_GetReportDescriptor_impl)
c0de6e44 c0de6e44        0     1                 $t.2
c0de6e45 c0de6e45       6c     1                 USBD_HID_GetReportDescriptor_impl
c0de6ea4 c0de6ea4        0     1                 $d.3
c0de6eb0 c0de6eb0       32     2         build/nanox/obj/usbd_impl.o:(.text.USBD_U2F_Init)
c0de6eb0 c0de6eb0        0     1                 $t.4
c0de6eb1 c0de6eb1       32     1                 USBD_U2F_Init
c0de6ee4 c0de6ee4       1c     4         build/nanox/obj/usbd_impl.o:(.text.USBD_U2F_DataIn_impl)
c0de6ee4 c0de6ee4        0     1                 $t.5
c0de6ee5 c0de6ee5       1c     1                 USBD_U2F_DataIn_impl
c0de6efc c0de6efc        0     1                 $d.6
c0de6f00 c0de6f00       30     4         build/nanox/obj/usbd_impl.o:(.text.USBD_U2F_DataOut_impl)
c0de6f00 c0de6f00        0     1                 $t.7
c0de6f01 c0de6f01       30     1                 USBD_U2F_DataOut_impl
c0de6f2c c0de6f2c        0     1                 $d.8
c0de6f30 c0de6f30       18     4         build/nanox/obj/usbd_impl.o:(.text.USBD_HID_DataIn_impl)
c0de6f30 c0de6f30        0     1                 $t.9
c0de6f31 c0de6f31       18     1                 USBD_HID_DataIn_impl
c0de6f44 c0de6f44        0     1                 $d.10
c0de6f48 c0de6f48       54     4         build/nanox/obj/usbd_impl.o:(.text.USBD_HID_DataOut_impl)
c0de6f48 c0de6f48        0     1                 $t.11
c0de6f49 c0de6f49       54     1                 USBD_HID_DataOut_impl
c0de6f90 c0de6f90        0     1                 $d.12
c0de6f9c c0de6f9c       2c     2         build/nanox/obj/usbd_impl.o:(.text.USBD_WEBUSB_Init)
c0de6f9c c0de6f9c        0     1                 $t.13
c0de6f9d c0de6f9d       2c     1                 USBD_WEBUSB_Init
c0de6fc8 c0de6fc8        4     2         build/nanox/obj/usbd_impl.o:(.text.USBD_WEBUSB_DeInit)
c0de6fc8 c0de6fc8        0     1                 $t.14
c0de6fc9 c0de6fc9        4     1                 USBD_WEBUSB_DeInit
c0de6fcc c0de6fcc        4     2         build/nanox/obj/usbd_impl.o:(.text.USBD_WEBUSB_Setup)
c0de6fcc c0de6fcc        0     1                 $t.15
c0de6fcd c0de6fcd        4     1                 USBD_WEBUSB_Setup
c0de6fd0 c0de6fd0       18     4         build/nanox/obj/usbd_impl.o:(.text.USBD_WEBUSB_DataIn)
c0de6fd0 c0de6fd0        0     1                 $t.16
c0de6fd1 c0de6fd1       18     1                 USBD_WEBUSB_DataIn
c0de6fe4 c0de6fe4        0     1                 $d.17
c0de6fe8 c0de6fe8       54     4         build/nanox/obj/usbd_impl.o:(.text.USBD_WEBUSB_DataOut)
c0de6fe8 c0de6fe8        0     1                 $t.18
c0de6fe9 c0de6fe9       54     1                 USBD_WEBUSB_DataOut
c0de7030 c0de7030        0     1                 $d.19
c0de703c c0de703c       10     4         build/nanox/obj/usbd_impl.o:(.text.USBD_DeviceDescriptor)
c0de703c c0de703c        0     1                 $t.20
c0de703d c0de703d       10     1                 USBD_DeviceDescriptor
c0de7048 c0de7048        0     1                 $d.21
c0de704c c0de704c       10     4         build/nanox/obj/usbd_impl.o:(.text.USBD_LangIDStrDescriptor)
c0de704c c0de704c        0     1                 $t.22
c0de704d c0de704d       10     1                 USBD_LangIDStrDescriptor
c0de7058 c0de7058        0     1                 $d.23
c0de705c c0de705c       10     4         build/nanox/obj/usbd_impl.o:(.text.USBD_ManufacturerStrDescriptor)
c0de705c c0de705c        0     1                 $t.24
c0de705d c0de705d       10     1                 USBD_ManufacturerStrDescriptor
c0de7068 c0de7068        0     1                 $d.25
c0de706c c0de706c       10     4         build/nanox/obj/usbd_impl.o:(.text.USBD_ProductStrDescriptor)
c0de706c c0de706c        0     1                 $t.26
c0de706d c0de706d       10     1                 USBD_ProductStrDescriptor
c0de7078 c0de7078        0     1                 $d.27
c0de707c c0de707c       10     4         build/nanox/obj/usbd_impl.o:(.text.USBD_SerialStrDescriptor)
c0de707c c0de707c        0     1                 $t.28
c0de707d c0de707d       10     1                 USBD_SerialStrDescriptor
c0de7088 c0de7088        0     1                 $d.29
c0de708c c0de708c       10     4         build/nanox/obj/usbd_impl.o:(.text.USBD_ConfigStrDescriptor)
c0de708c c0de708c        0     1                 $t.30
c0de708d c0de708d       10     1                 USBD_ConfigStrDescriptor
c0de7098 c0de7098        0     1                 $d.31
c0de709c c0de709c       10     4         build/nanox/obj/usbd_impl.o:(.text.USBD_InterfaceStrDescriptor)
c0de709c c0de709c        0     1                 $t.32
c0de709d c0de709d       10     1                 USBD_InterfaceStrDescriptor
c0de70a8 c0de70a8        0     1                 $d.33
c0de70ac c0de70ac       10     4         build/nanox/obj/usbd_impl.o:(.text.USBD_BOSDescriptor)
c0de70ac c0de70ac        0     1                 $t.34
c0de70ad c0de70ad       10     1                 USBD_BOSDescriptor
c0de70b8 c0de70b8        0     1                 $d.35
c0de70bc c0de70bc       a8     4         build/nanox/obj/usbd_impl.o:(.text.USBD_CtlError)
c0de70bc c0de70bc        0     1                 $t.36
c0de70bd c0de70bd       a8     1                 USBD_CtlError
c0de714c c0de714c        0     1                 $d.37
c0de7164 c0de7164       a8     4         build/nanox/obj/usbd_impl.o:(.text.USB_power)
c0de7164 c0de7164        0     1                 $t.38
c0de7165 c0de7165       a8     1                 USB_power
c0de71ec c0de71ec        0     1                 $d.39
c0de720c c0de720c       10     4         build/nanox/obj/usbd_impl.o:(.text.USBD_GetCfgDesc_impl)
c0de720c c0de720c        0     1                 $t.40
c0de720d c0de720d       10     1                 USBD_GetCfgDesc_impl
c0de7218 c0de7218        0     1                 $d.41
c0de721c c0de721c       10     4         build/nanox/obj/usbd_impl.o:(.text.USBD_GetDeviceQualifierDesc_impl)
c0de721c c0de721c        0     1                 $t.42
c0de721d c0de721d       10     1                 USBD_GetDeviceQualifierDesc_impl
c0de7228 c0de7228        0     1                 $d.43
c0de722c c0de722c       2c     2         build/nanox/obj/usbd_ioreq.o:(.text.USBD_CtlSendData)
c0de722c c0de722c        0     1                 $t.0
c0de722d c0de722d       2c     1                 USBD_CtlSendData
c0de7258 c0de7258       1c     2         build/nanox/obj/usbd_ioreq.o:(.text.USBD_CtlContinueSendData)
c0de7258 c0de7258        0     1                 $t.1
c0de7259 c0de7259       1c     1                 USBD_CtlContinueSendData
c0de7274 c0de7274        e     2         build/nanox/obj/usbd_ioreq.o:(.text.USBD_CtlContinueRx)
c0de7274 c0de7274        0     1                 $t.3
c0de7275 c0de7275        e     1                 USBD_CtlContinueRx
c0de7282 c0de7282       18     2         build/nanox/obj/usbd_ioreq.o:(.text.USBD_CtlSendStatus)
c0de7282 c0de7282        0     1                 $t.4
c0de7283 c0de7283       18     1                 USBD_CtlSendStatus
c0de729a c0de729a       16     2         build/nanox/obj/usbd_ioreq.o:(.text.USBD_CtlReceiveStatus)
c0de729a c0de729a        0     1                 $t.5
c0de729b c0de729b       16     1                 USBD_CtlReceiveStatus
c0de72b0 c0de72b0      108     4         build/nanox/obj/utils.o:(.text.b58_encode)
c0de72b0 c0de72b0        0     1                 $t.0
c0de72b1 c0de72b1      108     1                 b58_encode
c0de73b4 c0de73b4        0     1                 $d.1
c0de73b8 c0de73b8      104     4         build/nanox/obj/utils.o:(.text.b58_decode)
c0de73b8 c0de73b8        0     1                 $t.2
c0de73b9 c0de73b9      104     1                 b58_decode
c0de74b8 c0de74b8        0     1                 $d.3
c0de74bc c0de74bc       16     2         build/nanox/obj/utils.o:(.text.read_uint32_be)
c0de74bc c0de74bc        0     1                 $t.4
c0de74bd c0de74bd       16     1                 read_uint32_be
c0de74d2 c0de74d2       2c     2         build/nanox/obj/utils.o:(.text.read_uint64_be)
c0de74d2 c0de74d2        0     1                 $t.5
c0de74d3 c0de74d3       2c     1                 read_uint64_be
c0de7500 c0de7500      160     4         build/nanox/obj/utils.o:(.text.amount_to_string)
c0de7500 c0de7500        0     1                 $t.6
c0de7501 c0de7501      160     1                 amount_to_string
c0de765c c0de765c        0     1                 $d.7
c0de7660 c0de7660       a4     2         build/nanox/obj/utils.o:(.text.value_to_string)
c0de7660 c0de7660        0     1                 $t.8
c0de7661 c0de7661       a4     1                 value_to_string
c0de7704 c0de7704       1c     2         build/nanox/obj/utils.o:(.text.packed_bit_array_set)
c0de7704 c0de7704        0     1                 $t.9
c0de7705 c0de7705       1c     1                 packed_bit_array_set
c0de7720 c0de7720       10     2         build/nanox/obj/utils.o:(.text.packed_bit_array_get)
c0de7720 c0de7720        0     1                 $t.10
c0de7721 c0de7721       10     1                 packed_bit_array_get
c0de7730 c0de7730       52     2         build/nanox/obj/utils.o:(.text.read_public_key_compressed)
c0de7730 c0de7730        0     1                 $t.11
c0de7731 c0de7731       52     1                 read_public_key_compressed
c0de7784 c0de7784       5c     4         build/nanox/obj/ux_flow_engine.o:(.text.ux_flow_is_first)
c0de7784 c0de7784        0     1                 $t.0
c0de7785 c0de7785       5c     1                 ux_flow_is_first
c0de77dc c0de77dc        0     1                 $d.1
c0de77e0 c0de77e0       54     4         build/nanox/obj/ux_flow_engine.o:(.text.ux_flow_is_last)
c0de77e0 c0de77e0        0     1                 $t.2
c0de77e1 c0de77e1       54     1                 ux_flow_is_last
c0de7830 c0de7830        0     1                 $d.3
c0de7834 c0de7834       34     4         build/nanox/obj/ux_flow_engine.o:(.text.ux_flow_direction)
c0de7834 c0de7834        0     1                 $t.4
c0de7835 c0de7835       34     1                 ux_flow_direction
c0de7864 c0de7864        0     1                 $d.5
c0de7868 c0de7868       50     4         build/nanox/obj/ux_flow_engine.o:(.text.ux_flow_get_current)
c0de7868 c0de7868        0     1                 $t.6
c0de7869 c0de7869       50     1                 ux_flow_get_current
c0de78b4 c0de78b4        0     1                 $d.7
c0de78b8 c0de78b8       90     4         build/nanox/obj/ux_flow_engine.o:(.text.ux_flow_next_internal)
c0de78b8 c0de78b8        0     1                 $t.9
c0de78b9 c0de78b9       90     1                 ux_flow_next_internal
c0de7944 c0de7944        0     1                 $d.10
c0de7948 c0de7948        a     2         build/nanox/obj/ux_flow_engine.o:(.text.ux_flow_next)
c0de7948 c0de7948        0     1                 $t.11
c0de7949 c0de7949        a     1                 ux_flow_next
c0de7954 c0de7954       78     4         build/nanox/obj/ux_flow_engine.o:(.text.ux_flow_prev)
c0de7954 c0de7954        0     1                 $t.12
c0de7955 c0de7955       78     1                 ux_flow_prev
c0de79c8 c0de79c8        0     1                 $d.13
c0de79cc c0de79cc       7c     4         build/nanox/obj/ux_flow_engine.o:(.text.ux_flow_engine_init_step)
c0de79cc c0de79cc        0     1                 $t.14
c0de79cd c0de79cd       7c     1                 ux_flow_engine_init_step
c0de7a44 c0de7a44        0     1                 $d.15
c0de7a48 c0de7a48       d4     4         build/nanox/obj/ux_flow_engine.o:(.text.ux_flow_validate)
c0de7a48 c0de7a48        0     1                 $t.16
c0de7a49 c0de7a49       d4     1                 ux_flow_validate
c0de7b18 c0de7b18        0     1                 $d.17
c0de7b1c c0de7b1c       8c     4         build/nanox/obj/ux_flow_engine.o:(.text.ux_flow_init)
c0de7b1c c0de7b1c        0     1                 $t.18
c0de7b1d c0de7b1d       8c     1                 ux_flow_init
c0de7ba4 c0de7ba4        0     1                 $d.19
c0de7ba8 c0de7ba8       38     4         build/nanox/obj/ux_flow_engine.o:(.text.ux_flow_button_callback)
c0de7ba8 c0de7ba8        0     1                 $t.24
c0de7ba9 c0de7ba9       38     1                 ux_flow_button_callback
c0de7bd4 c0de7bd4        0     1                 $d.25
c0de7be0 c0de7be0       38     4         build/nanox/obj/ux_flow_engine.o:(.text.ux_stack_get_step_params)
c0de7be0 c0de7be0        0     1                 $t.26
c0de7be1 c0de7be1       38     1                 ux_stack_get_step_params
c0de7c14 c0de7c14        0     1                 $d.27
c0de7c18 c0de7c18       14     4         build/nanox/obj/ux_flow_engine.o:(.text.ux_stack_get_current_step_params)
c0de7c18 c0de7c18        0     1                 $t.28
c0de7c19 c0de7c19       14     1                 ux_stack_get_current_step_params
c0de7c28 c0de7c28        0     1                 $d.29
c0de7c2c c0de7c2c       24     4         build/nanox/obj/ux_flow_engine.o:(.text.ux_flow_relayout)
c0de7c2c c0de7c2c        0     1                 $t.30
c0de7c2d c0de7c2d       24     1                 ux_flow_relayout
c0de7c4c c0de7c4c        0     1                 $d.31
c0de7c50 c0de7c50       40     4         build/nanox/obj/ux_layout_bb.o:(.text.ux_layout_bb_init_common)
c0de7c50 c0de7c50        0     1                 $t.0
c0de7c51 c0de7c51       40     1                 ux_layout_bb_init_common
c0de7c84 c0de7c84        0     1                 $d.1
c0de7c90 c0de7c90       2c     4         build/nanox/obj/ux_layout_bn.o:(.text.ux_layout_bn_prepro)
c0de7c90 c0de7c90        0     1                 $t.0
c0de7c91 c0de7c91       2c     1                 ux_layout_bn_prepro
c0de7cb4 c0de7cb4        0     1                 $d.1
c0de7cbc c0de7cbc       2c     4         build/nanox/obj/ux_layout_bn.o:(.text.ux_layout_bn_init)
c0de7cbc c0de7cbc        0     1                 $t.2
c0de7cbd c0de7cbd       2c     1                 ux_layout_bn_init
c0de7ce0 c0de7ce0        0     1                 $d.3
c0de7ce8 c0de7ce8      158     4         build/nanox/obj/ux_layout_paging.o:(.text.ux_layout_paging_prepro_common)
c0de7ce8 c0de7ce8        0     1                 $t.0
c0de7ce9 c0de7ce9      158     1                 ux_layout_paging_prepro_common
c0de7e28 c0de7e28        0     1                 $d.1
c0de7e40 c0de7e40       60     4         build/nanox/obj/ux_layout_paging.o:(.text.ux_layout_paging_redisplay_common)
c0de7e40 c0de7e40        0     1                 $t.2
c0de7e41 c0de7e41       60     1                 ux_layout_paging_redisplay_common
c0de7e98 c0de7e98        0     1                 $d.3
c0de7ea0 c0de7ea0       28     4         build/nanox/obj/ux_layout_paging.o:(.text.ux_layout_paging_redisplay_by_addr)
c0de7ea0 c0de7ea0        0     1                 $t.4
c0de7ea1 c0de7ea1       28     1                 ux_layout_paging_redisplay_by_addr
c0de7ec0 c0de7ec0        0     1                 $d.5
c0de7ec8 c0de7ec8       88     4         build/nanox/obj/ux_layout_paging.o:(.text.ux_layout_paging_button_callback_by_addr)
c0de7ec8 c0de7ec8        0     1                 $t.6
c0de7ec9 c0de7ec9       88     1                 ux_layout_paging_button_callback_by_addr
c0de7f40 c0de7f40        0     1                 $d.7
c0de7f50 c0de7f50       1a     2         build/nanox/obj/ux_layout_paging.o:(.text.ux_layout_paging_prepro_by_addr)
c0de7f50 c0de7f50        0     1                 $t.8
c0de7f51 c0de7f51       1a     1                 ux_layout_paging_prepro_by_addr
c0de7f6c c0de7f6c       b4     4         build/nanox/obj/ux_layout_paging.o:(.text.ux_layout_paging_init_common)
c0de7f6c c0de7f6c        0     1                 $t.9
c0de7f6d c0de7f6d       b4     1                 ux_layout_paging_init_common
c0de8018 c0de8018        0     1                 $d.10
c0de8020 c0de8020       2c     4         build/nanox/obj/ux_layout_paging.o:(.text.ux_layout_bn_paging_init)
c0de8020 c0de8020        0     1                 $t.21
c0de8021 c0de8021       2c     1                 ux_layout_bn_paging_init
c0de8044 c0de8044        0     1                 $d.22
c0de804c c0de804c      164     4         build/nanox/obj/ux_layout_paging_compute.o:(.text.ux_layout_paging_compute)
c0de804c c0de804c        0     1                 $t.0
c0de804d c0de804d      164     1                 ux_layout_paging_compute
c0de81ac c0de81ac        0     1                 $d.1
c0de81b0 c0de81b0       68     4         build/nanox/obj/ux_layout_pb.o:(.text.ux_layout_pb_prepro)
c0de81b0 c0de81b0        0     1                 $t.0
c0de81b1 c0de81b1       68     1                 ux_layout_pb_prepro
c0de8214 c0de8214        0     1                 $d.1
c0de8218 c0de8218       50     4         build/nanox/obj/ux_layout_pb.o:(.text.ux_layout_pb_init)
c0de8218 c0de8218        0     1                 $t.2
c0de8219 c0de8219       50     1                 ux_layout_pb_init
c0de8258 c0de8258        0     1                 $d.3
c0de8268 c0de8268       74     4         build/nanox/obj/ux_layout_pbb.o:(.text.ux_layout_pbb_prepro)
c0de8268 c0de8268        0     1                 $t.0
c0de8269 c0de8269       74     1                 ux_layout_pbb_prepro
c0de82d8 c0de82d8        0     1                 $d.1
c0de82dc c0de82dc       40     4         build/nanox/obj/ux_layout_pbb.o:(.text.ux_layout_pbb_init_common)
c0de82dc c0de82dc        0     1                 $t.2
c0de82dd c0de82dd       40     1                 ux_layout_pbb_init_common
c0de8310 c0de8310        0     1                 $d.3
c0de831c c0de831c       2c     4         build/nanox/obj/ux_layout_pnn.o:(.text.ux_layout_pnn_prepro)
c0de831c c0de831c        0     1                 $t.0
c0de831d c0de831d       2c     1                 ux_layout_pnn_prepro
c0de8340 c0de8340        0     1                 $d.1
c0de8348 c0de8348       2c     4         build/nanox/obj/ux_layout_pnn.o:(.text.ux_layout_pnn_init)
c0de8348 c0de8348        0     1                 $t.2
c0de8349 c0de8349       2c     1                 ux_layout_pnn_init
c0de836c c0de836c        0     1                 $d.3
c0de8374 c0de8374       64     4         build/nanox/obj/ux_layout_utils.o:(.text.ux_layout_strings_prepro)
c0de8374 c0de8374        0     1                 $t.4
c0de8375 c0de8375       64     1                 ux_layout_strings_prepro
c0de83d4 c0de83d4        0     1                 $d.5
c0de83d8 c0de83d8       30     4         build/nanox/obj/ux_stack.o:(.text.ux_stack_push)
c0de83d8 c0de83d8        0     1                 $t.2
c0de83d9 c0de83d9       30     1                 ux_stack_push
c0de8404 c0de8404        0     1                 $d.3
c0de8408 c0de8408       44     4         build/nanox/obj/ux_stack.o:(.text.ux_stack_redisplay)
c0de8408 c0de8408        0     1                 $t.6
c0de8409 c0de8409       44     1                 ux_stack_redisplay
c0de8448 c0de8448        0     1                 $d.7
c0de844c c0de844c       5c     4         build/nanox/obj/ux_stack.o:(.text.ux_stack_display)
c0de844c c0de844c        0     1                 $t.8
c0de844d c0de844d       5c     1                 ux_stack_display
c0de84a4 c0de84a4        0     1                 $d.9
c0de84a8 c0de84a8       24     4         build/nanox/obj/ux_stack.o:(.text.ux_stack_init)
c0de84a8 c0de84a8        0     1                 $t.14
c0de84a9 c0de84a9       24     1                 ux_stack_init
c0de84c8 c0de84c8        0     1                 $d.15
c0de84cc c0de84cc       d4     4         build/nanox/obj/ux_stack.o:(.text.ux_stack_display_elements)
c0de84cc c0de84cc        0     1                 $t.18
c0de84cd c0de84cd       d4     1                 ux_stack_display_elements
c0de859c c0de859c        0     1                 $d.19
c0de85a0 c0de85a0      114     4         /opt/nanox-secure-sdk/arch/st33/lib/libgcc.a(_udivsi3.o):(.text)
c0de85a0 c0de85a0        0     1                 $t
c0de85a0 c0de85a0        0     1                 .udivsi3_skip_div0_test
c0de85a1 c0de85a1      10a     1                 __udivsi3
c0de85a1 c0de85a1        0     1                 __aeabi_uidiv
c0de86ad c0de86ad        8     1                 __aeabi_uidivmod
c0de86b4 c0de86b4        4     4         /opt/nanox-secure-sdk/arch/st33/lib/libgcc.a(_dvmd_tls.o):(.text)
[...]
c0dec0e8 c0dec0e8       10     1                 ux_sign_tx_flow_memo_step
c0dec0f8 c0dec0f8       10     4         build/nanox/obj/sign_tx_bagl.o:(.rodata.ux_sign_tx_flow_approve_step_validate_step)
c0dec0f8 c0dec0f8       10     1                 ux_sign_tx_flow_approve_step_validate_step
c0dec108 c0dec108        8     4         build/nanox/obj/sign_tx_bagl.o:(.rodata.ux_sign_tx_flow_approve_step_validate)
c0dec108 c0dec108        8     1                 ux_sign_tx_flow_approve_step_validate
c0dec110 c0dec110        8     4         build/nanox/obj/sign_tx_bagl.o:(.rodata.ux_sign_tx_flow_approve_step_val)
c0dec110 c0dec110        8     1                 ux_sign_tx_flow_approve_step_val
c0dec118 c0dec118       10     4         build/nanox/obj/sign_tx_bagl.o:(.rodata.ux_sign_tx_flow_approve_step)
c0dec118 c0dec118       10     1                 ux_sign_tx_flow_approve_step
c0dec128 c0dec128       10     4         build/nanox/obj/sign_tx_bagl.o:(.rodata.ux_sign_tx_flow_reject_step_validate_step)
c0dec128 c0dec128       10     1                 ux_sign_tx_flow_reject_step_validate_step
c0dec138 c0dec138        8     4         build/nanox/obj/sign_tx_bagl.o:(.rodata.ux_sign_tx_flow_reject_step_validate)
c0dec138 c0dec138        8     1                 ux_sign_tx_flow_reject_step_validate
c0dec140 c0dec140        8     4         build/nanox/obj/sign_tx_bagl.o:(.rodata.ux_sign_tx_flow_reject_step_val)
c0dec140 c0dec140        8     1                 ux_sign_tx_flow_reject_step_val
c0dec148 c0dec148       10     4         build/nanox/obj/sign_tx_bagl.o:(.rodata.ux_sign_tx_flow_reject_step)
c0dec148 c0dec148       10     1                 ux_sign_tx_flow_reject_step
c0dec158 c0dec158       30     4         build/nanox/obj/sign_tx_bagl.o:(.rodata.ux_sign_tx_flow_testnet_payment_0_0)
c0dec158 c0dec158       30     1                 ux_sign_tx_flow_testnet_payment_0_0
c0dec188 c0dec188       34     4         build/nanox/obj/sign_tx_bagl.o:(.rodata.ux_sign_tx_flow_testnet_payment_0_memo)
c0dec188 c0dec188       34     1                 ux_sign_tx_flow_testnet_payment_0_memo
c0dec1bc c0dec1bc       34     4         build/nanox/obj/sign_tx_bagl.o:(.rodata.ux_sign_tx_flow_testnet_payment_valid_until_0)
c0dec1bc c0dec1bc       34     1                 ux_sign_tx_flow_testnet_payment_valid_until_0
c0dec1f0 c0dec1f0       38     4         build/nanox/obj/sign_tx_bagl.o:(.rodata.ux_sign_tx_flow_testnet_payment_valid_until_memo)
c0dec1f0 c0dec1f0       38     1                 ux_sign_tx_flow_testnet_payment_valid_until_memo
c0dec228 c0dec228       28     4         build/nanox/obj/sign_tx_bagl.o:(.rodata.ux_sign_tx_flow_testnet_delegation_0_0)
c0dec228 c0dec228       28     1                 ux_sign_tx_flow_testnet_delegation_0_0
c0dec250 c0dec250       2c     4         build/nanox/obj/sign_tx_bagl.o:(.rodata.ux_sign_tx_flow_testnet_delegation_0_memo)
c0dec250 c0dec250       2c     1                 ux_sign_tx_flow_testnet_delegation_0_memo
c0dec27c c0dec27c       2c     4         build/nanox/obj/sign_tx_bagl.o:(.rodata.ux_sign_tx_flow_testnet_delegation_valid_until_0)
c0dec27c c0dec27c       2c     1                 ux_sign_tx_flow_testnet_delegation_valid_until_0
c0dec2a8 c0dec2a8       30     4         build/nanox/obj/sign_tx_bagl.o:(.rodata.ux_sign_tx_flow_testnet_delegation_valid_until_memo)
c0dec2a8 c0dec2a8       30     1                 ux_sign_tx_flow_testnet_delegation_valid_until_memo
c0dec2d8 c0dec2d8       2c     4         build/nanox/obj/sign_tx_bagl.o:(.rodata.ux_sign_tx_flow_mainnet_payment_0_0)
c0dec2d8 c0dec2d8       2c     1                 ux_sign_tx_flow_mainnet_payment_0_0
c0dec304 c0dec304       30     4         build/nanox/obj/sign_tx_bagl.o:(.rodata.ux_sign_tx_flow_mainnet_payment_0_memo)
c0dec304 c0dec304       30     1                 ux_sign_tx_flow_mainnet_payment_0_memo
c0dec334 c0dec334       30     4         build/nanox/obj/sign_tx_bagl.o:(.rodata.ux_sign_tx_flow_mainnet_payment_valid_until_0)
c0dec334 c0dec334       30     1                 ux_sign_tx_flow_mainnet_payment_valid_until_0
c0dec364 c0dec364       34     4         build/nanox/obj/sign_tx_bagl.o:(.rodata.ux_sign_tx_flow_mainnet_payment_valid_until_memo)
c0dec364 c0dec364       34     1                 ux_sign_tx_flow_mainnet_payment_valid_until_memo
c0dec398 c0dec398       24     4         build/nanox/obj/sign_tx_bagl.o:(.rodata.ux_sign_tx_flow_mainnet_delegation_0_0)
c0dec398 c0dec398       24     1                 ux_sign_tx_flow_mainnet_delegation_0_0
c0dec3bc c0dec3bc       28     4         build/nanox/obj/sign_tx_bagl.o:(.rodata.ux_sign_tx_flow_mainnet_delegation_0_memo)
c0dec3bc c0dec3bc       28     1                 ux_sign_tx_flow_mainnet_delegation_0_memo
c0dec3e4 c0dec3e4       28     4         build/nanox/obj/sign_tx_bagl.o:(.rodata.ux_sign_tx_flow_mainnet_delegation_valid_until_0)
c0dec3e4 c0dec3e4       28     1                 ux_sign_tx_flow_mainnet_delegation_valid_until_0
c0dec40c c0dec40c       2c     4         build/nanox/obj/sign_tx_bagl.o:(.rodata.ux_sign_tx_flow_mainnet_delegation_valid_until_memo)
c0dec40c c0dec40c       2c     1                 ux_sign_tx_flow_mainnet_delegation_valid_until_memo
c0dec438 c0dec438       2e     4         <internal>:(.text)
c0dec468 c0dec468       40     4         build/nanox/obj/sign_tx_bagl.o:(.rodata.ux_sign_tx_flow)
c0dec468 c0dec468       40     1                 ux_sign_tx_flow
c0dec4a8 c0dec4a8        c     4         build/nanox/obj/sign_tx_bagl.o:(.rodata..Lstr)
c0dec4a8 c0dec4a8        c     1                 .Lstr
c0dec4b4 c0dec4b4        b     4         build/nanox/obj/sign_tx_bagl.o:(.rodata..Lstr.20)
c0dec4b4 c0dec4b4        b     1                 .Lstr.20
c0dec4bf c0dec4bf        2     1         build/nanox/obj/u2f_impl.o:(.rodata.SW_INTERNAL)
c0dec4bf c0dec4bf        2     1                 SW_INTERNAL
c0dec4c1 c0dec4c1        2     1         build/nanox/obj/u2f_impl.o:(.rodata.SW_BUSY)
c0dec4c1 c0dec4c1        2     1                 SW_BUSY
c0dec4c3 c0dec4c3        2     1         build/nanox/obj/u2f_impl.o:(.rodata.SW_WRONG_LENGTH)
c0dec4c3 c0dec4c3        2     1                 SW_WRONG_LENGTH
c0dec4c5 c0dec4c5        2     1         build/nanox/obj/u2f_impl.o:(.rodata.SW_PROOF_OF_PRESENCE_REQUIRED)
c0dec4c5 c0dec4c5        2     1                 SW_PROOF_OF_PRESENCE_REQUIRED
c0dec4c7 c0dec4c7        6     1         build/nanox/obj/u2f_impl.o:(.rodata..L.str)
c0dec4c7 c0dec4c7        6     1                 .L.str
c0dec4cd c0dec4cd        2     1         build/nanox/obj/u2f_impl.o:(.rodata.SW_BAD_KEY_HANDLE)
c0dec4cd c0dec4cd        2     1                 SW_BAD_KEY_HANDLE
c0dec4cf c0dec4cf        8     1         build/nanox/obj/u2f_impl.o:(.rodata.U2F_VERSION)
c0dec4cf c0dec4cf        8     1                 U2F_VERSION
c0dec4d7 c0dec4d7        4     1         build/nanox/obj/u2f_impl.o:(.rodata.INFO)
c0dec4d7 c0dec4d7        4     1                 INFO
c0dec4db c0dec4db        2     1         build/nanox/obj/u2f_impl.o:(.rodata.SW_UNKNOWN_CLASS)
c0dec4db c0dec4db        2     1                 SW_UNKNOWN_CLASS
c0dec4dd c0dec4dd        2     1         build/nanox/obj/u2f_impl.o:(.rodata.SW_UNKNOWN_INSTRUCTION)
c0dec4dd c0dec4dd        2     1                 SW_UNKNOWN_INSTRUCTION
c0dec4e0 c0dec4e0        9     4         build/nanox/obj/usbd_impl.o:(.rodata.USBD_HID_Desc_fido)
c0dec4e0 c0dec4e0        9     1                 USBD_HID_Desc_fido
c0dec4ec c0dec4ec        9     4         build/nanox/obj/usbd_impl.o:(.rodata.USBD_HID_Desc)
c0dec4ec c0dec4ec        9     1                 USBD_HID_Desc
c0dec4f5 c0dec4f5       22     1         build/nanox/obj/usbd_impl.o:(.rodata.HID_ReportDesc_fido)
c0dec4f5 c0dec4f5       22     1                 HID_ReportDesc_fido
c0dec517 c0dec517       22     1         build/nanox/obj/usbd_impl.o:(.rodata.HID_ReportDesc)
c0dec517 c0dec517       22     1                 HID_ReportDesc
c0dec539 c0dec539       17     1         build/nanox/obj/usbd_impl.o:(.rodata.C_webusb_url_descriptor)
c0dec539 c0dec539       17     1                 C_webusb_url_descriptor
c0dec550 c0dec550       39     1         build/nanox/obj/usbd_impl.o:(.rodata.C_usb_bos)
c0dec550 c0dec550       39     1                 C_usb_bos
c0dec58c c0dec58c       20     4         build/nanox/obj/usbd_impl.o:(.rodata.HID_Desc)
c0dec58c c0dec58c       20     1                 HID_Desc
c0dec5ac c0dec5ac       12     1         build/nanox/obj/usbd_impl.o:(.rodata.C_winusb_string_descriptor)
c0dec5ac c0dec5ac       12     1                 C_winusb_string_descriptor
c0dec5be c0dec5be       92     1         build/nanox/obj/usbd_impl.o:(.rodata.C_winusb_guid)
c0dec5be c0dec5be       92     1                 C_winusb_guid
c0dec650 c0dec650       b2     1         build/nanox/obj/usbd_impl.o:(.rodata.C_winusb_request_descriptor)
c0dec650 c0dec650       b2     1                 C_winusb_request_descriptor
c0dec704 c0dec704       38     4         build/nanox/obj/usbd_impl.o:(.rodata.USBD_HID)
c0dec704 c0dec704       38     1                 USBD_HID
c0dec73c c0dec73c       38     4         build/nanox/obj/usbd_impl.o:(.rodata.USBD_U2F)
c0dec73c c0dec73c       38     1                 USBD_U2F
c0dec774 c0dec774       38     4         build/nanox/obj/usbd_impl.o:(.rodata.USBD_WEBUSB)
c0dec774 c0dec774       38     1                 USBD_WEBUSB
c0dec7ac c0dec7ac       12     1         build/nanox/obj/usbd_impl.o:(.rodata.USBD_DeviceDesc)
c0dec7ac c0dec7ac       12     1                 USBD_DeviceDesc
c0dec7be c0dec7be        4     1         build/nanox/obj/usbd_impl.o:(.rodata.USBD_LangIDDesc)
c0dec7be c0dec7be        4     1                 USBD_LangIDDesc
c0dec7c2 c0dec7c2        e     1         build/nanox/obj/usbd_impl.o:(.rodata.USBD_MANUFACTURER_STRING)
c0dec7c2 c0dec7c2        e     1                 USBD_MANUFACTURER_STRING
c0dec7d0 c0dec7d0        e     1         build/nanox/obj/usbd_impl.o:(.rodata.USBD_PRODUCT_FS_STRING)
c0dec7d0 c0dec7d0        e     1                 USBD_PRODUCT_FS_STRING
c0dec7de c0dec7de        a     1         build/nanox/obj/usbd_impl.o:(.rodata.USB_SERIAL_STRING)
c0dec7de c0dec7de        a     1                 USB_SERIAL_STRING
c0dec7e8 c0dec7e8       28     1         build/nanox/obj/usbd_impl.o:(.rodata.C_winusb_wcid)
c0dec7e8 c0dec7e8       28     1                 C_winusb_wcid
c0dec810 c0dec810       60     4         build/nanox/obj/usbd_impl.o:(.rodata.USBD_CfgDesc)
c0dec810 c0dec810       60     1                 USBD_CfgDesc
c0dec870 c0dec870        a     4         build/nanox/obj/usbd_impl.o:(.rodata.USBD_DeviceQualifierDesc)
c0dec870 c0dec870        a     1                 USBD_DeviceQualifierDesc
c0dec87a c0dec87a       3a     1         build/nanox/obj/utils.o:(.rodata.B58_ALPHABET)
c0dec87a c0dec87a       3a     1                 B58_ALPHABET
c0dec8b4 c0dec8b4       80     1         build/nanox/obj/utils.o:(.rodata.BASE58_TABLE)
c0dec8b4 c0dec8b4       80     1                 BASE58_TABLE
c0dec934 c0dec934       a0     4         build/nanox/obj/ux_layout_bb.o:(.rodata.ux_layout_bb_elements)
c0dec934 c0dec934       a0     1                 ux_layout_bb_elements
c0dec9d4 c0dec9d4       e0     4         build/nanox/obj/ux_layout_paging.o:(.rodata.ux_layout_paging_elements)
c0dec9d4 c0dec9d4       e0     1                 ux_layout_paging_elements
c0decab4 c0decab4       a0     4         build/nanox/obj/ux_layout_pb.o:(.rodata.ux_layout_pb_elements)
c0decab4 c0decab4       a0     1                 ux_layout_pb_elements
c0decb54 c0decb54       c0     4         build/nanox/obj/ux_layout_pbb.o:(.rodata.ux_layout_pbb_elements)
c0decb54 c0decb54       c0     1                 ux_layout_pbb_elements
c0decc14 c0decc14        0     1         . = ALIGN ( 4 )
c0decc14 c0decc14        0     1         _etext = .
c0decc14 c0decc14       ec     1         . = ALIGN ( PAGE_SIZE )
c0decd00 c0decd00        0     1         _nvram_data = .
c0decd00 c0decd00        1     1         build/nanox/obj/globals.o:(.rodata.N_storage_real)
c0decd00 c0decd00        1     1                 N_storage_real
c0decd01 c0decd01       ff     1         . = ALIGN ( PAGE_SIZE )
c0dece00 c0dece00        0     1         _envram_data = .
c0dece00 c0dece00        0     1         _install_parameters = .
c0dece00 c0dece00        0     1         _nvram_end = .
d0000000 d0000000        0     1 .data
d0000000 d0000000        0     1         . = ALIGN ( 4 )
d0000000 d0000000        0     1         _data = .
d0000000 d0000000        0     1         _edata = .
da7a0000 da7a0000     111c     8 .bss
da7a0000 da7a0000        0     1         _bss = .
da7a0000 da7a0000        0     1         __stack_chk_guard = .
da7a0000 da7a0000        4     1         . += 4
da7a0004 da7a0004       38     4         build/nanox/obj/get_address_bagl.o:(.bss._address)
da7a0004 da7a0004       38     1                 _address
da7a003c da7a003c       1b     4         build/nanox/obj/get_address_bagl.o:(.bss._bip44_path)
da7a003c da7a003c       1b     1                 _bip44_path
da7a0057 da7a0057        1     1         build/nanox/obj/get_address_bagl.o:(.bss._generated)
da7a0057 da7a0057        1     1                 _generated
da7a0058 da7a0058        4     4         build/nanox/obj/get_address_bagl.o:(.bss._account)
da7a0058 da7a0058        4     1                 _account
da7a005c da7a005c      114     4         build/nanox/obj/globals.o:(.bss.G_ux)
da7a005c da7a005c      114     1                 G_ux
da7a0170 da7a0170       20     4         build/nanox/obj/globals.o:(.bss.G_ux_params)
da7a0170 da7a0170       20     1                 G_ux_params
da7a0190 da7a0190      1b0     4         build/nanox/obj/ledger_ble.o:(.bss.ledger_ble_data)
da7a0190 da7a0190      1b0     1                 ledger_ble_data
da7a0340 da7a0340       c0     4         build/nanox/obj/ledger_ble.o:(.bss.ledger_protocol_data)
da7a0340 da7a0340       c0     1                 ledger_protocol_data
da7a0400 da7a0400        4     4         build/nanox/obj/ledger_protocol.o:(.bss.ledger_protocol)
da7a0400 da7a0400        4     1                 ledger_protocol
da7a0404 da7a0404      12c     1         build/nanox/obj/main.o:(.bss.G_io_seproxyhal_spi_buffer)
da7a0404 da7a0404      12c     1                 G_io_seproxyhal_spi_buffer
da7a0530 da7a0530      151     1         build/nanox/obj/os.o:(.bss.G_io_apdu_buffer)
da7a0530 da7a0530      151     1                 G_io_apdu_buffer
da7a0684 da7a0684       2c     4         build/nanox/obj/os_io_seproxyhal.o:(.bss.G_io_app)
da7a0684 da7a0684       2c     1                 G_io_app
da7a06b0 da7a06b0        8     4         build/nanox/obj/os_io_seproxyhal.o:(.bss.G_ux_os)
da7a06b0 da7a06b0        8     1                 G_ux_os
da7a06b8 da7a06b8       44     4         build/nanox/obj/os_io_seproxyhal.o:(.bss.G_io_u2f)
da7a06b8 da7a06b8       44     1                 G_io_u2f
da7a06fc da7a06fc       40     1         build/nanox/obj/os_io_seproxyhal.o:(.bss.G_io_usb_ep_buffer)
da7a06fc da7a06fc       40     1                 G_io_usb_ep_buffer
da7a073c da7a073c        4     4         build/nanox/obj/os_io_task.o:(.bss.G_io_asynch_ux_callback)
da7a073c da7a073c        4     1                 G_io_asynch_ux_callback
da7a0740 da7a0740        4     4         build/nanox/obj/os_io_usb.o:(.bss.G_io_usb_hid_sequence_number)
da7a0740 da7a0740        4     1                 G_io_usb_hid_sequence_number
da7a0744 da7a0744        4     4         build/nanox/obj/os_io_usb.o:(.bss.G_io_usb_hid_total_length)
da7a0744 da7a0744        4     1                 G_io_usb_hid_total_length
da7a0748 da7a0748        4     4         build/nanox/obj/os_io_usb.o:(.bss.G_io_usb_hid_remaining_length)
da7a0748 da7a0748        4     1                 G_io_usb_hid_remaining_length
da7a074c da7a074c        4     4         build/nanox/obj/os_io_usb.o:(.bss.G_io_usb_hid_current_buffer)
da7a074c da7a074c        4     1                 G_io_usb_hid_current_buffer
da7a0750 da7a0750        4     4         build/nanox/obj/os_io_usb.o:(.bss.G_io_usb_hid_channel)
da7a0750 da7a0750        4     1                 G_io_usb_hid_channel
da7a0754 da7a0754      14f     4         build/nanox/obj/sign_tx_bagl.o:(.bss._ui)
da7a0754 da7a0754      14f     1                 _ui
da7a08a8 da7a08a8      178     8         build/nanox/obj/sign_tx_bagl.o:(.bss._tx)
da7a08a8 da7a08a8      178     1                 _tx
da7a0a20 da7a0a20        4     4         build/nanox/obj/usbd_conf.o:(.bss.ep_in_stall)
da7a0a20 da7a0a20        4     1                 ep_in_stall
da7a0a24 da7a0a24        4     4         build/nanox/obj/usbd_conf.o:(.bss.ep_out_stall)
da7a0a24 da7a0a24        4     1                 ep_out_stall
da7a0a28 da7a0a28      114     4         build/nanox/obj/usbd_core.o:(.bss.USBD_Device)
da7a0a28 da7a0a28      114     1                 USBD_Device
da7a0b3c da7a0b3c        0     1         _ebss = .
da7a0b3c da7a0b3c        0     1         . = ALIGN ( 4 )
da7a0b3c da7a0b3c        0     1         app_stack_canary = .
da7a0b3c da7a0b3c        4     1         . += 4
da7a0b40 da7a0b40        0     1         _stack_validation = .
da7a0b40 da7a0b40      5dc     1         . = _stack_validation + STACK_SIZE
da7a111c da7a111c        0     1         _stack = ABSOLUTE ( END_STACK ) - STACK_SIZE
da7a111c da7a111c        0     1         _estack = ABSOLUTE ( END_STACK )
       0        0       30     1 .comment
       0        0       30     1         <internal>:(.comment)
       0        0      294     4 .debug_frame
       0        0       20     4         /opt/nanox-secure-sdk/arch/st33/lib/libgcc.a(_udivsi3.o):(.debug_frame)
      10       10        0     1                 $d
      20       20       34     4         /opt/nanox-secure-sdk/arch/st33/lib/libgcc.a(_muldi3.o):(.debug_frame)
      54       54       3c     4         /opt/nanox-secure-sdk/arch/st33/lib/libgcc.a(_udivmoddi4.o):(.debug_frame)
      90       90       28     4         /opt/nanox-secure-sdk/arch/st33/lib/libc.a(lib_a-aeabi_memclr.o):(.debug_frame)
      b8       b8       28     4         /opt/nanox-secure-sdk/arch/st33/lib/libc.a(lib_a-aeabi_memcpy.o):(.debug_frame)
      e0       e0       28     4         /opt/nanox-secure-sdk/arch/st33/lib/libc.a(lib_a-aeabi_memmove.o):(.debug_frame)
     108      108       28     4         /opt/nanox-secure-sdk/arch/st33/lib/libc.a(lib_a-aeabi_memset.o):(.debug_frame)
     130      130       28     4         /opt/nanox-secure-sdk/arch/st33/lib/libc.a(lib_a-explicit_bzero.o):(.debug_frame)
     158      158       28     4         /opt/nanox-secure-sdk/arch/st33/lib/libc.a(lib_a-bzero.o):(.debug_frame)
     180      180       2c     4         /opt/nanox-secure-sdk/arch/st33/lib/libc.a(lib_a-memcmp.o):(.debug_frame)
     1ac      1ac       34     4         /opt/nanox-secure-sdk/arch/st33/lib/libc.a(lib_a-memcpy-stub.o):(.debug_frame)
     1e0      1e0       34     4         /opt/nanox-secure-sdk/arch/st33/lib/libc.a(lib_a-memmove.o):(.debug_frame)
     214      214       30     4         /opt/nanox-secure-sdk/arch/st33/lib/libc.a(lib_a-memset.o):(.debug_frame)
     244      244       28     4         /opt/nanox-secure-sdk/arch/st33/lib/libc.a(lib_a-strlen-stub.o):(.debug_frame)
     26c      26c       28     4         /opt/nanox-secure-sdk/arch/st33/lib/libc.a(lib_a-strnlen.o):(.debug_frame)
da7a111c da7a111c        0     1 PROVIDE ( _nvram = ABSOLUTE ( _nvram_start ) )
da7a111c da7a111c        0     1 PROVIDE ( _envram = ABSOLUTE ( _nvram_end ) )
       0        0       45     1 .ARM.attributes
       0        0       45     1         build/nanox/obj/bagl.o:(.ARM.attributes)
       0        0     4ae0     4 .symtab
       0        0     4ae0     4         <internal>:(.symtab)
       0        0       52     1 .shstrtab
       0        0       52     1         <internal>:(.shstrtab)
       0        0     34b0     1 .strtab
       0        0     34b0     1         <internal>:(.strtab)
