     VMA      LMA     Size Align Out     In      Symbol
       0        0        0     1 PAGE_SIZE = 512
       0        0        0     1 STACK_SIZE = 1500
       0        0        0     1 END_STACK = ORIGIN ( SRAM ) + LENGTH ( SRAM )
c0de0000 c0de0000     b000     4 .text
c0de0000 c0de0000        0     1         _text = .
c0de0000 c0de0000        0     1         _nvram_start = .
c0de0000 c0de0000       8c     4         build/nanos2/obj/main.o:(.boot)
c0de0000 c0de0000        0     1                 $t.12
c0de0001 c0de0001       8c     1                 main
c0de0088 c0de0088        0     1                 $d.13
c0de008c c0de008c      5e4     4         build/nanos2/obj/bagl.o:(.text.bagl_draw_with_context)
c0de008c c0de008c        0     1                 $t.1
c0de008d c0de008d      5e4     1                 bagl_draw_with_context
c0de04cc c0de04cc        0     1                 $d.2
c0de04d0 c0de04d0        0     1                 $t.3
c0de066c c0de066c        0     1                 $d.4
c0de0670 c0de0670       48     4         build/nanos2/obj/bagl.o:(.text.bagl_get_font)
c0de0670 c0de0670        0     1                 $t.5
c0de0671 c0de0671       48     1                 bagl_get_font
c0de06b0 c0de06b0        0     1                 $d.6
c0de06b8 c0de06b8       30     2         build/nanos2/obj/bagl.o:(.text.bagl_compute_line_width)
c0de06b8 c0de06b8        0     1                 $t.7
c0de06b9 c0de06b9       30     1                 bagl_compute_line_width
c0de06e8 c0de06e8      1e8     4         build/nanos2/obj/bagl.o:(.text.bagl_draw_string)
c0de06e8 c0de06e8        0     1                 $t.8
c0de06e9 c0de06e9      1e8     1                 bagl_draw_string
c0de08d0 c0de08d0      3b4     4         build/nanos2/obj/bagl.o:(.text.bagl_draw_circle_helper)
c0de08d0 c0de08d0        0     1                 $t.9
c0de08d1 c0de08d1      3b4     1                 bagl_draw_circle_helper
c0de0c84 c0de0c84       62     2         build/nanos2/obj/bagl.o:(.text.bagl_draw_glyph)
c0de0c84 c0de0c84        0     1                 $t.10
c0de0c85 c0de0c85       62     1                 bagl_draw_glyph
c0de0ce6 c0de0ce6        a     2         build/nanos2/obj/crypto.o:(.text.field_copy)
c0de0ce6 c0de0ce6        0     1                 $t.0
c0de0ce7 c0de0ce7        a     1                 field_copy
c0de0cf0 c0de0cf0       24     4         build/nanos2/obj/crypto.o:(.text.field_add)
c0de0cf0 c0de0cf0        0     1                 $t.1
c0de0cf1 c0de0cf1       24     1                 field_add
c0de0d10 c0de0d10        0     1                 $d.2
c0de0d14 c0de0d14       24     4         build/nanos2/obj/crypto.o:(.text.field_sub)
c0de0d14 c0de0d14        0     1                 $t.3
c0de0d15 c0de0d15       24     1                 field_sub
c0de0d34 c0de0d34        0     1                 $d.4
c0de0d38 c0de0d38       24     4         build/nanos2/obj/crypto.o:(.text.field_mul)
c0de0d38 c0de0d38        0     1                 $t.5
c0de0d39 c0de0d39       24     1                 field_mul
c0de0d58 c0de0d58        0     1                 $d.6
c0de0d5c c0de0d5c       24     4         build/nanos2/obj/crypto.o:(.text.field_sq)
c0de0d5c c0de0d5c        0     1                 $t.7
c0de0d5d c0de0d5d       24     1                 field_sq
c0de0d7c c0de0d7c        0     1                 $d.8
c0de0d80 c0de0d80       18     4         build/nanos2/obj/crypto.o:(.text.field_inv)
c0de0d80 c0de0d80        0     1                 $t.9
c0de0d81 c0de0d81       18     1                 field_inv
c0de0d94 c0de0d94        0     1                 $d.10
c0de0d98 c0de0d98       28     4         build/nanos2/obj/crypto.o:(.text.field_pow)
c0de0d98 c0de0d98        0     1                 $t.13
c0de0d99 c0de0d99       28     1                 field_pow
c0de0dbc c0de0dbc        0     1                 $d.14
c0de0dc0 c0de0dc0       24     4         build/nanos2/obj/crypto.o:(.text.scalar_add)
c0de0dc0 c0de0dc0        0     1                 $t.18
c0de0dc1 c0de0dc1       24     1                 scalar_add
c0de0de0 c0de0de0        0     1                 $d.19
c0de0de4 c0de0de4       24     4         build/nanos2/obj/crypto.o:(.text.scalar_mul)
c0de0de4 c0de0de4        0     1                 $t.22
c0de0de5 c0de0de5       24     1                 scalar_mul
c0de0e04 c0de0e04        0     1                 $d.23
c0de0e08 c0de0e08       2c     4         build/nanos2/obj/crypto.o:(.text.scalar_negate)
c0de0e08 c0de0e08        0     1                 $t.26
c0de0e09 c0de0e09       2c     1                 scalar_negate
c0de0e2c c0de0e2c        0     1                 $d.27
c0de0e34 c0de0e34      108     4         build/nanos2/obj/crypto.o:(.text.group_dbl)
c0de0e34 c0de0e34        0     1                 $t.36
c0de0e35 c0de0e35      108     1                 group_dbl
c0de0f28 c0de0f28        0     1                 $d.37
c0de0f3c c0de0f3c      1a0     4         build/nanos2/obj/crypto.o:(.text.group_add)
c0de0f3c c0de0f3c        0     1                 $t.38
c0de0f3d c0de0f3d      1a0     1                 group_add
c0de10d4 c0de10d4        0     1                 $d.39
c0de10dc c0de10dc       94     4         build/nanos2/obj/crypto.o:(.text.group_scalar_mul)
c0de10dc c0de10dc        0     1                 $t.41
c0de10dd c0de10dd       94     1                 group_scalar_mul
c0de1164 c0de1164        0     1                 $d.42
c0de1170 c0de1170       80     4         build/nanos2/obj/crypto.o:(.text.affine_to_group)
c0de1170 c0de1170        0     1                 $t.47
c0de1171 c0de1171       80     1                 affine_to_group
c0de11e0 c0de11e0        0     1                 $d.48
c0de11f0 c0de11f0       6c     4         build/nanos2/obj/crypto.o:(.text.affine_from_group)
c0de11f0 c0de11f0        0     1                 $t.49
c0de11f1 c0de11f1       6c     1                 affine_from_group
c0de1258 c0de1258        0     1                 $d.50
c0de125c c0de125c       2a     2         build/nanos2/obj/crypto.o:(.text.affine_scalar_mul)
c0de125c c0de125c        0     1                 $t.51
c0de125d c0de125d       2a     1                 affine_scalar_mul
c0de1288 c0de1288       58     4         build/nanos2/obj/crypto.o:(.text.generate_keypair)
c0de1288 c0de1288        0     1                 $t.58
c0de1289 c0de1289       58     1                 generate_keypair
c0de12d4 c0de12d4        0     1                 $d.59
c0de12e0 c0de12e0       84     4         build/nanos2/obj/crypto.o:(.text.generate_address)
c0de12e0 c0de12e0        0     1                 $t.60
c0de12e1 c0de12e1       84     1                 generate_address
c0de1364 c0de1364       80     2         build/nanos2/obj/crypto.o:(.text.validate_address)
c0de1364 c0de1364        0     1                 $t.61
c0de1365 c0de1365       80     1                 validate_address
c0de13e4 c0de13e4       a6     4         build/nanos2/obj/crypto.o:(.text.message_derive)
c0de13e4 c0de13e4        0     1                 $t.62
c0de13e5 c0de13e5       a6     1                 message_derive
c0de148a c0de148a       42     2         build/nanos2/obj/crypto.o:(.text.message_hash)
c0de148a c0de148a        0     1                 $t.63
c0de148b c0de148b       42     1                 message_hash
c0de14cc c0de14cc      108     4         build/nanos2/obj/crypto.o:(.text.sign)
c0de14cc c0de14cc        0     1                 $t.64
c0de14cd c0de14cd      108     1                 sign
c0de15d0 c0de15d0        0     1                 $d.65
c0de15d4 c0de15d4        8     2         build/nanos2/obj/cx_stubs.o:(.text.cx_blake2b_init_no_throw)
c0de15d4 c0de15d4        0     1                 $t
c0de15d5 c0de15d5        0     1                 cx_blake2b_init_no_throw
c0de15dc c0de15dc        8     2         build/nanos2/obj/cx_stubs.o:(.text.cx_crc16_update)
c0de15dc c0de15dc        0     1                 $t
c0de15dd c0de15dd        0     1                 cx_crc16_update
c0de15e4 c0de15e4        8     2         build/nanos2/obj/cx_stubs.o:(.text.cx_hash_get_size)
c0de15e4 c0de15e4        0     1                 $t
c0de15e5 c0de15e5        0     1                 cx_hash_get_size
c0de15ec c0de15ec        8     2         build/nanos2/obj/cx_stubs.o:(.text.cx_hash_no_throw)
c0de15ec c0de15ec        0     1                 $t
c0de15ed c0de15ed        0     1                 cx_hash_no_throw
c0de15f4 c0de15f4        8     2         build/nanos2/obj/cx_stubs.o:(.text.cx_hash_sha256)
c0de15f4 c0de15f4        0     1                 $t
c0de15f5 c0de15f5        0     1                 cx_hash_sha256
c0de15fc c0de15fc        8     2         build/nanos2/obj/cx_stubs.o:(.text.cx_math_addm_no_throw)
c0de15fc c0de15fc        0     1                 $t
c0de15fd c0de15fd        0     1                 cx_math_addm_no_throw
c0de1604 c0de1604        8     2         build/nanos2/obj/cx_stubs.o:(.text.cx_math_invprimem_no_throw)
c0de1604 c0de1604        0     1                 $t
c0de1605 c0de1605        0     1                 cx_math_invprimem_no_throw
c0de160c c0de160c        8     2         build/nanos2/obj/cx_stubs.o:(.text.cx_math_multm_no_throw)
c0de160c c0de160c        0     1                 $t
c0de160d c0de160d        0     1                 cx_math_multm_no_throw
c0de1614 c0de1614        8     2         build/nanos2/obj/cx_stubs.o:(.text.cx_math_powm_no_throw)
c0de1614 c0de1614        0     1                 $t
c0de1615 c0de1615        0     1                 cx_math_powm_no_throw
c0de161c c0de161c        8     2         build/nanos2/obj/cx_stubs.o:(.text.cx_math_subm_no_throw)
c0de161c c0de161c        0     1                 $t
c0de161d c0de161d        0     1                 cx_math_subm_no_throw
c0de1624 c0de1624        8     2         build/nanos2/obj/cx_stubs.o:(.text.cx_rng_no_throw)
c0de1624 c0de1624        0     1                 $t
c0de1625 c0de1625        0     1                 cx_rng_no_throw
c0de162c c0de162c       10     4         build/nanos2/obj/cx_stubs.o:(.text.cx_x448)
c0de162c c0de162c        0     1                 $t
c0de162d c0de162d        0     1                 cx_x448
c0de1635 c0de1635        0     1                 cx_trampoline_helper
c0de1638 c0de1638        0     1                 $d
c0de163c c0de163c       1e     2         build/nanos2/obj/get_address.o:(.text.handle_get_address)
c0de163c c0de163c        0     1                 $t.0
c0de163d c0de163d       1e     1                 handle_get_address
c0de165a c0de165a       12     2         build/nanos2/obj/get_address_bagl.o:(.text.ux_get_address_result_flow_address_step_init)
c0de165a c0de165a        0     1                 $t.0
c0de165b c0de165b       12     1                 ux_get_address_result_flow_address_step_init
c0de166c c0de166c       80     4         build/nanos2/obj/get_address_bagl.o:(.text.gen_address)
c0de166c c0de166c        0     1                 $t.1
c0de166d c0de166d       80     1                 gen_address
c0de16e0 c0de16e0        0     1                 $d.2
c0de16ec c0de16ec       24     4         build/nanos2/obj/get_address_bagl.o:(.text.ux_get_address_result_flow_approve_step_validateinit)
c0de16ec c0de16ec        0     1                 $t.3
c0de16ed c0de16ed       24     1                 ux_get_address_result_flow_approve_step_validateinit
c0de1708 c0de1708        0     1                 $d.4
c0de1710 c0de1710        8     2         build/nanos2/obj/get_address_bagl.o:(.text.ux_get_address_result_flow_reject_step_validateinit)
c0de1710 c0de1710        0     1                 $t.5
c0de1711 c0de1711        8     1                 ux_get_address_result_flow_reject_step_validateinit
c0de1718 c0de1718       10     4         build/nanos2/obj/get_address_bagl.o:(.text.ux_get_address_flow_generate_step_validateinit)
c0de1718 c0de1718        0     1                 $t.6
c0de1719 c0de1719       10     1                 ux_get_address_flow_generate_step_validateinit
c0de1724 c0de1724        0     1                 $d.7
c0de1728 c0de1728        8     2         build/nanos2/obj/get_address_bagl.o:(.text.ux_get_address_flow_cancel_step_validateinit)
c0de1728 c0de1728        0     1                 $t.8
c0de1729 c0de1729        8     1                 ux_get_address_flow_cancel_step_validateinit
c0de1730 c0de1730       84     4         build/nanos2/obj/get_address_bagl.o:(.text.ui_get_address)
c0de1730 c0de1730        0     1                 $t.9
c0de1731 c0de1731       84     1                 ui_get_address
c0de1798 c0de1798        0     1                 $d.10
c0de17b4 c0de17b4       44     4         build/nanos2/obj/globals.o:(.text.sendResponse)
c0de17b4 c0de17b4        0     1                 $t.0
c0de17b5 c0de17b5       44     1                 sendResponse
c0de17f4 c0de17f4        0     1                 $d.1
c0de17f8 c0de17f8      130     4         build/nanos2/obj/main.o:(.text.handleApdu)
c0de17f8 c0de17f8        0     1                 $t.0
c0de17f9 c0de17f9      130     1                 handleApdu
c0de1924 c0de1924        0     1                 $d.1
c0de1928 c0de1928      108     4         build/nanos2/obj/main.o:(.text.app_main)
c0de1928 c0de1928        0     1                 $t.2
c0de1929 c0de1929      108     1                 app_main
c0de1a2c c0de1a2c        0     1                 $d.3
c0de1a30 c0de1a30        4     2         build/nanos2/obj/main.o:(.text.io_seproxyhal_display)
c0de1a30 c0de1a30        0     1                 $t.4
c0de1a31 c0de1a31        4     1                 io_seproxyhal_display
c0de1a34 c0de1a34      6b8     4         build/nanos2/obj/main.o:(.text.io_event)
c0de1a34 c0de1a34        0     1                 $t.5
c0de1a35 c0de1a35      6b8     1                 io_event
c0de20dc c0de20dc        0     1                 $d.6
c0de20ec c0de20ec       40     4         build/nanos2/obj/main.o:(.text.io_exchange_al)
c0de20ec c0de20ec        0     1                 $t.7
c0de20ed c0de20ed       40     1                 io_exchange_al
c0de2128 c0de2128        0     1                 $d.8
c0de212c c0de212c       3e     2         build/nanos2/obj/main.o:(.text.app_exit)
c0de212c c0de212c        0     1                 $t.9
c0de212d c0de212d       3e     1                 app_exit
c0de216c c0de216c       34     4         build/nanos2/obj/main.o:(.text.nv_app_state_init)
c0de216c c0de216c        0     1                 $t.10
c0de216d c0de216d       34     1                 nv_app_state_init
c0de2198 c0de2198        0     1                 $d.11
c0de21a0 c0de21a0        6     2         build/nanos2/obj/menu_bagl.o:(.text.ux_idle_flow_3_step_validateinit)
c0de21a0 c0de21a0        0     1                 $t.0
c0de21a1 c0de21a1        6     1                 ux_idle_flow_3_step_validateinit
c0de21a8 c0de21a8       28     4         build/nanos2/obj/menu_bagl.o:(.text.ui_idle)
c0de21a8 c0de21a8        0     1                 $t.1
c0de21a9 c0de21a9       28     1                 ui_idle
c0de21c8 c0de21c8        0     1                 $d.2
c0de21d0 c0de21d0        6     2         build/nanos2/obj/os.o:(.text.os_boot)
c0de21d0 c0de21d0        0     1                 $t.0
c0de21d1 c0de21d1        6     1                 os_boot
c0de21d6 c0de21d6        c     2         build/nanos2/obj/os.o:(.text.os_longjmp)
c0de21d6 c0de21d6        0     1                 $t.3
c0de21d7 c0de21d7        c     1                 os_longjmp
c0de21e4 c0de21e4       10     4         build/nanos2/obj/os_io_seproxyhal.o:(.text.io_seproxyhal_general_status)
c0de21e4 c0de21e4        0     1                 $t.0
c0de21e5 c0de21e5       10     1                 io_seproxyhal_general_status
c0de21f0 c0de21f0        0     1                 $d.1
c0de21f4 c0de21f4       80     4         build/nanos2/obj/os_io_seproxyhal.o:(.text.io_seproxyhal_handle_usb_event)
c0de21f4 c0de21f4        0     1                 $t.4
c0de21f5 c0de21f5       80     1                 io_seproxyhal_handle_usb_event
c0de2268 c0de2268        0     1                 $d.5
c0de2274 c0de2274       1c     4         build/nanos2/obj/os_io_seproxyhal.o:(.text.io_seproxyhal_get_ep_rx_size)
c0de2274 c0de2274        0     1                 $t.6
c0de2275 c0de2275       1c     1                 io_seproxyhal_get_ep_rx_size
c0de228c c0de228c        0     1                 $d.7
c0de2290 c0de2290       80     4         build/nanos2/obj/os_io_seproxyhal.o:(.text.io_seproxyhal_handle_usb_ep_xfer_event)
c0de2290 c0de2290        0     1                 $t.8
c0de2291 c0de2291       80     1                 io_seproxyhal_handle_usb_ep_xfer_event
c0de2304 c0de2304        0     1                 $d.9
c0de2310 c0de2310       5c     4         build/nanos2/obj/os_io_seproxyhal.o:(.text.io_usb_send_ep)
c0de2310 c0de2310        0     1                 $t.10
c0de2311 c0de2311       5c     1                 io_usb_send_ep
c0de2364 c0de2364        0     1                 $d.11
c0de236c c0de236c        c     2         build/nanos2/obj/os_io_seproxyhal.o:(.text.io_usb_send_apdu_data)
c0de236c c0de236c        0     1                 $t.12
c0de236d c0de236d        c     1                 io_usb_send_apdu_data
c0de2378 c0de2378        c     2         build/nanos2/obj/os_io_seproxyhal.o:(.text.io_usb_send_apdu_data_ep0x83)
c0de2378 c0de2378        0     1                 $t.13
c0de2379 c0de2379        c     1                 io_usb_send_apdu_data_ep0x83
c0de2384 c0de2384       e4     4         build/nanos2/obj/os_io_seproxyhal.o:(.text.io_seproxyhal_handle_event)
c0de2384 c0de2384        0     1                 $t.16
c0de2385 c0de2385       e4     1                 io_seproxyhal_handle_event
c0de245c c0de245c        0     1                 $d.17
c0de2468 c0de2468       34     4         build/nanos2/obj/os_io_seproxyhal.o:(.text.io_seproxyhal_init)
c0de2468 c0de2468        0     1                 $t.18
c0de2469 c0de2469       34     1                 io_seproxyhal_init
c0de2494 c0de2494        0     1                 $d.19
c0de249c c0de249c        2     2         build/nanos2/obj/os_io_seproxyhal.o:(.text.io_seproxyhal_init_ux)
c0de249c c0de249c        0     1                 $t.20
c0de249d c0de249d        2     1                 io_seproxyhal_init_ux
c0de24a0 c0de24a0       14     4         build/nanos2/obj/os_io_seproxyhal.o:(.text.io_seproxyhal_init_button)
c0de24a0 c0de24a0        0     1                 $t.21
c0de24a1 c0de24a1       14     1                 io_seproxyhal_init_button
c0de24b0 c0de24b0        0     1                 $d.22
c0de24b4 c0de24b4       3e     2         build/nanos2/obj/os_io_seproxyhal.o:(.text.io_seproxyhal_display_icon)
c0de24b4 c0de24b4        0     1                 $t.24
c0de24b5 c0de24b5       3e     1                 io_seproxyhal_display_icon
c0de24f2 c0de24f2       4e     2         build/nanos2/obj/os_io_seproxyhal.o:(.text.io_seproxyhal_display_default)
c0de24f2 c0de24f2        0     1                 $t.25
c0de24f3 c0de24f3       4e     1                 io_seproxyhal_display_default
c0de2540 c0de2540       74     4         build/nanos2/obj/os_io_seproxyhal.o:(.text.io_seproxyhal_button_push)
c0de2540 c0de2540        0     1                 $t.28
c0de2541 c0de2541       74     1                 io_seproxyhal_button_push
c0de25ac c0de25ac        0     1                 $d.29
c0de25b4 c0de25b4       50     4         build/nanos2/obj/os_io_seproxyhal.o:(.text.os_io_seproxyhal_get_app_name_and_version)
c0de25b4 c0de25b4        0     1                 $t.41
c0de25b5 c0de25b5       50     1                 os_io_seproxyhal_get_app_name_and_version
c0de2600 c0de2600        0     1                 $d.42
c0de2604 c0de2604      314     4         build/nanos2/obj/os_io_seproxyhal.o:(.text.io_exchange)
c0de2604 c0de2604        0     1                 $t.43
c0de2605 c0de2605      314     1                 io_exchange
c0de28ec c0de28ec        0     1                 $d.44
c0de2918 c0de2918       50     4         build/nanos2/obj/os_io_seproxyhal.o:(.text.os_io_seph_recv_and_process)
c0de2918 c0de2918        0     1                 $t.45
c0de2919 c0de2919       50     1                 os_io_seph_recv_and_process
c0de295c c0de295c        0     1                 $d.46
c0de2968 c0de2968       3c     4         build/nanos2/obj/os_io_seproxyhal.o:(.text.io_seproxyhal_io_heartbeat)
c0de2968 c0de2968        0     1                 $t.49
c0de2969 c0de2969       3c     1                 io_seproxyhal_io_heartbeat
c0de299c c0de299c        0     1                 $d.50
c0de29a4 c0de29a4      1a0     4         build/nanos2/obj/os_io_usb.o:(.text.io_usb_hid_receive)
c0de29a4 c0de29a4        0     1                 $t.0
c0de29a5 c0de29a5      1a0     1                 io_usb_hid_receive
c0de2b28 c0de2b28        0     1                 $d.1
c0de2b44 c0de2b44       24     4         build/nanos2/obj/os_io_usb.o:(.text.io_usb_hid_init)
c0de2b44 c0de2b44        0     1                 $t.2
c0de2b45 c0de2b45       24     1                 io_usb_hid_init
c0de2b5c c0de2b5c        0     1                 $d.3
c0de2b68 c0de2b68       ec     4         build/nanos2/obj/os_io_usb.o:(.text.io_usb_hid_sent)
c0de2b68 c0de2b68        0     1                 $t.4
c0de2b69 c0de2b69       ec     1                 io_usb_hid_sent
c0de2c3c c0de2c3c        0     1                 $d.5
c0de2c54 c0de2c54       40     4         build/nanos2/obj/os_io_usb.o:(.text.io_usb_hid_send)
c0de2c54 c0de2c54        0     1                 $t.6
c0de2c55 c0de2c55       40     1                 io_usb_hid_send
c0de2c80 c0de2c80        0     1                 $d.7
c0de2c94 c0de2c94      36c     4         build/nanos2/obj/os_printf.o:(.text.snprintf)
c0de2c94 c0de2c94        0     1                 $t.0
c0de2c95 c0de2c95      36c     1                 snprintf
c0de2fec c0de2fec        0     1                 $d.1
c0de3000 c0de3000      15e     2         build/nanos2/obj/parse_tx.o:(.text.parse_tx)
c0de3000 c0de3000        0     1                 $t.0
c0de3001 c0de3001      15e     1                 parse_tx
c0de3160 c0de3160       10     4         build/nanos2/obj/pic.o:(.text.pic_internal)
c0de3160 c0de3160        0     1                 $t.0
c0de3161 c0de3161        c     1                 pic_internal
c0de316c c0de316c        0     1                 $d.2
c0de3170 c0de3170       3c     4         build/nanos2/obj/pic.o:(.text.pic)
c0de3170 c0de3170        0     1                 $t.1
c0de3171 c0de3171       2c     1                 pic
c0de319c c0de319c        0     1                 $d.3
c0de31ac c0de31ac       80     4         build/nanos2/obj/poseidon.o:(.text.matrix_mul)
c0de31ac c0de31ac        0     1                 $t.0
c0de31ad c0de31ad       80     1                 matrix_mul
c0de322c c0de322c       b8     4         build/nanos2/obj/poseidon.o:(.text.poseidon_permutation)
c0de322c c0de322c        0     1                 $t.3
c0de322d c0de322d       b8     1                 poseidon_permutation
c0de32d8 c0de32d8        0     1                 $d.4
c0de32e4 c0de32e4       24     4         build/nanos2/obj/poseidon.o:(.text.poseidon_init)
c0de32e4 c0de32e4        0     1                 $t.5
c0de32e5 c0de32e5       24     1                 poseidon_init
c0de3300 c0de3300        0     1                 $d.6
c0de3308 c0de3308       7e     4         build/nanos2/obj/poseidon.o:(.text.poseidon_update)
c0de3308 c0de3308        0     1                 $t.7
c0de3309 c0de3309       7e     1                 poseidon_update
c0de3386 c0de3386        4     2         build/nanos2/obj/poseidon.o:(.text.poseidon_digest)
c0de3386 c0de3386        0     1                 $t.8
c0de3387 c0de3387        4     1                 poseidon_digest
c0de338c c0de338c       3c     4         build/nanos2/obj/random_oracle_input.o:(.text.roinput_add_field)
c0de338c c0de338c        0     1                 $t.0
c0de338d c0de338d       3c     1                 roinput_add_field
c0de33c8 c0de33c8       24     2         build/nanos2/obj/random_oracle_input.o:(.text.roinput_add_bit)
c0de33c8 c0de33c8        0     1                 $t.1
c0de33c9 c0de33c9       24     1                 roinput_add_bit
c0de33ec c0de33ec       40     4         build/nanos2/obj/random_oracle_input.o:(.text.roinput_add_scalar)
c0de33ec c0de33ec        0     1                 $t.2
c0de33ed c0de33ed       40     1                 roinput_add_scalar
c0de342c c0de342c       58     4         build/nanos2/obj/random_oracle_input.o:(.text.roinput_add_bytes)
c0de342c c0de342c        0     1                 $t.3
c0de342d c0de342d       58     1                 roinput_add_bytes
c0de3484 c0de3484       22     4         build/nanos2/obj/random_oracle_input.o:(.text.roinput_add_uint32)
c0de3484 c0de3484        0     1                 $t.4
c0de3485 c0de3485       22     1                 roinput_add_uint32
c0de34a8 c0de34a8       3a     4         build/nanos2/obj/random_oracle_input.o:(.text.roinput_add_uint64)
c0de34a8 c0de34a8        0     1                 $t.5
c0de34a9 c0de34a9       3a     1                 roinput_add_uint64
c0de34e4 c0de34e4       74     4         build/nanos2/obj/random_oracle_input.o:(.text.roinput_to_bytes)
c0de34e4 c0de34e4        0     1                 $t.6
c0de34e5 c0de34e5       74     1                 roinput_to_bytes
c0de3558 c0de3558       b0     4         build/nanos2/obj/random_oracle_input.o:(.text.roinput_to_fields)
c0de3558 c0de3558        0     1                 $t.7
c0de3559 c0de3559       b0     1                 roinput_to_fields
c0de3608 c0de3608       e4     4         build/nanos2/obj/random_oracle_input.o:(.text.roinput_derive_message)
c0de3608 c0de3608        0     1                 $t.8
c0de3609 c0de3609       e4     1                 roinput_derive_message
c0de36ec c0de36ec       da     4         build/nanos2/obj/random_oracle_input.o:(.text.roinput_hash_message)
c0de36ec c0de36ec        0     1                 $t.9
c0de36ed c0de36ed       da     1                 roinput_hash_message
c0de37c6 c0de37c6       16     2         build/nanos2/obj/sign_tx.o:(.text.handle_sign_tx)
c0de37c6 c0de37c6        0     1                 $t.0
c0de37c7 c0de37c7       16     1                 handle_sign_tx
c0de37dc c0de37dc       12     2         build/nanos2/obj/sign_tx_bagl.o:(.text.ux_sign_tx_done_flow_done_step_init)
c0de37dc c0de37dc        0     1                 $t.0
c0de37dd c0de37dd       12     1                 ux_sign_tx_done_flow_done_step_init
c0de37f0 c0de37f0       e0     4         build/nanos2/obj/sign_tx_bagl.o:(.text.sign_transaction)
c0de37f0 c0de37f0        0     1                 $t.1
c0de37f1 c0de37f1       e0     1                 sign_transaction
c0de38c4 c0de38c4        0     1                 $d.2
c0de38d0 c0de38d0       10     4         build/nanos2/obj/sign_tx_bagl.o:(.text.ux_sign_tx_flow_approve_step_validateinit)
c0de38d0 c0de38d0        0     1                 $t.3
c0de38d1 c0de38d1       10     1                 ux_sign_tx_flow_approve_step_validateinit
c0de38dc c0de38dc        0     1                 $d.4
c0de38e0 c0de38e0        8     2         build/nanos2/obj/sign_tx_bagl.o:(.text.ux_sign_tx_flow_reject_step_validateinit)
c0de38e0 c0de38e0        0     1                 $t.5
c0de38e1 c0de38e1        8     1                 ux_sign_tx_flow_reject_step_validateinit
c0de38e8 c0de38e8      100     4         build/nanos2/obj/sign_tx_bagl.o:(.text.ui_sign_tx)
c0de38e8 c0de38e8        0     1                 $t.6
c0de38e9 c0de38e9      100     1                 ui_sign_tx
c0de39c4 c0de39c4        0     1                 $d.7
c0de39e8 c0de39e8        e     2         build/nanos2/obj/svc_call.o:(.text)
c0de39e8 c0de39e8        0     1                 $t
c0de39e9 c0de39e9        0     1                 SVC_Call
c0de39f0 c0de39f0        0     1                 exception
c0de39f6 c0de39f6       16     2         build/nanos2/obj/syscalls.o:(.text.get_api_level)
c0de39f6 c0de39f6        0     1                 $t.0
c0de39f7 c0de39f7       16     1                 get_api_level
c0de3a0c c0de3a0c       14     2         build/nanos2/obj/syscalls.o:(.text.halt)
c0de3a0c c0de3a0c        0     1                 $t.1
c0de3a0d c0de3a0d       14     1                 halt
c0de3a20 c0de3a20       18     4         build/nanos2/obj/syscalls.o:(.text.nvm_write)
c0de3a20 c0de3a20        0     1                 $t.2
c0de3a21 c0de3a21       18     1                 nvm_write
c0de3a34 c0de3a34        0     1                 $d.3
c0de3a38 c0de3a38       16     2         build/nanos2/obj/syscalls.o:(.text.os_perso_isonboarded)
c0de3a38 c0de3a38        0     1                 $t.184
c0de3a39 c0de3a39       16     1                 os_perso_isonboarded
c0de3a50 c0de3a50       20     4         build/nanos2/obj/syscalls.o:(.text.os_perso_derive_node_bip32)
c0de3a50 c0de3a50        0     1                 $t.187
c0de3a51 c0de3a51       20     1                 os_perso_derive_node_bip32
c0de3a6c c0de3a6c        0     1                 $d.188
c0de3a70 c0de3a70       16     2         build/nanos2/obj/syscalls.o:(.text.os_global_pin_is_validated)
c0de3a70 c0de3a70        0     1                 $t.209
c0de3a71 c0de3a71       16     1                 os_global_pin_is_validated
c0de3a88 c0de3a88       1c     4         build/nanos2/obj/syscalls.o:(.text.os_ux)
c0de3a88 c0de3a88        0     1                 $t.217
c0de3a89 c0de3a89       1c     1                 os_ux
c0de3aa0 c0de3aa0        0     1                 $d.218
c0de3aa4 c0de3aa4       14     2         build/nanos2/obj/syscalls.o:(.text.os_flags)
c0de3aa4 c0de3aa4        0     1                 $t.224
c0de3aa5 c0de3aa5       14     1                 os_flags
c0de3ab8 c0de3ab8       18     4         build/nanos2/obj/syscalls.o:(.text.os_registry_get_current_app_tag)
c0de3ab8 c0de3ab8        0     1                 $t.242
c0de3ab9 c0de3ab9       18     1                 os_registry_get_current_app_tag
c0de3acc c0de3acc        0     1                 $d.243
c0de3ad0 c0de3ad0       1c     4         build/nanos2/obj/syscalls.o:(.text.os_sched_exit)
c0de3ad0 c0de3ad0        0     1                 $t.251
c0de3ad1 c0de3ad1       1c     1                 os_sched_exit
c0de3ae8 c0de3ae8        0     1                 $d.252
c0de3aec c0de3aec       18     4         build/nanos2/obj/syscalls.o:(.text.io_seph_send)
c0de3aec c0de3aec        0     1                 $t.259
c0de3aed c0de3aed       18     1                 io_seph_send
c0de3b00 c0de3b00        0     1                 $d.260
c0de3b04 c0de3b04       14     2         build/nanos2/obj/syscalls.o:(.text.io_seph_is_status_sent)
c0de3b04 c0de3b04        0     1                 $t.261
c0de3b05 c0de3b05       14     1                 io_seph_is_status_sent
c0de3b18 c0de3b18       1c     4         build/nanos2/obj/syscalls.o:(.text.io_seph_recv)
c0de3b18 c0de3b18        0     1                 $t.262
c0de3b19 c0de3b19       1c     1                 io_seph_recv
c0de3b30 c0de3b30        0     1                 $d.263
c0de3b34 c0de3b34       14     2         build/nanos2/obj/syscalls.o:(.text.try_context_get)
c0de3b34 c0de3b34        0     1                 $t.268
c0de3b35 c0de3b35       14     1                 try_context_get
c0de3b48 c0de3b48       1c     4         build/nanos2/obj/syscalls.o:(.text.try_context_set)
c0de3b48 c0de3b48        0     1                 $t.269
c0de3b49 c0de3b49       1c     1                 try_context_set
c0de3b60 c0de3b60        0     1                 $d.270
c0de3b64 c0de3b64       1c     4         build/nanos2/obj/syscalls.o:(.text.os_sched_last_status)
c0de3b64 c0de3b64        0     1                 $t.271
c0de3b65 c0de3b65       1c     1                 os_sched_last_status
c0de3b7c c0de3b7c        0     1                 $d.272
c0de3b80 c0de3b80       14     2         build/nanos2/obj/syscalls.o:(.text.screen_update)
c0de3b80 c0de3b80        0     1                 $t.285
c0de3b81 c0de3b81       14     1                 screen_update
c0de3b94 c0de3b94       34     4         build/nanos2/obj/syscalls.o:(.text.bagl_hal_draw_bitmap_within_rect)
c0de3b94 c0de3b94        0     1                 $t.288
c0de3b95 c0de3b95       34     1                 bagl_hal_draw_bitmap_within_rect
c0de3bc4 c0de3bc4        0     1                 $d.289
c0de3bc8 c0de3bc8       20     4         build/nanos2/obj/syscalls.o:(.text.bagl_hal_draw_rect)
c0de3bc8 c0de3bc8        0     1                 $t.290
c0de3bc9 c0de3bc9       20     1                 bagl_hal_draw_rect
c0de3be4 c0de3be4        0     1                 $d.291
c0de3be8 c0de3be8       ae     4         build/nanos2/obj/transaction.o:(.text.transaction_to_roinput)
c0de3be8 c0de3be8        0     1                 $t.0
c0de3be9 c0de3be9       ae     1                 transaction_to_roinput
c0de3c98 c0de3c98       42     4         build/nanos2/obj/transaction.o:(.text.transaction_prepare_memo)
c0de3c98 c0de3c98        0     1                 $t.1
c0de3c99 c0de3c99       42     1                 transaction_prepare_memo
c0de3cdc c0de3cdc      118     4         build/nanos2/obj/u2f_impl.o:(.text.u2f_apdu_sign)
c0de3cdc c0de3cdc        0     1                 $t.2
c0de3cdd c0de3cdd      118     1                 u2f_apdu_sign
c0de3dd4 c0de3dd4        0     1                 $d.3
c0de3df4 c0de3df4       e4     4         build/nanos2/obj/u2f_impl.o:(.text.u2f_handle_cmd_init)
c0de3df4 c0de3df4        0     1                 $t.8
c0de3df5 c0de3df5       e4     1                 u2f_handle_cmd_init
c0de3ed4 c0de3ed4        0     1                 $d.9
c0de3ed8 c0de3ed8       bc     4         build/nanos2/obj/u2f_impl.o:(.text.u2f_handle_cmd_msg)
c0de3ed8 c0de3ed8        0     1                 $t.11
c0de3ed9 c0de3ed9       bc     1                 u2f_handle_cmd_msg
c0de3f7c c0de3f7c        0     1                 $d.12
c0de3f94 c0de3f94       38     2         build/nanos2/obj/u2f_impl.o:(.text.u2f_message_complete)
c0de3f94 c0de3f94        0     1                 $t.13
c0de3f95 c0de3f95       38     1                 u2f_message_complete
c0de3fcc c0de3fcc       38     4         build/nanos2/obj/u2f_io.o:(.text.u2f_io_send)
c0de3fcc c0de3fcc        0     1                 $t.0
c0de3fcd c0de3fcd       38     1                 u2f_io_send
c0de4000 c0de4000        0     1                 $d.1
c0de4004 c0de4004       24     2         build/nanos2/obj/u2f_transport.o:(.text.u2f_transport_init)
c0de4004 c0de4004        0     1                 $t.1
c0de4005 c0de4005       24     1                 u2f_transport_init
c0de4028 c0de4028      110     4         build/nanos2/obj/u2f_transport.o:(.text.u2f_transport_sent)
c0de4028 c0de4028        0     1                 $t.2
c0de4029 c0de4029      110     1                 u2f_transport_sent
c0de4130 c0de4130        0     1                 $d.3
c0de4138 c0de4138       26     2         build/nanos2/obj/u2f_transport.o:(.text.u2f_message_repliable)
c0de4138 c0de4138        0     1                 $t.4
c0de4139 c0de4139       26     1                 u2f_message_repliable
c0de4160 c0de4160      150     4         build/nanos2/obj/u2f_transport.o:(.text.u2f_transport_receive_fakeChannel)
c0de4160 c0de4160        0     1                 $t.9
c0de4161 c0de4161      150     1                 u2f_transport_receive_fakeChannel
c0de42ac c0de42ac        0     1                 $d.10
c0de42b0 c0de42b0      3b8     4         build/nanos2/obj/u2f_transport.o:(.text.u2f_transport_received)
c0de42b0 c0de42b0        0     1                 $t.11
c0de42b1 c0de42b1      3b8     1                 u2f_transport_received
c0de4664 c0de4664        0     1                 $d.12
c0de4668 c0de4668       1e     2         build/nanos2/obj/u2f_transport.o:(.text.u2f_is_channel_broadcast)
c0de4668 c0de4668        0     1                 $t.13
c0de4669 c0de4669       1e     1                 u2f_is_channel_broadcast
c0de4688 c0de4688       58     4         build/nanos2/obj/u2f_transport.o:(.text.u2f_message_set_autoreply_wait_user_presence)
c0de4688 c0de4688        0     1                 $t.15
c0de4689 c0de4689       58     1                 u2f_message_set_autoreply_wait_user_presence
c0de46dc c0de46dc        0     1                 $d.16
c0de46e0 c0de46e0       70     4         build/nanos2/obj/u2f_transport.o:(.text.u2f_message_reply)
c0de46e0 c0de46e0        0     1                 $t.17
c0de46e1 c0de46e1       70     1                 u2f_message_reply
c0de474c c0de474c        0     1                 $d.18
c0de4750 c0de4750       1c     4         build/nanos2/obj/usbd_conf.o:(.text.USBD_LL_Init)
c0de4750 c0de4750        0     1                 $t.0
c0de4751 c0de4751       1c     1                 USBD_LL_Init
c0de4764 c0de4764        0     1                 $d.1
c0de476c c0de476c       28     4         build/nanos2/obj/usbd_conf.o:(.text.USBD_LL_DeInit)
c0de476c c0de476c        0     1                 $t.2
c0de476d c0de476d       28     1                 USBD_LL_DeInit
c0de4790 c0de4790        0     1                 $d.3
c0de4794 c0de4794       4c     2         build/nanos2/obj/usbd_conf.o:(.text.USBD_LL_Start)
c0de4794 c0de4794        0     1                 $t.4
c0de4795 c0de4795       4c     1                 USBD_LL_Start
c0de47e0 c0de47e0       2a     2         build/nanos2/obj/usbd_conf.o:(.text.USBD_LL_Stop)
c0de47e0 c0de47e0        0     1                 $t.5
c0de47e1 c0de47e1       2a     1                 USBD_LL_Stop
c0de480c c0de480c       74     4         build/nanos2/obj/usbd_conf.o:(.text.USBD_LL_OpenEP)
c0de480c c0de480c        0     1                 $t.6
c0de480d c0de480d       74     1                 USBD_LL_OpenEP
c0de4878 c0de4878        0     1                 $d.7
c0de4880 c0de4880       60     4         build/nanos2/obj/usbd_conf.o:(.text.USBD_LL_StallEP)
c0de4880 c0de4880        0     1                 $t.10
c0de4881 c0de4881       60     1                 USBD_LL_StallEP
c0de48d8 c0de48d8        0     1                 $d.11
c0de48e0 c0de48e0       60     4         build/nanos2/obj/usbd_conf.o:(.text.USBD_LL_ClearStallEP)
c0de48e0 c0de48e0        0     1                 $t.12
c0de48e1 c0de48e1       60     1                 USBD_LL_ClearStallEP
c0de4938 c0de4938        0     1                 $d.13
c0de4940 c0de4940       28     4         build/nanos2/obj/usbd_conf.o:(.text.USBD_LL_IsStallEP)
c0de4940 c0de4940        0     1                 $t.14
c0de4941 c0de4941       28     1                 USBD_LL_IsStallEP
c0de4960 c0de4960        0     1                 $d.15
c0de4968 c0de4968       30     2         build/nanos2/obj/usbd_conf.o:(.text.USBD_LL_SetUSBAddress)
c0de4968 c0de4968        0     1                 $t.16
c0de4969 c0de4969       30     1                 USBD_LL_SetUSBAddress
c0de4998 c0de4998       40     2         build/nanos2/obj/usbd_conf.o:(.text.USBD_LL_Transmit)
c0de4998 c0de4998        0     1                 $t.17
c0de4999 c0de4999       40     1                 USBD_LL_Transmit
c0de49d8 c0de49d8       34     2         build/nanos2/obj/usbd_conf.o:(.text.USBD_LL_PrepareReceive)
c0de49d8 c0de49d8        0     1                 $t.18
c0de49d9 c0de49d9       34     1                 USBD_LL_PrepareReceive
c0de4a0c c0de4a0c       2e     2         build/nanos2/obj/usbd_core.o:(.text.USBD_Init)
c0de4a0c c0de4a0c        0     1                 $t.0
c0de4a0d c0de4a0d       2e     1                 USBD_Init
c0de4a3c c0de4a3c       36     4         build/nanos2/obj/usbd_core.o:(.text.USBD_DeInit)
c0de4a3c c0de4a3c        0     1                 $t.1
c0de4a3d c0de4a3d       36     1                 USBD_DeInit
c0de4a72 c0de4a72       16     2         build/nanos2/obj/usbd_core.o:(.text.USBD_RegisterClassForInterface)
c0de4a72 c0de4a72        0     1                 $t.3
c0de4a73 c0de4a73       16     1                 USBD_RegisterClassForInterface
c0de4a88 c0de4a88        a     2         build/nanos2/obj/usbd_core.o:(.text.USBD_Start)
c0de4a88 c0de4a88        0     1                 $t.4
c0de4a89 c0de4a89        a     1                 USBD_Start
c0de4a94 c0de4a94       32     4         build/nanos2/obj/usbd_core.o:(.text.USBD_SetClassConfig)
c0de4a94 c0de4a94        0     1                 $t.7
c0de4a95 c0de4a95       32     1                 USBD_SetClassConfig
c0de4ac8 c0de4ac8       32     4         build/nanos2/obj/usbd_core.o:(.text.USBD_ClrClassConfig)
c0de4ac8 c0de4ac8        0     1                 $t.8
c0de4ac9 c0de4ac9       32     1                 USBD_ClrClassConfig
c0de4afa c0de4afa       5a     2         build/nanos2/obj/usbd_core.o:(.text.USBD_LL_SetupStage)
c0de4afa c0de4afa        0     1                 $t.9
c0de4afb c0de4afb       5a     1                 USBD_LL_SetupStage
c0de4b54 c0de4b54       a6     4         build/nanos2/obj/usbd_core.o:(.text.USBD_LL_DataOutStage)
c0de4b54 c0de4b54        0     1                 $t.10
c0de4b55 c0de4b55       a6     1                 USBD_LL_DataOutStage
c0de4bfc c0de4bfc       de     4         build/nanos2/obj/usbd_core.o:(.text.USBD_LL_DataInStage)
c0de4bfc c0de4bfc        0     1                 $t.11
c0de4bfd c0de4bfd       de     1                 USBD_LL_DataInStage
c0de4cdc c0de4cdc       3e     4         build/nanos2/obj/usbd_core.o:(.text.USBD_LL_Reset)
c0de4cdc c0de4cdc        0     1                 $t.12
c0de4cdd c0de4cdd       3e     1                 USBD_LL_Reset
c0de4d1a c0de4d1a        8     2         build/nanos2/obj/usbd_core.o:(.text.USBD_LL_SetSpeed)
c0de4d1a c0de4d1a        0     1                 $t.13
c0de4d1b c0de4d1b        8     1                 USBD_LL_SetSpeed
c0de4d22 c0de4d22        4     2         build/nanos2/obj/usbd_core.o:(.text.USBD_LL_Suspend)
c0de4d22 c0de4d22        0     1                 $t.14
c0de4d23 c0de4d23        4     1                 USBD_LL_Suspend
c0de4d26 c0de4d26        4     2         build/nanos2/obj/usbd_core.o:(.text.USBD_LL_Resume)
c0de4d26 c0de4d26        0     1                 $t.15
c0de4d27 c0de4d27        4     1                 USBD_LL_Resume
c0de4d2c c0de4d2c       3a     4         build/nanos2/obj/usbd_core.o:(.text.USBD_LL_SOF)
c0de4d2c c0de4d2c        0     1                 $t.16
c0de4d2d c0de4d2d       3a     1                 USBD_LL_SOF
c0de4d66 c0de4d66       18     2         build/nanos2/obj/usbd_ctlreq.o:(.text.usbd_is_valid_intf)
c0de4d66 c0de4d66        0     1                 $t.0
c0de4d67 c0de4d67       18     1                 usbd_is_valid_intf
c0de4d7e c0de4d7e       58     2         build/nanos2/obj/usbd_ctlreq.o:(.text.USBD_StdDevReq)
c0de4d7e c0de4d7e        0     1                 $t.1
c0de4d7f c0de4d7f       58     1                 USBD_StdDevReq
c0de4dd6 c0de4dd6      106     2         build/nanos2/obj/usbd_ctlreq.o:(.text.USBD_GetDescriptor)
c0de4dd6 c0de4dd6        0     1                 $t.2
c0de4dd7 c0de4dd7      106     1                 USBD_GetDescriptor
c0de4edc c0de4edc       44     2         build/nanos2/obj/usbd_ctlreq.o:(.text.USBD_SetAddress)
c0de4edc c0de4edc        0     1                 $t.3
c0de4edd c0de4edd       44     1                 USBD_SetAddress
c0de4f20 c0de4f20       70     2         build/nanos2/obj/usbd_ctlreq.o:(.text.USBD_SetConfig)
c0de4f20 c0de4f20        0     1                 $t.4
c0de4f21 c0de4f21       70     1                 USBD_SetConfig
c0de4f90 c0de4f90       2c     2         build/nanos2/obj/usbd_ctlreq.o:(.text.USBD_GetConfig)
c0de4f90 c0de4f90        0     1                 $t.5
c0de4f91 c0de4f91       2c     1                 USBD_GetConfig
c0de4fbc c0de4fbc       48     2         build/nanos2/obj/usbd_ctlreq.o:(.text.USBD_GetStatus)
c0de4fbc c0de4fbc        0     1                 $t.6
c0de4fbd c0de4fbd       48     1                 USBD_GetStatus
c0de5004 c0de5004       3c     2         build/nanos2/obj/usbd_ctlreq.o:(.text.USBD_SetFeature)
c0de5004 c0de5004        0     1                 $t.7
c0de5005 c0de5005       3c     1                 USBD_SetFeature
c0de5040 c0de5040       54     2         build/nanos2/obj/usbd_ctlreq.o:(.text.USBD_ClrFeature)
c0de5040 c0de5040        0     1                 $t.8
c0de5041 c0de5041       54     1                 USBD_ClrFeature
c0de5094 c0de5094       44     2         build/nanos2/obj/usbd_ctlreq.o:(.text.USBD_StdItfReq)
c0de5094 c0de5094        0     1                 $t.10
c0de5095 c0de5095       44     1                 USBD_StdItfReq
c0de50d8 c0de50d8       f8     2         build/nanos2/obj/usbd_ctlreq.o:(.text.USBD_StdEPReq)
c0de50d8 c0de50d8        0     1                 $t.11
c0de50d9 c0de50d9       f8     1                 USBD_StdEPReq
c0de51d0 c0de51d0       28     2         build/nanos2/obj/usbd_ctlreq.o:(.text.USBD_ParseSetupRequest)
c0de51d0 c0de51d0        0     1                 $t.12
c0de51d1 c0de51d1       28     1                 USBD_ParseSetupRequest
c0de51f8 c0de51f8       16     2         build/nanos2/obj/usbd_ctlreq.o:(.text.USBD_CtlStall)
c0de51f8 c0de51f8        0     1                 $t.13
c0de51f9 c0de51f9       16     1                 USBD_CtlStall
c0de520e c0de520e       9c     2         build/nanos2/obj/usbd_hid.o:(.text.USBD_HID_Setup)
c0de520e c0de520e        0     1                 $t.0
c0de520f c0de520f       9c     1                 USBD_HID_Setup
c0de52aa c0de52aa       28     2         build/nanos2/obj/usbd_hid.o:(.text.USBD_HID_Init)
c0de52aa c0de52aa        0     1                 $t.1
c0de52ab c0de52ab       28     1                 USBD_HID_Init
c0de52d2 c0de52d2        4     2         build/nanos2/obj/usbd_hid.o:(.text.USBD_HID_DeInit)
c0de52d2 c0de52d2        0     1                 $t.2
c0de52d3 c0de52d3        4     1                 USBD_HID_DeInit
c0de52d8 c0de52d8       34     4         build/nanos2/obj/usbd_impl.o:(.text.USBD_HID_GetHidDescriptor_impl)
c0de52d8 c0de52d8        0     1                 $t.0
c0de52d9 c0de52d9       34     1                 USBD_HID_GetHidDescriptor_impl
c0de5300 c0de5300        0     1                 $d.1
c0de530c c0de530c       60     4         build/nanos2/obj/usbd_impl.o:(.text.USBD_HID_GetReportDescriptor_impl)
c0de530c c0de530c        0     1                 $t.2
c0de530d c0de530d       60     1                 USBD_HID_GetReportDescriptor_impl
c0de5360 c0de5360        0     1                 $d.3
c0de536c c0de536c       28     2         build/nanos2/obj/usbd_impl.o:(.text.USBD_U2F_Init)
c0de536c c0de536c        0     1                 $t.4
c0de536d c0de536d       28     1                 USBD_U2F_Init
c0de5394 c0de5394       1c     4         build/nanos2/obj/usbd_impl.o:(.text.USBD_U2F_DataIn_impl)
c0de5394 c0de5394        0     1                 $t.5
c0de5395 c0de5395       1c     1                 USBD_U2F_DataIn_impl
c0de53ac c0de53ac        0     1                 $d.6
c0de53b0 c0de53b0       34     4         build/nanos2/obj/usbd_impl.o:(.text.USBD_U2F_DataOut_impl)
c0de53b0 c0de53b0        0     1                 $t.7
c0de53b1 c0de53b1       34     1                 USBD_U2F_DataOut_impl
c0de53e0 c0de53e0        0     1                 $d.8
c0de53e4 c0de53e4       1c     4         build/nanos2/obj/usbd_impl.o:(.text.USBD_HID_DataIn_impl)
c0de53e4 c0de53e4        0     1                 $t.9
c0de53e5 c0de53e5       1c     1                 USBD_HID_DataIn_impl
c0de53fc c0de53fc        0     1                 $d.10
c0de5400 c0de5400       58     4         build/nanos2/obj/usbd_impl.o:(.text.USBD_HID_DataOut_impl)
c0de5400 c0de5400        0     1                 $t.11
c0de5401 c0de5401       58     1                 USBD_HID_DataOut_impl
c0de544c c0de544c        0     1                 $d.12
c0de5458 c0de5458       28     2         build/nanos2/obj/usbd_impl.o:(.text.USBD_WEBUSB_Init)
c0de5458 c0de5458        0     1                 $t.13
c0de5459 c0de5459       28     1                 USBD_WEBUSB_Init
c0de5480 c0de5480        4     2         build/nanos2/obj/usbd_impl.o:(.text.USBD_WEBUSB_DeInit)
c0de5480 c0de5480        0     1                 $t.14
c0de5481 c0de5481        4     1                 USBD_WEBUSB_DeInit
c0de5484 c0de5484        4     2         build/nanos2/obj/usbd_impl.o:(.text.USBD_WEBUSB_Setup)
c0de5484 c0de5484        0     1                 $t.15
c0de5485 c0de5485        4     1                 USBD_WEBUSB_Setup
c0de5488 c0de5488       1c     4         build/nanos2/obj/usbd_impl.o:(.text.USBD_WEBUSB_DataIn)
c0de5488 c0de5488        0     1                 $t.16
c0de5489 c0de5489       1c     1                 USBD_WEBUSB_DataIn
c0de54a0 c0de54a0        0     1                 $d.17
c0de54a4 c0de54a4       58     4         build/nanos2/obj/usbd_impl.o:(.text.USBD_WEBUSB_DataOut)
c0de54a4 c0de54a4        0     1                 $t.18
c0de54a5 c0de54a5       58     1                 USBD_WEBUSB_DataOut
c0de54f0 c0de54f0        0     1                 $d.19
c0de54fc c0de54fc       10     4         build/nanos2/obj/usbd_impl.o:(.text.USBD_DeviceDescriptor)
c0de54fc c0de54fc        0     1                 $t.20
c0de54fd c0de54fd       10     1                 USBD_DeviceDescriptor
c0de5508 c0de5508        0     1                 $d.21
c0de550c c0de550c       10     4         build/nanos2/obj/usbd_impl.o:(.text.USBD_LangIDStrDescriptor)
c0de550c c0de550c        0     1                 $t.22
c0de550d c0de550d       10     1                 USBD_LangIDStrDescriptor
c0de5518 c0de5518        0     1                 $d.23
c0de551c c0de551c       10     4         build/nanos2/obj/usbd_impl.o:(.text.USBD_ManufacturerStrDescriptor)
c0de551c c0de551c        0     1                 $t.24
c0de551d c0de551d       10     1                 USBD_ManufacturerStrDescriptor
c0de5528 c0de5528        0     1                 $d.25
c0de552c c0de552c       10     4         build/nanos2/obj/usbd_impl.o:(.text.USBD_ProductStrDescriptor)
c0de552c c0de552c        0     1                 $t.26
c0de552d c0de552d       10     1                 USBD_ProductStrDescriptor
c0de5538 c0de5538        0     1                 $d.27
c0de553c c0de553c       10     4         build/nanos2/obj/usbd_impl.o:(.text.USBD_SerialStrDescriptor)
c0de553c c0de553c        0     1                 $t.28
c0de553d c0de553d       10     1                 USBD_SerialStrDescriptor
c0de5548 c0de5548        0     1                 $d.29
c0de554c c0de554c       10     4         build/nanos2/obj/usbd_impl.o:(.text.USBD_ConfigStrDescriptor)
c0de554c c0de554c        0     1                 $t.30
c0de554d c0de554d       10     1                 USBD_ConfigStrDescriptor
c0de5558 c0de5558        0     1                 $d.31
c0de555c c0de555c       10     4         build/nanos2/obj/usbd_impl.o:(.text.USBD_InterfaceStrDescriptor)
c0de555c c0de555c        0     1                 $t.32
c0de555d c0de555d       10     1                 USBD_InterfaceStrDescriptor
c0de5568 c0de5568        0     1                 $d.33
c0de556c c0de556c       10     4         build/nanos2/obj/usbd_impl.o:(.text.USBD_BOSDescriptor)
c0de556c c0de556c        0     1                 $t.34
c0de556d c0de556d       10     1                 USBD_BOSDescriptor
c0de5578 c0de5578        0     1                 $d.35
c0de557c c0de557c       a8     4         build/nanos2/obj/usbd_impl.o:(.text.USBD_CtlError)
c0de557c c0de557c        0     1                 $t.36
c0de557d c0de557d       a8     1                 USBD_CtlError
c0de5610 c0de5610        0     1                 $d.37
c0de5624 c0de5624       a4     4         build/nanos2/obj/usbd_impl.o:(.text.USB_power)
c0de5624 c0de5624        0     1                 $t.38
c0de5625 c0de5625       a4     1                 USB_power
c0de56a8 c0de56a8        0     1                 $d.39
c0de56c8 c0de56c8       10     4         build/nanos2/obj/usbd_impl.o:(.text.USBD_GetCfgDesc_impl)
c0de56c8 c0de56c8        0     1                 $t.40
c0de56c9 c0de56c9       10     1                 USBD_GetCfgDesc_impl
c0de56d4 c0de56d4        0     1                 $d.41
c0de56d8 c0de56d8       10     4         build/nanos2/obj/usbd_impl.o:(.text.USBD_GetDeviceQualifierDesc_impl)
c0de56d8 c0de56d8        0     1                 $t.42
c0de56d9 c0de56d9       10     1                 USBD_GetDeviceQualifierDesc_impl
c0de56e4 c0de56e4        0     1                 $d.43
c0de56e8 c0de56e8       28     2         build/nanos2/obj/usbd_ioreq.o:(.text.USBD_CtlSendData)
c0de56e8 c0de56e8        0     1                 $t.0
c0de56e9 c0de56e9       28     1                 USBD_CtlSendData
c0de5710 c0de5710       1a     2         build/nanos2/obj/usbd_ioreq.o:(.text.USBD_CtlContinueSendData)
c0de5710 c0de5710        0     1                 $t.1
c0de5711 c0de5711       1a     1                 USBD_CtlContinueSendData
c0de572a c0de572a        c     2         build/nanos2/obj/usbd_ioreq.o:(.text.USBD_CtlContinueRx)
c0de572a c0de572a        0     1                 $t.3
c0de572b c0de572b        c     1                 USBD_CtlContinueRx
c0de5736 c0de5736       16     2         build/nanos2/obj/usbd_ioreq.o:(.text.USBD_CtlSendStatus)
c0de5736 c0de5736        0     1                 $t.4
c0de5737 c0de5737       16     1                 USBD_CtlSendStatus
c0de574c c0de574c       14     2         build/nanos2/obj/usbd_ioreq.o:(.text.USBD_CtlReceiveStatus)
c0de574c c0de574c        0     1                 $t.5
c0de574d c0de574d       14     1                 USBD_CtlReceiveStatus
c0de5760 c0de5760      11c     4         build/nanos2/obj/utils.o:(.text.b58_encode)
c0de5760 c0de5760        0     1                 $t.0
c0de5761 c0de5761      11c     1                 b58_encode
c0de5874 c0de5874        0     1                 $d.1
c0de587c c0de587c      108     4         build/nanos2/obj/utils.o:(.text.b58_decode)
c0de587c c0de587c        0     1                 $t.2
c0de587d c0de587d      108     1                 b58_decode
c0de5980 c0de5980        0     1                 $d.3
c0de5984 c0de5984       16     2         build/nanos2/obj/utils.o:(.text.read_uint32_be)
c0de5984 c0de5984        0     1                 $t.4
c0de5985 c0de5985       16     1                 read_uint32_be
c0de599a c0de599a       2c     2         build/nanos2/obj/utils.o:(.text.read_uint64_be)
c0de599a c0de599a        0     1                 $t.5
c0de599b c0de599b       2c     1                 read_uint64_be
c0de59c8 c0de59c8      140     4         build/nanos2/obj/utils.o:(.text.amount_to_string)
c0de59c8 c0de59c8        0     1                 $t.6
c0de59c9 c0de59c9      140     1                 amount_to_string
c0de5b04 c0de5b04        0     1                 $d.7
c0de5b08 c0de5b08       a4     4         build/nanos2/obj/utils.o:(.text.value_to_string)
c0de5b08 c0de5b08        0     1                 $t.8
c0de5b09 c0de5b09       a4     1                 value_to_string
c0de5bac c0de5bac       22     2         build/nanos2/obj/utils.o:(.text.packed_bit_array_set)
c0de5bac c0de5bac        0     1                 $t.9
c0de5bad c0de5bad       22     1                 packed_bit_array_set
c0de5bce c0de5bce       10     2         build/nanos2/obj/utils.o:(.text.packed_bit_array_get)
c0de5bce c0de5bce        0     1                 $t.10
c0de5bcf c0de5bcf       10     1                 packed_bit_array_get
c0de5be0 c0de5be0       4e     4         build/nanos2/obj/utils.o:(.text.read_public_key_compressed)
c0de5be0 c0de5be0        0     1                 $t.11
c0de5be1 c0de5be1       4e     1                 read_public_key_compressed
c0de5c30 c0de5c30       5c     4         build/nanos2/obj/ux_flow_engine.o:(.text.ux_flow_is_first)
c0de5c30 c0de5c30        0     1                 $t.0
c0de5c31 c0de5c31       5c     1                 ux_flow_is_first
c0de5c88 c0de5c88        0     1                 $d.1
c0de5c8c c0de5c8c       54     4         build/nanos2/obj/ux_flow_engine.o:(.text.ux_flow_is_last)
c0de5c8c c0de5c8c        0     1                 $t.2
c0de5c8d c0de5c8d       54     1                 ux_flow_is_last
c0de5cdc c0de5cdc        0     1                 $d.3
c0de5ce0 c0de5ce0       30     4         build/nanos2/obj/ux_flow_engine.o:(.text.ux_flow_direction)
c0de5ce0 c0de5ce0        0     1                 $t.4
c0de5ce1 c0de5ce1       30     1                 ux_flow_direction
c0de5d0c c0de5d0c        0     1                 $d.5
c0de5d10 c0de5d10       4c     4         build/nanos2/obj/ux_flow_engine.o:(.text.ux_flow_get_current)
c0de5d10 c0de5d10        0     1                 $t.6
c0de5d11 c0de5d11       4c     1                 ux_flow_get_current
c0de5d58 c0de5d58        0     1                 $d.7
c0de5d5c c0de5d5c       8c     4         build/nanos2/obj/ux_flow_engine.o:(.text.ux_flow_next_internal)
c0de5d5c c0de5d5c        0     1                 $t.9
c0de5d5d c0de5d5d       8c     1                 ux_flow_next_internal
c0de5de4 c0de5de4        0     1                 $d.10
c0de5de8 c0de5de8        6     2         build/nanos2/obj/ux_flow_engine.o:(.text.ux_flow_next)
c0de5de8 c0de5de8        0     1                 $t.11
c0de5de9 c0de5de9        6     1                 ux_flow_next
c0de5df0 c0de5df0       88     4         build/nanos2/obj/ux_flow_engine.o:(.text.ux_flow_prev)
c0de5df0 c0de5df0        0     1                 $t.12
c0de5df1 c0de5df1       88     1                 ux_flow_prev
c0de5e74 c0de5e74        0     1                 $d.13
c0de5e78 c0de5e78       84     4         build/nanos2/obj/ux_flow_engine.o:(.text.ux_flow_engine_init_step)
c0de5e78 c0de5e78        0     1                 $t.14
c0de5e79 c0de5e79       84     1                 ux_flow_engine_init_step
c0de5ef8 c0de5ef8        0     1                 $d.15
c0de5efc c0de5efc       e8     4         build/nanos2/obj/ux_flow_engine.o:(.text.ux_flow_validate)
c0de5efc c0de5efc        0     1                 $t.16
c0de5efd c0de5efd       e8     1                 ux_flow_validate
c0de5fe0 c0de5fe0        0     1                 $d.17
c0de5fe4 c0de5fe4       90     4         build/nanos2/obj/ux_flow_engine.o:(.text.ux_flow_init)
c0de5fe4 c0de5fe4        0     1                 $t.18
c0de5fe5 c0de5fe5       90     1                 ux_flow_init
c0de6070 c0de6070        0     1                 $d.19
c0de6074 c0de6074       38     4         build/nanos2/obj/ux_flow_engine.o:(.text.ux_flow_button_callback)
c0de6074 c0de6074        0     1                 $t.24
c0de6075 c0de6075       38     1                 ux_flow_button_callback
c0de60a0 c0de60a0        0     1                 $d.25
c0de60ac c0de60ac       38     4         build/nanos2/obj/ux_flow_engine.o:(.text.ux_stack_get_step_params)
c0de60ac c0de60ac        0     1                 $t.26
c0de60ad c0de60ad       38     1                 ux_stack_get_step_params
c0de60e0 c0de60e0        0     1                 $d.27
c0de60e4 c0de60e4       10     4         build/nanos2/obj/ux_flow_engine.o:(.text.ux_stack_get_current_step_params)
c0de60e4 c0de60e4        0     1                 $t.28
c0de60e5 c0de60e5       10     1                 ux_stack_get_current_step_params
c0de60f0 c0de60f0        0     1                 $d.29
c0de60f4 c0de60f4       20     4         build/nanos2/obj/ux_flow_engine.o:(.text.ux_flow_relayout)
c0de60f4 c0de60f4        0     1                 $t.30
c0de60f5 c0de60f5       20     1                 ux_flow_relayout
c0de6110 c0de6110        0     1                 $d.31
c0de6114 c0de6114       40     4         build/nanos2/obj/ux_layout_bb.o:(.text.ux_layout_bb_init_common)
c0de6114 c0de6114        0     1                 $t.0
c0de6115 c0de6115       40     1                 ux_layout_bb_init_common
c0de6148 c0de6148        0     1                 $d.1
c0de6154 c0de6154       28     4         build/nanos2/obj/ux_layout_bn.o:(.text.ux_layout_bn_prepro)
c0de6154 c0de6154        0     1                 $t.0
c0de6155 c0de6155       28     1                 ux_layout_bn_prepro
c0de6178 c0de6178        0     1                 $d.1
c0de617c c0de617c       30     4         build/nanos2/obj/ux_layout_bn.o:(.text.ux_layout_bn_init)
c0de617c c0de617c        0     1                 $t.2
c0de617d c0de617d       30     1                 ux_layout_bn_init
c0de61a4 c0de61a4        0     1                 $d.3
c0de61ac c0de61ac      168     4         build/nanos2/obj/ux_layout_paging.o:(.text.ux_layout_paging_prepro_common)
c0de61ac c0de61ac        0     1                 $t.0
c0de61ad c0de61ad      168     1                 ux_layout_paging_prepro_common
c0de62fc c0de62fc        0     1                 $d.1
c0de6314 c0de6314       60     4         build/nanos2/obj/ux_layout_paging.o:(.text.ux_layout_paging_redisplay_common)
c0de6314 c0de6314        0     1                 $t.2
c0de6315 c0de6315       60     1                 ux_layout_paging_redisplay_common
c0de636c c0de636c        0     1                 $d.3
c0de6374 c0de6374       28     4         build/nanos2/obj/ux_layout_paging.o:(.text.ux_layout_paging_redisplay_by_addr)
c0de6374 c0de6374        0     1                 $t.4
c0de6375 c0de6375       28     1                 ux_layout_paging_redisplay_by_addr
c0de6394 c0de6394        0     1                 $d.5
c0de639c c0de639c       80     4         build/nanos2/obj/ux_layout_paging.o:(.text.ux_layout_paging_button_callback_by_addr)
c0de639c c0de639c        0     1                 $t.6
c0de639d c0de639d       80     1                 ux_layout_paging_button_callback_by_addr
c0de640c c0de640c        0     1                 $d.7
c0de641c c0de641c       1c     2         build/nanos2/obj/ux_layout_paging.o:(.text.ux_layout_paging_prepro_by_addr)
c0de641c c0de641c        0     1                 $t.8
c0de641d c0de641d       1c     1                 ux_layout_paging_prepro_by_addr
c0de6438 c0de6438       ac     4         build/nanos2/obj/ux_layout_paging.o:(.text.ux_layout_paging_init_common)
c0de6438 c0de6438        0     1                 $t.9
c0de6439 c0de6439       ac     1                 ux_layout_paging_init_common
c0de64dc c0de64dc        0     1                 $d.10
c0de64e4 c0de64e4       2c     4         build/nanos2/obj/ux_layout_paging.o:(.text.ux_layout_bn_paging_init)
c0de64e4 c0de64e4        0     1                 $t.21
c0de64e5 c0de64e5       2c     1                 ux_layout_bn_paging_init
c0de6508 c0de6508        0     1                 $d.22
c0de6510 c0de6510      160     4         build/nanos2/obj/ux_layout_paging_compute.o:(.text.ux_layout_paging_compute)
c0de6510 c0de6510        0     1                 $t.0
c0de6511 c0de6511      160     1                 ux_layout_paging_compute
c0de666c c0de666c        0     1                 $d.1
c0de6670 c0de6670       5c     4         build/nanos2/obj/ux_layout_pb.o:(.text.ux_layout_pb_prepro)
c0de6670 c0de6670        0     1                 $t.0
c0de6671 c0de6671       5c     1                 ux_layout_pb_prepro
c0de66c8 c0de66c8        0     1                 $d.1
c0de66cc c0de66cc       54     4         build/nanos2/obj/ux_layout_pb.o:(.text.ux_layout_pb_init)
c0de66cc c0de66cc        0     1                 $t.2
c0de66cd c0de66cd       54     1                 ux_layout_pb_init
c0de6710 c0de6710        0     1                 $d.3
c0de6720 c0de6720       74     4         build/nanos2/obj/ux_layout_pbb.o:(.text.ux_layout_pbb_prepro)
c0de6720 c0de6720        0     1                 $t.0
c0de6721 c0de6721       74     1                 ux_layout_pbb_prepro
c0de6790 c0de6790        0     1                 $d.1
c0de6794 c0de6794       40     4         build/nanos2/obj/ux_layout_pbb.o:(.text.ux_layout_pbb_init_common)
c0de6794 c0de6794        0     1                 $t.2
c0de6795 c0de6795       40     1                 ux_layout_pbb_init_common
c0de67c8 c0de67c8        0     1                 $d.3
c0de67d4 c0de67d4       28     4         build/nanos2/obj/ux_layout_pnn.o:(.text.ux_layout_pnn_prepro)
c0de67d4 c0de67d4        0     1                 $t.0
c0de67d5 c0de67d5       28     1                 ux_layout_pnn_prepro
c0de67f8 c0de67f8        0     1                 $d.1
c0de67fc c0de67fc       30     4         build/nanos2/obj/ux_layout_pnn.o:(.text.ux_layout_pnn_init)
c0de67fc c0de67fc        0     1                 $t.2
c0de67fd c0de67fd       30     1                 ux_layout_pnn_init
c0de6824 c0de6824        0     1                 $d.3
c0de682c c0de682c       60     4         build/nanos2/obj/ux_layout_utils.o:(.text.ux_layout_strings_prepro)
c0de682c c0de682c        0     1                 $t.4
c0de682d c0de682d       60     1                 ux_layout_strings_prepro
c0de6888 c0de6888        0     1                 $d.5
c0de688c c0de688c       30     4         build/nanos2/obj/ux_stack.o:(.text.ux_stack_push)
c0de688c c0de688c        0     1                 $t.2
c0de688d c0de688d       30     1                 ux_stack_push
c0de68b8 c0de68b8        0     1                 $d.3
c0de68bc c0de68bc       44     4         build/nanos2/obj/ux_stack.o:(.text.ux_stack_redisplay)
c0de68bc c0de68bc        0     1                 $t.6
c0de68bd c0de68bd       44     1                 ux_stack_redisplay
c0de68fc c0de68fc        0     1                 $d.7
c0de6900 c0de6900       60     4         build/nanos2/obj/ux_stack.o:(.text.ux_stack_display)
c0de6900 c0de6900        0     1                 $t.8
c0de6901 c0de6901       60     1                 ux_stack_display
c0de695c c0de695c        0     1                 $d.9
c0de6960 c0de6960       20     4         build/nanos2/obj/ux_stack.o:(.text.ux_stack_init)
c0de6960 c0de6960        0     1                 $t.14
c0de6961 c0de6961       20     1                 ux_stack_init
c0de697c c0de697c        0     1                 $d.15
c0de6980 c0de6980       c4     4         build/nanos2/obj/ux_stack.o:(.text.ux_stack_display_elements)
c0de6980 c0de6980        0     1                 $t.18
c0de6981 c0de6981       c4     1                 ux_stack_display_elements
c0de6a40 c0de6a40        0     1                 $d.19
c0de6a44 c0de6a44       30     4         /opt/nanosplus-secure-sdk/arch/st33k1/lib/libgcc.a(_aeabi_uldivmod.o):(.text)
c0de6a44 c0de6a44        0     1                 $t
c0de6a45 c0de6a45        0     1                 __aeabi_uldivmod
c0de6a74 c0de6a74        4     4         /opt/nanosplus-secure-sdk/arch/st33k1/lib/libgcc.a(_dvmd_tls.o):(.text)
c0de6a74 c0de6a74        0     1                 $t
c0de6a75 c0de6a75        2     1                 __aeabi_idiv0
c0de6a75 c0de6a75        2     1                 __aeabi_ldiv0
c0de6a78 c0de6a78      2e8     4         /opt/nanosplus-secure-sdk/arch/st33k1/lib/libgcc.a(_udivmoddi4.o):(.text)
c0de6a78 c0de6a78        0     1                 $t
c0de6a79 c0de6a79      2e8     1                 __udivmoddi4
c0de6d60 c0de6d60        6     2         /opt/nanosplus-secure-sdk/arch/st33k1/lib/libc.a(lib_a-aeabi_memclr.o):(.text.__aeabi_memclr)
c0de6d60 c0de6d60        0     1                 $t
c0de6d61 c0de6d61        6     1                 __aeabi_memclr
c0de6d61 c0de6d61        6     1                 __aeabi_memclr8
c0de6d61 c0de6d61        6     1                 __aeabi_memclr4
c0de6d66 c0de6d66        4     2         /opt/nanosplus-secure-sdk/arch/st33k1/lib/libc.a(lib_a-aeabi_memcpy.o):(.text.__aeabi_memcpy)
c0de6d66 c0de6d66        0     1                 $t
c0de6d67 c0de6d67        4     1                 __aeabi_memcpy
c0de6d67 c0de6d67        4     1                 __aeabi_memcpy8
c0de6d67 c0de6d67        4     1                 __aeabi_memcpy4
c0de6d6a c0de6d6a        4     2         /opt/nanosplus-secure-sdk/arch/st33k1/lib/libc.a(lib_a-aeabi_memmove.o):(.text.__aeabi_memmove)
c0de6d6a c0de6d6a        0     1                 $t
c0de6d6b c0de6d6b        4     1                 __aeabi_memmove
c0de6d6b c0de6d6b        4     1                 __aeabi_memmove8
c0de6d6b c0de6d6b        4     1                 __aeabi_memmove4
c0de6d6e c0de6d6e        a     2         /opt/nanosplus-secure-sdk/arch/st33k1/lib/libc.a(lib_a-aeabi_memset.o):(.text.__aeabi_memset)
c0de6d6e c0de6d6e        0     1                 $t
c0de6d6f c0de6d6f        a     1                 __aeabi_memset
c0de6d6f c0de6d6f        a     1                 __aeabi_memset8
c0de6d6f c0de6d6f        a     1                 __aeabi_memset4
c0de6d78 c0de6d78        4     2         /opt/nanosplus-secure-sdk/arch/st33k1/lib/libc.a(lib_a-explicit_bzero.o):(.text.explicit_bzero)
c0de6d78 c0de6d78        0     1                 $t
c0de6d79 c0de6d79        4     1                 explicit_bzero
c0de6d7c c0de6d7c        8     2         /opt/nanosplus-secure-sdk/arch/st33k1/lib/libc.a(lib_a-bzero.o):(.text.bzero)
c0de6d7c c0de6d7c        0     1                 $t
c0de6d7d c0de6d7d        8     1                 bzero
c0de6d84 c0de6d84       20     2         /opt/nanosplus-secure-sdk/arch/st33k1/lib/libc.a(lib_a-memcmp.o):(.text.memcmp)
c0de6d84 c0de6d84        0     1                 $t
c0de6d85 c0de6d85       20     1                 memcmp
c0de6da4 c0de6da4       1a     2         /opt/nanosplus-secure-sdk/arch/st33k1/lib/libc.a(lib_a-memcpy-stub.o):(.text.memcpy)
c0de6da4 c0de6da4        0     1                 $t
c0de6da5 c0de6da5       1a     1                 memcpy
c0de6dbe c0de6dbe       34     2         /opt/nanosplus-secure-sdk/arch/st33k1/lib/libc.a(lib_a-memmove.o):(.text.memmove)
c0de6dbe c0de6dbe        0     1                 $t
c0de6dbf c0de6dbf       34     1                 memmove
c0de6df2 c0de6df2       10     2         /opt/nanosplus-secure-sdk/arch/st33k1/lib/libc.a(lib_a-memset.o):(.text.memset)
c0de6df2 c0de6df2        0     1                 $t
c0de6df3 c0de6df3       10     1                 memset
c0de6e04 c0de6e04       1c     4         /opt/nanosplus-secure-sdk/arch/st33k1/lib/libc.a(lib_a-setjmp.o):(.text)
c0de6e04 c0de6e04        0     1                 $t
c0de6e05 c0de6e05        c     1                 setjmp
c0de6e11 c0de6e11        e     1                 longjmp
c0de6e20 c0de6e20       10     2         /opt/nanosplus-secure-sdk/arch/st33k1/lib/libc.a(lib_a-strlen.o):(.text)
c0de6e20 c0de6e20        0     1                 $t
c0de6e21 c0de6e21       10     1                 strlen
c0de6e30 c0de6e30       18     2         /opt/nanosplus-secure-sdk/arch/st33k1/lib/libc.a(lib_a-strnlen.o):(.text.strnlen)
c0de6e30 c0de6e30        0     1                 $t
c0de6e31 c0de6e31       18     1                 strnlen
c0de6e48 c0de6e48       cd     1         <internal>:(.text)
c0de6f15 c0de6f15      3bd     1         build/nanos2/obj/bagl_fonts.o:(.rodata.bitmapOPEN_SANS_EXTRABOLD_11PX)
c0de6f15 c0de6f15      3bd     1                 bitmapOPEN_SANS_EXTRABOLD_11PX
c0de72d2 c0de72d2      180     2         build/nanos2/obj/bagl_fonts.o:(.rodata.charactersOPEN_SANS_EXTRABOLD_11PX)
c0de72d2 c0de72d2      180     1                 charactersOPEN_SANS_EXTRABOLD_11PX
c0de7454 c0de7454       14     4         build/nanos2/obj/bagl_fonts.o:(.rodata.fontOPEN_SANS_EXTRABOLD_11PX)
c0de7454 c0de7454       14     1                 fontOPEN_SANS_EXTRABOLD_11PX
c0de7468 c0de7468      727     1         build/nanos2/obj/bagl_fonts.o:(.rodata.bitmapOPEN_SANS_LIGHT_16PX)
c0de7468 c0de7468      727     1                 bitmapOPEN_SANS_LIGHT_16PX
c0de7b90 c0de7b90      180     2         build/nanos2/obj/bagl_fonts.o:(.rodata.charactersOPEN_SANS_LIGHT_16PX)
c0de7b90 c0de7b90      180     1                 charactersOPEN_SANS_LIGHT_16PX
c0de7d10 c0de7d10       14     4         build/nanos2/obj/bagl_fonts.o:(.rodata.fontOPEN_SANS_LIGHT_16PX)
c0de7d10 c0de7d10       14     1                 fontOPEN_SANS_LIGHT_16PX
c0de7d24 c0de7d24      369     1         build/nanos2/obj/bagl_fonts.o:(.rodata.bitmapOPEN_SANS_REGULAR_11PX)
c0de7d24 c0de7d24      369     1                 bitmapOPEN_SANS_REGULAR_11PX
c0de808e c0de808e      180     2         build/nanos2/obj/bagl_fonts.o:(.rodata.charactersOPEN_SANS_REGULAR_11PX)
c0de808e c0de808e      180     1                 charactersOPEN_SANS_REGULAR_11PX
c0de8210 c0de8210       14     4         build/nanos2/obj/bagl_fonts.o:(.rodata.fontOPEN_SANS_REGULAR_11PX)
c0de8210 c0de8210       14     1                 fontOPEN_SANS_REGULAR_11PX
c0de8224 c0de8224        c     4         build/nanos2/obj/bagl_fonts.o:(.rodata.C_bagl_fonts)
c0de8224 c0de8224        c     1                 C_bagl_fonts
c0de8230 c0de8230        4     4         build/nanos2/obj/bagl_fonts.o:(.rodata.C_bagl_fonts_count)
c0de8230 c0de8230        4     1                 C_bagl_fonts_count
c0de8234 c0de8234       20     1         build/nanos2/obj/crypto.o:(.rodata.FIELD_MODULUS)
c0de8234 c0de8234       20     1                 FIELD_MODULUS
c0de8254 c0de8254       20     1         build/nanos2/obj/crypto.o:(.rodata.FIELD_ZERO)
c0de8254 c0de8254       20     1                 FIELD_ZERO
c0de8274 c0de8274       20     1         build/nanos2/obj/crypto.o:(.rodata.GROUP_ORDER)
c0de8274 c0de8274       20     1                 GROUP_ORDER
c0de8294 c0de8294       20     1         build/nanos2/obj/crypto.o:(.rodata.SCALAR_ZERO)
c0de8294 c0de8294       20     1                 SCALAR_ZERO
c0de82b4 c0de82b4       20     1         build/nanos2/obj/crypto.o:(.rodata.FIELD_FOUR)
c0de82b4 c0de82b4       20     1                 FIELD_FOUR
c0de82d4 c0de82d4       20     1         build/nanos2/obj/crypto.o:(.rodata.FIELD_THREE)
c0de82d4 c0de82d4       20     1                 FIELD_THREE
c0de82f4 c0de82f4       20     1         build/nanos2/obj/crypto.o:(.rodata.FIELD_TWO)
c0de82f4 c0de82f4       20     1                 FIELD_TWO
c0de8314 c0de8314       20     1         build/nanos2/obj/crypto.o:(.rodata.FIELD_EIGHT)
c0de8314 c0de8314       20     1                 FIELD_EIGHT
c0de8334 c0de8334       60     4         build/nanos2/obj/crypto.o:(.rodata.GROUP_ZERO)
c0de8334 c0de8334       60     1                 GROUP_ZERO
c0de8394 c0de8394       20     4         build/nanos2/obj/crypto.o:(.rodata.FIELD_ONE)
c0de8394 c0de8394       20     1                 FIELD_ONE
c0de83b4 c0de83b4       40     1         build/nanos2/obj/crypto.o:(.rodata.AFFINE_ONE)
c0de83b4 c0de83b4       40     1                 AFFINE_ONE
c0de83f4 c0de83f4        8     4         build/nanos2/obj/get_address_bagl.o:(.rodata.ux_get_address_result_flow_address_step_val)
c0de83f4 c0de83f4        8     1                 ux_get_address_result_flow_address_step_val
c0de83fc c0de83fc       10     4         build/nanos2/obj/get_address_bagl.o:(.rodata.ux_get_address_result_flow_address_step)
c0de83fc c0de83fc       10     1                 ux_get_address_result_flow_address_step
c0de840c c0de840c       10     4         build/nanos2/obj/get_address_bagl.o:(.rodata.ux_get_address_result_flow_approve_step_validate_step)
c0de840c c0de840c       10     1                 ux_get_address_result_flow_approve_step_validate_step
c0de841c c0de841c        8     4         build/nanos2/obj/get_address_bagl.o:(.rodata.ux_get_address_result_flow_approve_step_validate)
c0de841c c0de841c        8     1                 ux_get_address_result_flow_approve_step_validate
c0de8424 c0de8424        8     4         build/nanos2/obj/get_address_bagl.o:(.rodata.ux_get_address_result_flow_approve_step_val)
c0de8424 c0de8424        8     1                 ux_get_address_result_flow_approve_step_val
c0de842c c0de842c       10     4         build/nanos2/obj/get_address_bagl.o:(.rodata.ux_get_address_result_flow_approve_step)
c0de842c c0de842c       10     1                 ux_get_address_result_flow_approve_step
c0de843c c0de843c       10     4         build/nanos2/obj/get_address_bagl.o:(.rodata.ux_get_address_result_flow_reject_step_validate_step)
c0de843c c0de843c       10     1                 ux_get_address_result_flow_reject_step_validate_step
c0de844c c0de844c        8     4         build/nanos2/obj/get_address_bagl.o:(.rodata.ux_get_address_result_flow_reject_step_validate)
c0de844c c0de844c        8     1                 ux_get_address_result_flow_reject_step_validate
c0de8454 c0de8454        8     4         build/nanos2/obj/get_address_bagl.o:(.rodata.ux_get_address_result_flow_reject_step_val)
c0de8454 c0de8454        8     1                 ux_get_address_result_flow_reject_step_val
c0de845c c0de845c       10     4         build/nanos2/obj/get_address_bagl.o:(.rodata.ux_get_address_result_flow_reject_step)
c0de845c c0de845c       10     1                 ux_get_address_result_flow_reject_step
c0de846c c0de846c       10     4         build/nanos2/obj/get_address_bagl.o:(.rodata.ux_get_address_result_flow)
c0de846c c0de846c       10     1                 ux_get_address_result_flow
c0de847c c0de847c        c     4         build/nanos2/obj/get_address_bagl.o:(.rodata.ux_get_address_flow_topic_step_val)
c0de847c c0de847c        c     1                 ux_get_address_flow_topic_step_val
c0de8488 c0de8488       10     4         build/nanos2/obj/get_address_bagl.o:(.rodata.ux_get_address_flow_topic_step)
c0de8488 c0de8488       10     1                 ux_get_address_flow_topic_step
c0de8498 c0de8498        8     4         build/nanos2/obj/get_address_bagl.o:(.rodata.ux_get_address_flow_path_step_val)
c0de8498 c0de8498        8     1                 ux_get_address_flow_path_step_val
c0de84a0 c0de84a0       10     4         build/nanos2/obj/get_address_bagl.o:(.rodata.ux_get_address_flow_path_step)
c0de84a0 c0de84a0       10     1                 ux_get_address_flow_path_step
c0de84b0 c0de84b0       10     4         build/nanos2/obj/get_address_bagl.o:(.rodata.ux_get_address_flow_generate_step_validate_step)
c0de84b0 c0de84b0       10     1                 ux_get_address_flow_generate_step_validate_step
c0de84c0 c0de84c0        8     4         build/nanos2/obj/get_address_bagl.o:(.rodata.ux_get_address_flow_generate_step_validate)
c0de84c0 c0de84c0        8     1                 ux_get_address_flow_generate_step_validate
c0de84c8 c0de84c8        8     4         build/nanos2/obj/get_address_bagl.o:(.rodata.ux_get_address_flow_generate_step_val)
c0de84c8 c0de84c8        8     1                 ux_get_address_flow_generate_step_val
c0de84d0 c0de84d0       10     4         build/nanos2/obj/get_address_bagl.o:(.rodata.ux_get_address_flow_generate_step)
c0de84d0 c0de84d0       10     1                 ux_get_address_flow_generate_step
c0de84e0 c0de84e0       10     4         build/nanos2/obj/get_address_bagl.o:(.rodata.ux_get_address_flow_cancel_step_validate_step)
c0de84e0 c0de84e0       10     1                 ux_get_address_flow_cancel_step_validate_step
c0de84f0 c0de84f0        8     4         build/nanos2/obj/get_address_bagl.o:(.rodata.ux_get_address_flow_cancel_step_validate)
c0de84f0 c0de84f0        8     1                 ux_get_address_flow_cancel_step_validate
c0de84f8 c0de84f8        8     4         build/nanos2/obj/get_address_bagl.o:(.rodata.ux_get_address_flow_cancel_step_val)
c0de84f8 c0de84f8        8     1                 ux_get_address_flow_cancel_step_val
c0de8500 c0de8500       10     4         build/nanos2/obj/get_address_bagl.o:(.rodata.ux_get_address_flow_cancel_step)
c0de8500 c0de8500       10     1                 ux_get_address_flow_cancel_step
c0de8510 c0de8510       14     4         build/nanos2/obj/get_address_bagl.o:(.rodata.ux_get_address_flow)
c0de8510 c0de8510       14     1                 ux_get_address_flow
c0de8524 c0de8524       1c     4         build/nanos2/obj/get_address_bagl.o:(.rodata..Lstr)
c0de8524 c0de8524       1c     1                 .Lstr
c0de8540 c0de8540        8     4         build/nanos2/obj/glyphs.o:(.rodata.C_Mina_64px_colors)
c0de8540 c0de8540        8     1                 C_Mina_64px_colors
c0de8548 c0de8548       19     1         build/nanos2/obj/glyphs.o:(.rodata.C_icon_crossmark_bitmap)
c0de8548 c0de8548       19     1                 C_icon_crossmark_bitmap
c0de8564 c0de8564       14     4         build/nanos2/obj/glyphs.o:(.rodata.C_icon_crossmark)
c0de8564 c0de8564       14     1                 C_icon_crossmark
c0de8578 c0de8578       19     1         build/nanos2/obj/glyphs.o:(.rodata.C_icon_dashboard_x_bitmap)
c0de8578 c0de8578       19     1                 C_icon_dashboard_x_bitmap
c0de8594 c0de8594       14     4         build/nanos2/obj/glyphs.o:(.rodata.C_icon_dashboard_x)
c0de8594 c0de8594       14     1                 C_icon_dashboard_x
[...]
c0dea1f8 c0dea1f8       10     1                 ux_sign_tx_flow_nonce_step
c0dea208 c0dea208        8     4         build/nanos2/obj/sign_tx_bagl.o:(.rodata.ux_sign_tx_flow_valid_until_step_val)
c0dea208 c0dea208        8     1                 ux_sign_tx_flow_valid_until_step_val
c0dea210 c0dea210       10     4         build/nanos2/obj/sign_tx_bagl.o:(.rodata.ux_sign_tx_flow_valid_until_step)
c0dea210 c0dea210       10     1                 ux_sign_tx_flow_valid_until_step
c0dea220 c0dea220        8     4         build/nanos2/obj/sign_tx_bagl.o:(.rodata.ux_sign_tx_flow_memo_step_val)
c0dea220 c0dea220        8     1                 ux_sign_tx_flow_memo_step_val
c0dea228 c0dea228       10     4         build/nanos2/obj/sign_tx_bagl.o:(.rodata.ux_sign_tx_flow_memo_step)
c0dea228 c0dea228       10     1                 ux_sign_tx_flow_memo_step
c0dea238 c0dea238       10     4         build/nanos2/obj/sign_tx_bagl.o:(.rodata.ux_sign_tx_flow_approve_step_validate_step)
c0dea238 c0dea238       10     1                 ux_sign_tx_flow_approve_step_validate_step
c0dea248 c0dea248        8     4         build/nanos2/obj/sign_tx_bagl.o:(.rodata.ux_sign_tx_flow_approve_step_validate)
c0dea248 c0dea248        8     1                 ux_sign_tx_flow_approve_step_validate
c0dea250 c0dea250        8     4         build/nanos2/obj/sign_tx_bagl.o:(.rodata.ux_sign_tx_flow_approve_step_val)
c0dea250 c0dea250        8     1                 ux_sign_tx_flow_approve_step_val
c0dea258 c0dea258       10     4         build/nanos2/obj/sign_tx_bagl.o:(.rodata.ux_sign_tx_flow_approve_step)
c0dea258 c0dea258       10     1                 ux_sign_tx_flow_approve_step
c0dea268 c0dea268       10     4         build/nanos2/obj/sign_tx_bagl.o:(.rodata.ux_sign_tx_flow_reject_step_validate_step)
c0dea268 c0dea268       10     1                 ux_sign_tx_flow_reject_step_validate_step
c0dea278 c0dea278        8     4         build/nanos2/obj/sign_tx_bagl.o:(.rodata.ux_sign_tx_flow_reject_step_validate)
c0dea278 c0dea278        8     1                 ux_sign_tx_flow_reject_step_validate
c0dea280 c0dea280        8     4         build/nanos2/obj/sign_tx_bagl.o:(.rodata.ux_sign_tx_flow_reject_step_val)
c0dea280 c0dea280        8     1                 ux_sign_tx_flow_reject_step_val
c0dea288 c0dea288       10     4         build/nanos2/obj/sign_tx_bagl.o:(.rodata.ux_sign_tx_flow_reject_step)
c0dea288 c0dea288       10     1                 ux_sign_tx_flow_reject_step
c0dea298 c0dea298       30     4         build/nanos2/obj/sign_tx_bagl.o:(.rodata.ux_sign_tx_flow_testnet_payment_0_0)
c0dea298 c0dea298       30     1                 ux_sign_tx_flow_testnet_payment_0_0
c0dea2c8 c0dea2c8       34     4         build/nanos2/obj/sign_tx_bagl.o:(.rodata.ux_sign_tx_flow_testnet_payment_0_memo)
c0dea2c8 c0dea2c8       34     1                 ux_sign_tx_flow_testnet_payment_0_memo
c0dea2fc c0dea2fc       34     4         build/nanos2/obj/sign_tx_bagl.o:(.rodata.ux_sign_tx_flow_testnet_payment_valid_until_0)
c0dea2fc c0dea2fc       34     1                 ux_sign_tx_flow_testnet_payment_valid_until_0
c0dea330 c0dea330       38     4         build/nanos2/obj/sign_tx_bagl.o:(.rodata.ux_sign_tx_flow_testnet_payment_valid_until_memo)
c0dea330 c0dea330       38     1                 ux_sign_tx_flow_testnet_payment_valid_until_memo
c0dea368 c0dea368       28     4         build/nanos2/obj/sign_tx_bagl.o:(.rodata.ux_sign_tx_flow_testnet_delegation_0_0)
c0dea368 c0dea368       28     1                 ux_sign_tx_flow_testnet_delegation_0_0
c0dea390 c0dea390       2c     4         build/nanos2/obj/sign_tx_bagl.o:(.rodata.ux_sign_tx_flow_testnet_delegation_0_memo)
c0dea390 c0dea390       2c     1                 ux_sign_tx_flow_testnet_delegation_0_memo
c0dea3bc c0dea3bc       2c     4         build/nanos2/obj/sign_tx_bagl.o:(.rodata.ux_sign_tx_flow_testnet_delegation_valid_until_0)
c0dea3bc c0dea3bc       2c     1                 ux_sign_tx_flow_testnet_delegation_valid_until_0
c0dea3e8 c0dea3e8       30     4         build/nanos2/obj/sign_tx_bagl.o:(.rodata.ux_sign_tx_flow_testnet_delegation_valid_until_memo)
c0dea3e8 c0dea3e8       30     1                 ux_sign_tx_flow_testnet_delegation_valid_until_memo
c0dea418 c0dea418       2c     4         build/nanos2/obj/sign_tx_bagl.o:(.rodata.ux_sign_tx_flow_mainnet_payment_0_0)
c0dea418 c0dea418       2c     1                 ux_sign_tx_flow_mainnet_payment_0_0
c0dea444 c0dea444       30     4         build/nanos2/obj/sign_tx_bagl.o:(.rodata.ux_sign_tx_flow_mainnet_payment_0_memo)
c0dea444 c0dea444       30     1                 ux_sign_tx_flow_mainnet_payment_0_memo
c0dea474 c0dea474       30     4         build/nanos2/obj/sign_tx_bagl.o:(.rodata.ux_sign_tx_flow_mainnet_payment_valid_until_0)
c0dea474 c0dea474       30     1                 ux_sign_tx_flow_mainnet_payment_valid_until_0
c0dea4a4 c0dea4a4       34     4         build/nanos2/obj/sign_tx_bagl.o:(.rodata.ux_sign_tx_flow_mainnet_payment_valid_until_memo)
c0dea4a4 c0dea4a4       34     1                 ux_sign_tx_flow_mainnet_payment_valid_until_memo
c0dea4d8 c0dea4d8       24     4         build/nanos2/obj/sign_tx_bagl.o:(.rodata.ux_sign_tx_flow_mainnet_delegation_0_0)
c0dea4d8 c0dea4d8       24     1                 ux_sign_tx_flow_mainnet_delegation_0_0
c0dea4fc c0dea4fc       28     4         build/nanos2/obj/sign_tx_bagl.o:(.rodata.ux_sign_tx_flow_mainnet_delegation_0_memo)
c0dea4fc c0dea4fc       28     1                 ux_sign_tx_flow_mainnet_delegation_0_memo
c0dea524 c0dea524       28     4         build/nanos2/obj/sign_tx_bagl.o:(.rodata.ux_sign_tx_flow_mainnet_delegation_valid_until_0)
c0dea524 c0dea524       28     1                 ux_sign_tx_flow_mainnet_delegation_valid_until_0
c0dea54c c0dea54c       2c     4         build/nanos2/obj/sign_tx_bagl.o:(.rodata.ux_sign_tx_flow_mainnet_delegation_valid_until_memo)
c0dea54c c0dea54c       2c     1                 ux_sign_tx_flow_mainnet_delegation_valid_until_memo
c0dea578 c0dea578       2e     4         <internal>:(.text)
c0dea5a8 c0dea5a8       40     4         build/nanos2/obj/sign_tx_bagl.o:(.rodata.ux_sign_tx_flow)
c0dea5a8 c0dea5a8       40     1                 ux_sign_tx_flow
c0dea5e8 c0dea5e8        c     4         build/nanos2/obj/sign_tx_bagl.o:(.rodata..Lstr)
c0dea5e8 c0dea5e8        c     1                 .Lstr
c0dea5f4 c0dea5f4        b     4         build/nanos2/obj/sign_tx_bagl.o:(.rodata..Lstr.20)
c0dea5f4 c0dea5f4        b     1                 .Lstr.20
c0dea5ff c0dea5ff        2     1         build/nanos2/obj/u2f_impl.o:(.rodata.SW_INTERNAL)
c0dea5ff c0dea5ff        2     1                 SW_INTERNAL
c0dea601 c0dea601        2     1         build/nanos2/obj/u2f_impl.o:(.rodata.SW_BUSY)
c0dea601 c0dea601        2     1                 SW_BUSY
c0dea603 c0dea603        2     1         build/nanos2/obj/u2f_impl.o:(.rodata.SW_WRONG_LENGTH)
c0dea603 c0dea603        2     1                 SW_WRONG_LENGTH
c0dea605 c0dea605        2     1         build/nanos2/obj/u2f_impl.o:(.rodata.SW_PROOF_OF_PRESENCE_REQUIRED)
c0dea605 c0dea605        2     1                 SW_PROOF_OF_PRESENCE_REQUIRED
c0dea607 c0dea607        6     1         build/nanos2/obj/u2f_impl.o:(.rodata..L.str)
c0dea607 c0dea607        6     1                 .L.str
c0dea60d c0dea60d        2     1         build/nanos2/obj/u2f_impl.o:(.rodata.SW_BAD_KEY_HANDLE)
c0dea60d c0dea60d        2     1                 SW_BAD_KEY_HANDLE
c0dea60f c0dea60f        8     1         build/nanos2/obj/u2f_impl.o:(.rodata.U2F_VERSION)
c0dea60f c0dea60f        8     1                 U2F_VERSION
c0dea617 c0dea617        4     1         build/nanos2/obj/u2f_impl.o:(.rodata.INFO)
c0dea617 c0dea617        4     1                 INFO
c0dea61b c0dea61b        2     1         build/nanos2/obj/u2f_impl.o:(.rodata.SW_UNKNOWN_CLASS)
c0dea61b c0dea61b        2     1                 SW_UNKNOWN_CLASS
c0dea61d c0dea61d        2     1         build/nanos2/obj/u2f_impl.o:(.rodata.SW_UNKNOWN_INSTRUCTION)
c0dea61d c0dea61d        2     1                 SW_UNKNOWN_INSTRUCTION
c0dea620 c0dea620        9     4         build/nanos2/obj/usbd_impl.o:(.rodata.USBD_HID_Desc_fido)
c0dea620 c0dea620        9     1                 USBD_HID_Desc_fido
c0dea62c c0dea62c        9     4         build/nanos2/obj/usbd_impl.o:(.rodata.USBD_HID_Desc)
c0dea62c c0dea62c        9     1                 USBD_HID_Desc
c0dea635 c0dea635       22     1         build/nanos2/obj/usbd_impl.o:(.rodata.HID_ReportDesc_fido)
c0dea635 c0dea635       22     1                 HID_ReportDesc_fido
c0dea657 c0dea657       22     1         build/nanos2/obj/usbd_impl.o:(.rodata.HID_ReportDesc)
c0dea657 c0dea657       22     1                 HID_ReportDesc
c0dea679 c0dea679       17     1         build/nanos2/obj/usbd_impl.o:(.rodata.C_webusb_url_descriptor)
c0dea679 c0dea679       17     1                 C_webusb_url_descriptor
c0dea690 c0dea690       39     1         build/nanos2/obj/usbd_impl.o:(.rodata.C_usb_bos)
c0dea690 c0dea690       39     1                 C_usb_bos
c0dea6cc c0dea6cc       20     4         build/nanos2/obj/usbd_impl.o:(.rodata.HID_Desc)
c0dea6cc c0dea6cc       20     1                 HID_Desc
c0dea6ec c0dea6ec       12     1         build/nanos2/obj/usbd_impl.o:(.rodata.C_winusb_string_descriptor)
c0dea6ec c0dea6ec       12     1                 C_winusb_string_descriptor
c0dea6fe c0dea6fe       92     1         build/nanos2/obj/usbd_impl.o:(.rodata.C_winusb_guid)
c0dea6fe c0dea6fe       92     1                 C_winusb_guid
c0dea790 c0dea790       b2     1         build/nanos2/obj/usbd_impl.o:(.rodata.C_winusb_request_descriptor)
c0dea790 c0dea790       b2     1                 C_winusb_request_descriptor
c0dea844 c0dea844       38     4         build/nanos2/obj/usbd_impl.o:(.rodata.USBD_HID)
c0dea844 c0dea844       38     1                 USBD_HID
c0dea87c c0dea87c       38     4         build/nanos2/obj/usbd_impl.o:(.rodata.USBD_U2F)
c0dea87c c0dea87c       38     1                 USBD_U2F
c0dea8b4 c0dea8b4       38     4         build/nanos2/obj/usbd_impl.o:(.rodata.USBD_WEBUSB)
c0dea8b4 c0dea8b4       38     1                 USBD_WEBUSB
c0dea8ec c0dea8ec       12     1         build/nanos2/obj/usbd_impl.o:(.rodata.USBD_DeviceDesc)
c0dea8ec c0dea8ec       12     1                 USBD_DeviceDesc
c0dea8fe c0dea8fe        4     1         build/nanos2/obj/usbd_impl.o:(.rodata.USBD_LangIDDesc)
c0dea8fe c0dea8fe        4     1                 USBD_LangIDDesc
c0dea902 c0dea902        e     1         build/nanos2/obj/usbd_impl.o:(.rodata.USBD_MANUFACTURER_STRING)
c0dea902 c0dea902        e     1                 USBD_MANUFACTURER_STRING
c0dea910 c0dea910       18     1         build/nanos2/obj/usbd_impl.o:(.rodata.USBD_PRODUCT_FS_STRING)
c0dea910 c0dea910       18     1                 USBD_PRODUCT_FS_STRING
c0dea928 c0dea928        a     1         build/nanos2/obj/usbd_impl.o:(.rodata.USB_SERIAL_STRING)
c0dea928 c0dea928        a     1                 USB_SERIAL_STRING
c0dea932 c0dea932       28     1         build/nanos2/obj/usbd_impl.o:(.rodata.C_winusb_wcid)
c0dea932 c0dea932       28     1                 C_winusb_wcid
c0dea95c c0dea95c       60     4         build/nanos2/obj/usbd_impl.o:(.rodata.USBD_CfgDesc)
c0dea95c c0dea95c       60     1                 USBD_CfgDesc
c0dea9bc c0dea9bc        a     4         build/nanos2/obj/usbd_impl.o:(.rodata.USBD_DeviceQualifierDesc)
c0dea9bc c0dea9bc        a     1                 USBD_DeviceQualifierDesc
c0dea9c6 c0dea9c6       3a     1         build/nanos2/obj/utils.o:(.rodata.B58_ALPHABET)
c0dea9c6 c0dea9c6       3a     1                 B58_ALPHABET
c0deaa00 c0deaa00       80     1         build/nanos2/obj/utils.o:(.rodata.BASE58_TABLE)
c0deaa00 c0deaa00       80     1                 BASE58_TABLE
c0deaa80 c0deaa80       a0     4         build/nanos2/obj/ux_layout_bb.o:(.rodata.ux_layout_bb_elements)
c0deaa80 c0deaa80       a0     1                 ux_layout_bb_elements
c0deab20 c0deab20       e0     4         build/nanos2/obj/ux_layout_paging.o:(.rodata.ux_layout_paging_elements)
c0deab20 c0deab20       e0     1                 ux_layout_paging_elements
c0deac00 c0deac00       a0     4         build/nanos2/obj/ux_layout_pb.o:(.rodata.ux_layout_pb_elements)
c0deac00 c0deac00       a0     1                 ux_layout_pb_elements
c0deaca0 c0deaca0       c0     4         build/nanos2/obj/ux_layout_pbb.o:(.rodata.ux_layout_pbb_elements)
c0deaca0 c0deaca0       c0     1                 ux_layout_pbb_elements
c0dead60 c0dead60        0     1         . = ALIGN ( 4 )
c0dead60 c0dead60        0     1         _etext = .
c0dead60 c0dead60       a0     1         . = ALIGN ( PAGE_SIZE )
c0deae00 c0deae00        0     1         _nvram_data = .
c0deae00 c0deae00        1     1         build/nanos2/obj/globals.o:(.rodata.N_storage_real)
c0deae00 c0deae00        1     1                 N_storage_real
c0deae01 c0deae01      1ff     1         . = ALIGN ( PAGE_SIZE )
c0deb000 c0deb000        0     1         _envram_data = .
c0deb000 c0deb000        0     1         _install_parameters = .
c0deb000 c0deb000        0     1         _nvram_end = .
d0000000 d0000000        0     1 .data
d0000000 d0000000        0     1         . = ALIGN ( 4 )
d0000000 d0000000        0     1         _data = .
d0000000 d0000000        0     1         _edata = .
da7a0000 da7a0000      e74     8 .bss
da7a0000 da7a0000        0     1         _bss = .
da7a0000 da7a0000       38     4         build/nanos2/obj/get_address_bagl.o:(.bss._address)
da7a0000 da7a0000       38     1                 _address
da7a0038 da7a0038       1b     4         build/nanos2/obj/get_address_bagl.o:(.bss._bip44_path)
da7a0038 da7a0038       1b     1                 _bip44_path
da7a0053 da7a0053        1     1         build/nanos2/obj/get_address_bagl.o:(.bss._generated)
da7a0053 da7a0053        1     1                 _generated
da7a0054 da7a0054        4     4         build/nanos2/obj/get_address_bagl.o:(.bss._account)
da7a0054 da7a0054        4     1                 _account
da7a0058 da7a0058      110     4         build/nanos2/obj/globals.o:(.bss.G_ux)
da7a0058 da7a0058      110     1                 G_ux
da7a0168 da7a0168        8     4         build/nanos2/obj/globals.o:(.bss.G_ux_params)
da7a0168 da7a0168        8     1                 G_ux_params
da7a0170 da7a0170      12c     1         build/nanos2/obj/main.o:(.bss.G_io_seproxyhal_spi_buffer)
da7a0170 da7a0170      12c     1                 G_io_seproxyhal_spi_buffer
da7a029c da7a029c      151     1         build/nanos2/obj/os.o:(.bss.G_io_apdu_buffer)
da7a029c da7a029c      151     1                 G_io_apdu_buffer
da7a03f0 da7a03f0       20     4         build/nanos2/obj/os_io_seproxyhal.o:(.bss.G_io_app)
da7a03f0 da7a03f0       20     1                 G_io_app
da7a0410 da7a0410        8     4         build/nanos2/obj/os_io_seproxyhal.o:(.bss.G_ux_os)
da7a0410 da7a0410        8     1                 G_ux_os
da7a0418 da7a0418       44     4         build/nanos2/obj/os_io_seproxyhal.o:(.bss.G_io_u2f)
da7a0418 da7a0418       44     1                 G_io_u2f
da7a045c da7a045c       40     1         build/nanos2/obj/os_io_seproxyhal.o:(.bss.G_io_usb_ep_buffer)
da7a045c da7a045c       40     1                 G_io_usb_ep_buffer
da7a049c da7a049c        4     4         build/nanos2/obj/os_io_usb.o:(.bss.G_io_usb_hid_sequence_number)
da7a049c da7a049c        4     1                 G_io_usb_hid_sequence_number
da7a04a0 da7a04a0        4     4         build/nanos2/obj/os_io_usb.o:(.bss.G_io_usb_hid_total_length)
da7a04a0 da7a04a0        4     1                 G_io_usb_hid_total_length
da7a04a4 da7a04a4        4     4         build/nanos2/obj/os_io_usb.o:(.bss.G_io_usb_hid_remaining_length)
da7a04a4 da7a04a4        4     1                 G_io_usb_hid_remaining_length
da7a04a8 da7a04a8        4     4         build/nanos2/obj/os_io_usb.o:(.bss.G_io_usb_hid_current_buffer)
da7a04a8 da7a04a8        4     1                 G_io_usb_hid_current_buffer
da7a04ac da7a04ac        4     4         build/nanos2/obj/os_io_usb.o:(.bss.G_io_usb_hid_channel)
da7a04ac da7a04ac        4     1                 G_io_usb_hid_channel
da7a04b0 da7a04b0      14f     4         build/nanos2/obj/sign_tx_bagl.o:(.bss._ui)
da7a04b0 da7a04b0      14f     1                 _ui
da7a0600 da7a0600      178     8         build/nanos2/obj/sign_tx_bagl.o:(.bss._tx)
da7a0600 da7a0600      178     1                 _tx
da7a0778 da7a0778        4     4         build/nanos2/obj/usbd_conf.o:(.bss.ep_in_stall)
da7a0778 da7a0778        4     1                 ep_in_stall
da7a077c da7a077c        4     4         build/nanos2/obj/usbd_conf.o:(.bss.ep_out_stall)
da7a077c da7a077c        4     1                 ep_out_stall
da7a0780 da7a0780      114     4         build/nanos2/obj/usbd_core.o:(.bss.USBD_Device)
da7a0780 da7a0780      114     1                 USBD_Device
da7a0894 da7a0894        0     1         _ebss = .
da7a0894 da7a0894        0     1         . = ALIGN ( 4 )
da7a0894 da7a0894        0     1         app_stack_canary = .
da7a0894 da7a0894        4     1         . += 4
da7a0898 da7a0898        0     1         _stack_validation = .
da7a0898 da7a0898      5dc     1         . = _stack_validation + STACK_SIZE
da7a0e74 da7a0e74        0     1         _stack = ABSOLUTE ( END_STACK ) - STACK_SIZE
da7a0e74 da7a0e74        0     1         _estack = ABSOLUTE ( END_STACK )
d0000000 d0000000       10     4 DEBUG
d0000000 d0000000       10     4         <internal>:(.ARM.exidx)
       0        0       30     1 .comment
       0        0       30     1         <internal>:(.comment)
       0        0      1e4     4 .debug_frame
       0        0       2c     4         /opt/nanosplus-secure-sdk/arch/st33k1/lib/libgcc.a(_aeabi_uldivmod.o):(.debug_frame)
      2c       2c       38     4         /opt/nanosplus-secure-sdk/arch/st33k1/lib/libgcc.a(_udivmoddi4.o):(.debug_frame)
      64       64       20     4         /opt/nanosplus-secure-sdk/arch/st33k1/lib/libc.a(lib_a-aeabi_memclr.o):(.debug_frame)
      84       84       20     4         /opt/nanosplus-secure-sdk/arch/st33k1/lib/libc.a(lib_a-aeabi_memcpy.o):(.debug_frame)
      a4       a4       20     4         /opt/nanosplus-secure-sdk/arch/st33k1/lib/libc.a(lib_a-aeabi_memmove.o):(.debug_frame)
      c4       c4       20     4         /opt/nanosplus-secure-sdk/arch/st33k1/lib/libc.a(lib_a-aeabi_memset.o):(.debug_frame)
      e4       e4       20     4         /opt/nanosplus-secure-sdk/arch/st33k1/lib/libc.a(lib_a-explicit_bzero.o):(.debug_frame)
     104      104       20     4         /opt/nanosplus-secure-sdk/arch/st33k1/lib/libc.a(lib_a-bzero.o):(.debug_frame)
     124      124       28     4         /opt/nanosplus-secure-sdk/arch/st33k1/lib/libc.a(lib_a-memcmp.o):(.debug_frame)
     14c      14c       28     4         /opt/nanosplus-secure-sdk/arch/st33k1/lib/libc.a(lib_a-memcpy-stub.o):(.debug_frame)
     174      174       28     4         /opt/nanosplus-secure-sdk/arch/st33k1/lib/libc.a(lib_a-memmove.o):(.debug_frame)
     19c      19c       20     4         /opt/nanosplus-secure-sdk/arch/st33k1/lib/libc.a(lib_a-memset.o):(.debug_frame)
     1bc      1bc       28     4         /opt/nanosplus-secure-sdk/arch/st33k1/lib/libc.a(lib_a-strnlen.o):(.debug_frame)
d0000010 d0000010        0     1 PROVIDE ( _nvram = ABSOLUTE ( _nvram_start ) )
d0000010 d0000010        0     1 PROVIDE ( _envram = ABSOLUTE ( _nvram_end ) )
       0        0       47     1 .ARM.attributes
       0        0       47     1         build/nanos2/obj/bagl.o:(.ARM.attributes)
       0        0     3e30     4 .symtab
       0        0     3e30     4         <internal>:(.symtab)
       0        0       58     1 .shstrtab
       0        0       58     1         <internal>:(.shstrtab)
       0        0     2f28     1 .strtab
       0        0     2f28     1         <internal>:(.strtab)
