Archive member included to satisfy reference by file (symbol)

/usr/lib/gcc/arm-none-eabi/10.3.0/thumb/v6-m/nofp/libgcc.a(_udivsi3.o)
                              build/nanos/obj/os_io_seproxyhal.o (__aeabi_uidiv)
/usr/lib/gcc/arm-none-eabi/10.3.0/thumb/v6-m/nofp/libgcc.a(_dvmd_tls.o)
                              /usr/lib/gcc/arm-none-eabi/10.3.0/thumb/v6-m/nofp/libgcc.a(_udivsi3.o) (__aeabi_idiv0)
/usr/lib/gcc/arm-none-eabi/10.3.0/thumb/v6-m/nofp/libgcc.a(_lshrdi3.o)
                              build/nanos/obj/random_oracle_input.o (__aeabi_llsr)
/usr/lib/gcc/arm-none-eabi/10.3.0/thumb/v6-m/nofp/libgcc.a(_aeabi_uldivmod.o)
                              build/nanos/obj/utils.o (__aeabi_uldivmod)
/usr/lib/gcc/arm-none-eabi/10.3.0/thumb/v6-m/nofp/libgcc.a(_muldi3.o)
                              build/nanos/obj/os_printf.o (__aeabi_lmul)
/usr/lib/gcc/arm-none-eabi/10.3.0/thumb/v6-m/nofp/libgcc.a(_udivmoddi4.o)
                              /usr/lib/gcc/arm-none-eabi/10.3.0/thumb/v6-m/nofp/libgcc.a(_aeabi_uldivmod.o) (__udivmoddi4)
/usr/lib/gcc/arm-none-eabi/10.3.0/thumb/v6-m/nofp/libgcc.a(_ashldi3.o)
                              /usr/lib/gcc/arm-none-eabi/10.3.0/thumb/v6-m/nofp/libgcc.a(_udivmoddi4.o) (__aeabi_llsl)
/usr/lib/gcc/arm-none-eabi/10.3.0/thumb/v6-m/nofp/libgcc.a(_clzdi2.o)
                              /usr/lib/gcc/arm-none-eabi/10.3.0/thumb/v6-m/nofp/libgcc.a(_udivmoddi4.o) (__clzdi2)
/usr/lib/gcc/arm-none-eabi/10.3.0/thumb/v6-m/nofp/libgcc.a(_clzsi2.o)
                              /usr/lib/gcc/arm-none-eabi/10.3.0/thumb/v6-m/nofp/libgcc.a(_clzdi2.o) (__clzsi2)
/usr/lib/gcc/arm-none-eabi/10.3.0/../../../../arm-none-eabi/lib/thumb/v6-m/nofp/libc_nano.a(lib_a-aeabi_memclr.o)
                              build/nanos/obj/crypto.o (__aeabi_memclr)
/usr/lib/gcc/arm-none-eabi/10.3.0/../../../../arm-none-eabi/lib/thumb/v6-m/nofp/libc_nano.a(lib_a-aeabi_memcpy.o)
                              build/nanos/obj/crypto.o (__aeabi_memcpy)
/usr/lib/gcc/arm-none-eabi/10.3.0/../../../../arm-none-eabi/lib/thumb/v6-m/nofp/libc_nano.a(lib_a-aeabi_memmove.o)
                              build/nanos/obj/crypto.o (__aeabi_memmove)
/usr/lib/gcc/arm-none-eabi/10.3.0/../../../../arm-none-eabi/lib/thumb/v6-m/nofp/libc_nano.a(lib_a-aeabi_memset.o)
                              build/nanos/obj/os.o (__aeabi_memset)
/usr/lib/gcc/arm-none-eabi/10.3.0/../../../../arm-none-eabi/lib/thumb/v6-m/nofp/libc_nano.a(lib_a-explicit_bzero.o)
                              build/nanos/obj/crypto.o (explicit_bzero)
/usr/lib/gcc/arm-none-eabi/10.3.0/../../../../arm-none-eabi/lib/thumb/v6-m/nofp/libc_nano.a(lib_a-memcmp.o)
                              build/nanos/obj/crypto.o (memcmp)
/usr/lib/gcc/arm-none-eabi/10.3.0/../../../../arm-none-eabi/lib/thumb/v6-m/nofp/libc_nano.a(lib_a-memcpy-stub.o)
                              /usr/lib/gcc/arm-none-eabi/10.3.0/../../../../arm-none-eabi/lib/thumb/v6-m/nofp/libc_nano.a(lib_a-aeabi_memcpy.o) (memcpy)
/usr/lib/gcc/arm-none-eabi/10.3.0/../../../../arm-none-eabi/lib/thumb/v6-m/nofp/libc_nano.a(lib_a-memmove.o)
                              /usr/lib/gcc/arm-none-eabi/10.3.0/../../../../arm-none-eabi/lib/thumb/v6-m/nofp/libc_nano.a(lib_a-aeabi_memmove.o) (memmove)
/usr/lib/gcc/arm-none-eabi/10.3.0/../../../../arm-none-eabi/lib/thumb/v6-m/nofp/libc_nano.a(lib_a-memset.o)
                              /usr/lib/gcc/arm-none-eabi/10.3.0/../../../../arm-none-eabi/lib/thumb/v6-m/nofp/libc_nano.a(lib_a-aeabi_memset.o) (memset)
/usr/lib/gcc/arm-none-eabi/10.3.0/../../../../arm-none-eabi/lib/thumb/v6-m/nofp/libc_nano.a(lib_a-setjmp.o)
                              build/nanos/obj/crypto.o (setjmp)
/usr/lib/gcc/arm-none-eabi/10.3.0/../../../../arm-none-eabi/lib/thumb/v6-m/nofp/libc_nano.a(lib_a-strlen-stub.o)
                              build/nanos/obj/get_address_bagl.o (strlen)
/usr/lib/gcc/arm-none-eabi/10.3.0/../../../../arm-none-eabi/lib/thumb/v6-m/nofp/libc_nano.a(lib_a-strnlen.o)
                              build/nanos/obj/crypto.o (strnlen)
/usr/lib/gcc/arm-none-eabi/10.3.0/../../../../arm-none-eabi/lib/thumb/v6-m/nofp/libc_nano.a(lib_a-bzero.o)
                              /usr/lib/gcc/arm-none-eabi/10.3.0/../../../../arm-none-eabi/lib/thumb/v6-m/nofp/libc_nano.a(lib_a-explicit_bzero.o) (bzero)

Discarded input sections

 .text          0x0000000000000000        0x0 build/nanos/obj/bagl.o
 .text.bagl_draw_bg
                0x0000000000000000       0x32 build/nanos/obj/bagl.o
 .ARM.exidx.text.bagl_draw_bg
                0x0000000000000000        0x8 build/nanos/obj/bagl.o
 .text.bagl_draw_with_context
                0x0000000000000000      0x41c build/nanos/obj/bagl.o
 .ARM.exidx.text.bagl_draw_with_context
                0x0000000000000000        0x8 build/nanos/obj/bagl.o
 .text.bagl_get_font
                0x0000000000000000       0x4c build/nanos/obj/bagl.o
 .ARM.exidx.text.bagl_get_font
                0x0000000000000000        0x8 build/nanos/obj/bagl.o
[...]
Memory Configuration

Name             Origin             Length             Attributes
DISCARD          0x00000000d0000000 0x0000000000100000 xrw
FLASH            0x00000000c0d00000 0x0000000000064000 xr
SRAM             0x0000000020000200 0x0000000000001200 xrw
CXSRAM           0x0000000020001400 0x0000000000000400 xrw
*default*        0x0000000000000000 0xffffffffffffffff

Linker script and memory map

LOAD build/nanos/obj/bagl.o
LOAD build/nanos/obj/bagl_fonts.o
LOAD build/nanos/obj/bagl_glyphs.o
LOAD build/nanos/obj/checks.o
LOAD build/nanos/obj/crypto.o
LOAD build/nanos/obj/curve_checks.o
LOAD build/nanos/obj/cx_stubs.o
LOAD build/nanos/obj/get_address.o
LOAD build/nanos/obj/get_address_bagl.o
LOAD build/nanos/obj/get_address_nbgl.o
LOAD build/nanos/obj/globals.o
LOAD build/nanos/obj/glyphs.o
LOAD build/nanos/obj/ledger_protocol.o
LOAD build/nanos/obj/main.o
LOAD build/nanos/obj/menu_bagl.o
LOAD build/nanos/obj/menu_nbgl.o
LOAD build/nanos/obj/os.o
LOAD build/nanos/obj/os_io_seproxyhal.o
LOAD build/nanos/obj/os_io_task.o
LOAD build/nanos/obj/os_io_usb.o
LOAD build/nanos/obj/os_printf.o
LOAD build/nanos/obj/parse_tx.o
LOAD build/nanos/obj/pic.o
LOAD build/nanos/obj/poseidon.o
LOAD build/nanos/obj/random_oracle_input.o
LOAD build/nanos/obj/sign_tx.o
LOAD build/nanos/obj/sign_tx_bagl.o
LOAD build/nanos/obj/sign_tx_nbgl.o
LOAD build/nanos/obj/svc_call.o
LOAD build/nanos/obj/svc_cx_call.o
LOAD build/nanos/obj/syscalls.o
LOAD build/nanos/obj/test_crypto.o
LOAD build/nanos/obj/test_crypto_bagl.o
LOAD build/nanos/obj/test_crypto_nbgl.o
LOAD build/nanos/obj/transaction.o
LOAD build/nanos/obj/u2f_impl.o
LOAD build/nanos/obj/u2f_io.o
LOAD build/nanos/obj/u2f_transport.o
LOAD build/nanos/obj/usbd_ccid_cmd.o
LOAD build/nanos/obj/usbd_ccid_core.o
LOAD build/nanos/obj/usbd_ccid_if.o
LOAD build/nanos/obj/usbd_conf.o
LOAD build/nanos/obj/usbd_core.o
LOAD build/nanos/obj/usbd_ctlreq.o
LOAD build/nanos/obj/usbd_hid.o
LOAD build/nanos/obj/usbd_impl.o
LOAD build/nanos/obj/usbd_ioreq.o
LOAD build/nanos/obj/utils.o
LOAD build/nanos/obj/ux_flow_engine.o
LOAD build/nanos/obj/ux_layout_bb.o
LOAD build/nanos/obj/ux_layout_bn.o
LOAD build/nanos/obj/ux_layout_bnn.o
LOAD build/nanos/obj/ux_layout_bnnn.o
LOAD build/nanos/obj/ux_layout_nn.o
LOAD build/nanos/obj/ux_layout_nnbnn.o
LOAD build/nanos/obj/ux_layout_nnn.o
LOAD build/nanos/obj/ux_layout_nnnn.o
LOAD build/nanos/obj/ux_layout_paging.o
LOAD build/nanos/obj/ux_layout_paging_compute.o
LOAD build/nanos/obj/ux_layout_pb.o
LOAD build/nanos/obj/ux_layout_pbb.o
LOAD build/nanos/obj/ux_layout_pbn.o
LOAD build/nanos/obj/ux_layout_pn.o
LOAD build/nanos/obj/ux_layout_pnn.o
LOAD build/nanos/obj/ux_layout_utils.o
LOAD build/nanos/obj/ux_legacy.o
LOAD build/nanos/obj/ux_menulist.o
LOAD build/nanos/obj/ux_stack.o
LOAD /usr/lib/gcc/arm-none-eabi/10.3.0/../../../../arm-none-eabi/lib/thumb/v6-m/nofp/libm.a
LOAD /usr/lib/gcc/arm-none-eabi/10.3.0/thumb/v6-m/nofp/libgcc.a
LOAD /usr/lib/gcc/arm-none-eabi/10.3.0/../../../../arm-none-eabi/lib/thumb/v6-m/nofp/libc_nano.a
START GROUP
LOAD /usr/lib/gcc/arm-none-eabi/10.3.0/thumb/v6-m/nofp/libgcc.a
LOAD /usr/lib/gcc/arm-none-eabi/10.3.0/../../../../arm-none-eabi/lib/thumb/v6-m/nofp/libg_nano.a
LOAD /usr/lib/gcc/arm-none-eabi/10.3.0/../../../../arm-none-eabi/lib/thumb/v6-m/nofp/libc_nano.a
END GROUP
START GROUP
LOAD /usr/lib/gcc/arm-none-eabi/10.3.0/thumb/v6-m/nofp/libgcc.a
LOAD /usr/lib/gcc/arm-none-eabi/10.3.0/../../../../arm-none-eabi/lib/thumb/v6-m/nofp/libc_nano.a
END GROUP
                0x0000000000000040                PAGE_SIZE = 0x40
                0x0000000000000400                STACK_SIZE = DEFINED (stack_size)?stack_size:0x400
                0x0000000020001400                END_STACK = (ORIGIN (SRAM) + LENGTH (SRAM))

.text           0x00000000c0d00000     0x8a40
                0x00000000c0d00000                _text = .
                0x00000000c0d00000                _nvram_start = .
 *(.boot*)
 .boot          0x00000000c0d00000       0x88 build/nanos/obj/main.o
                0x00000000c0d00000                main
 *(.text*)
 .text.field_copy
                0x00000000c0d00088        0xa build/nanos/obj/crypto.o
                0x00000000c0d00088                field_copy
 *fill*         0x00000000c0d00092        0x2 00
 .text.field_add
                0x00000000c0d00094       0x20 build/nanos/obj/crypto.o
                0x00000000c0d00094                field_add
 .text.field_sub
                0x00000000c0d000b4       0x20 build/nanos/obj/crypto.o
                0x00000000c0d000b4                field_sub
 .text.field_mul
                0x00000000c0d000d4       0x20 build/nanos/obj/crypto.o
                0x00000000c0d000d4                field_mul
 .text.field_sq
                0x00000000c0d000f4       0x24 build/nanos/obj/crypto.o
                0x00000000c0d000f4                field_sq
 .text.field_inv
                0x00000000c0d00118       0x1c build/nanos/obj/crypto.o
                0x00000000c0d00118                field_inv
 .text.field_pow
                0x00000000c0d00134       0x24 build/nanos/obj/crypto.o
                0x00000000c0d00134                field_pow
 .text.scalar_add
                0x00000000c0d00158       0x20 build/nanos/obj/crypto.o
                0x00000000c0d00158                scalar_add
 .text.scalar_mul
                0x00000000c0d00178       0x20 build/nanos/obj/crypto.o
                0x00000000c0d00178                scalar_mul
 .text.scalar_negate
                0x00000000c0d00198       0x2c build/nanos/obj/crypto.o
                0x00000000c0d00198                scalar_negate
 .text.group_dbl
                0x00000000c0d001c4      0x100 build/nanos/obj/crypto.o
                0x00000000c0d001c4                group_dbl
 .text.group_add
                0x00000000c0d002c4      0x1ac build/nanos/obj/crypto.o
                0x00000000c0d002c4                group_add
 .text.group_scalar_mul
                0x00000000c0d00470       0x90 build/nanos/obj/crypto.o
                0x00000000c0d00470                group_scalar_mul
 .text.affine_to_group
                0x00000000c0d00500       0x88 build/nanos/obj/crypto.o
                0x00000000c0d00500                affine_to_group
 .text.affine_from_group
                0x00000000c0d00588       0x6c build/nanos/obj/crypto.o
                0x00000000c0d00588                affine_from_group
 .text.affine_scalar_mul
                0x00000000c0d005f4       0x2a build/nanos/obj/crypto.o
                0x00000000c0d005f4                affine_scalar_mul
 *fill*         0x00000000c0d0061e        0x2 00
 .text.generate_keypair
                0x00000000c0d00620       0x50 build/nanos/obj/crypto.o
                0x00000000c0d00620                generate_keypair
 .text.generate_address
                0x00000000c0d00670       0x82 build/nanos/obj/crypto.o
                0x00000000c0d00670                generate_address
 .text.validate_address
                0x00000000c0d006f2       0x78 build/nanos/obj/crypto.o
                0x00000000c0d006f2                validate_address
 .text.message_derive
                0x00000000c0d0076a       0xa6 build/nanos/obj/crypto.o
                0x00000000c0d0076a                message_derive
 .text.message_hash
                0x00000000c0d00810       0x42 build/nanos/obj/crypto.o
                0x00000000c0d00810                message_hash
 *fill*         0x00000000c0d00852        0x2 00
 .text.sign     0x00000000c0d00854      0x104 build/nanos/obj/crypto.o
                0x00000000c0d00854                sign
 .text.cx_blake2b_init_no_throw
                0x00000000c0d00958        0xc build/nanos/obj/cx_stubs.o
                0x00000000c0d00958                cx_blake2b_init_no_throw
 .text.cx_crc16_update
                0x00000000c0d00964        0xc build/nanos/obj/cx_stubs.o
                0x00000000c0d00964                cx_crc16_update
 .text.cx_hash_get_size
                0x00000000c0d00970        0xc build/nanos/obj/cx_stubs.o
                0x00000000c0d00970                cx_hash_get_size
 .text.cx_hash_no_throw
                0x00000000c0d0097c        0xc build/nanos/obj/cx_stubs.o
                0x00000000c0d0097c                cx_hash_no_throw
 .text.cx_hash_sha256
                0x00000000c0d00988        0xc build/nanos/obj/cx_stubs.o
                0x00000000c0d00988                cx_hash_sha256
 .text.cx_math_addm_no_throw
                0x00000000c0d00994        0xc build/nanos/obj/cx_stubs.o
                0x00000000c0d00994                cx_math_addm_no_throw
 .text.cx_math_invprimem_no_throw
                0x00000000c0d009a0        0xc build/nanos/obj/cx_stubs.o
                0x00000000c0d009a0                cx_math_invprimem_no_throw
 .text.cx_math_multm_no_throw
                0x00000000c0d009ac        0xc build/nanos/obj/cx_stubs.o
                0x00000000c0d009ac                cx_math_multm_no_throw
 .text.cx_math_powm_no_throw
                0x00000000c0d009b8        0xc build/nanos/obj/cx_stubs.o
                0x00000000c0d009b8                cx_math_powm_no_throw
 .text.cx_math_subm_no_throw
                0x00000000c0d009c4        0xc build/nanos/obj/cx_stubs.o
                0x00000000c0d009c4                cx_math_subm_no_throw
 .text.cx_rng_no_throw
                0x00000000c0d009d0        0xc build/nanos/obj/cx_stubs.o
                0x00000000c0d009d0                cx_rng_no_throw
 .text.cx_x448  0x00000000c0d009dc       0x14 build/nanos/obj/cx_stubs.o
                0x00000000c0d009dc                cx_x448
 .text.handle_get_address
                0x00000000c0d009f0       0x1e build/nanos/obj/get_address.o
                0x00000000c0d009f0                handle_get_address
 .text.ux_get_address_result_flow_address_step_init
                0x00000000c0d00a0e       0x10 build/nanos/obj/get_address_bagl.o
                0x00000000c0d00a0e                ux_get_address_result_flow_address_step_init
 *fill*         0x00000000c0d00a1e        0x2 00
 .text.gen_address
                0x00000000c0d00a20       0x78 build/nanos/obj/get_address_bagl.o
 .text.ux_get_address_result_flow_approve_step_validateinit
                0x00000000c0d00a98       0x20 build/nanos/obj/get_address_bagl.o
                0x00000000c0d00a98                ux_get_address_result_flow_approve_step_validateinit
 .text.ux_get_address_result_flow_reject_step_validateinit
                0x00000000c0d00ab8        0xc build/nanos/obj/get_address_bagl.o
                0x00000000c0d00ab8                ux_get_address_result_flow_reject_step_validateinit
 .text.ux_get_address_flow_generate_step_validateinit
                0x00000000c0d00ac4       0x14 build/nanos/obj/get_address_bagl.o
                0x00000000c0d00ac4                ux_get_address_flow_generate_step_validateinit
 .text.ux_get_address_flow_cancel_step_validateinit
                0x00000000c0d00ad8        0xc build/nanos/obj/get_address_bagl.o
                0x00000000c0d00ad8                ux_get_address_flow_cancel_step_validateinit
 .text.ui_get_address
                0x00000000c0d00ae4       0x7c build/nanos/obj/get_address_bagl.o
                0x00000000c0d00ae4                ui_get_address
 .text.sendResponse
                0x00000000c0d00b60       0x38 build/nanos/obj/globals.o
                0x00000000c0d00b60                sendResponse
 .text.handleApdu
                0x00000000c0d00b98      0x118 build/nanos/obj/main.o
                0x00000000c0d00b98                handleApdu
 .text.app_main
                0x00000000c0d00cb0      0x100 build/nanos/obj/main.o
                0x00000000c0d00cb0                app_main
 .text.io_seproxyhal_display
                0x00000000c0d00db0        0x8 build/nanos/obj/main.o
                0x00000000c0d00db0                io_seproxyhal_display
 .text.io_event
                0x00000000c0d00db8      0x5c4 build/nanos/obj/main.o
                0x00000000c0d00db8                io_event
 .text.io_exchange_al
                0x00000000c0d0137c       0x44 build/nanos/obj/main.o
                0x00000000c0d0137c                io_exchange_al
 .text.app_exit
                0x00000000c0d013c0       0x40 build/nanos/obj/main.o
                0x00000000c0d013c0                app_exit
 .text.nv_app_state_init
                0x00000000c0d01400       0x34 build/nanos/obj/main.o
                0x00000000c0d01400                nv_app_state_init
 .text.ux_idle_flow_3_step_validateinit
                0x00000000c0d01434        0xa build/nanos/obj/menu_bagl.o
                0x00000000c0d01434                ux_idle_flow_3_step_validateinit
 *fill*         0x00000000c0d0143e        0x2 00
 .text.ui_idle  0x00000000c0d01440       0x24 build/nanos/obj/menu_bagl.o
                0x00000000c0d01440                ui_idle
 .text.os_boot  0x00000000c0d01464        0xa build/nanos/obj/os.o
                0x00000000c0d01464                os_boot
 .text.os_longjmp
                0x00000000c0d0146e        0xc build/nanos/obj/os.o
                0x00000000c0d0146e                os_longjmp
 *fill*         0x00000000c0d0147a        0x2 00
 .text.io_seproxyhal_general_status
                0x00000000c0d0147c       0x14 build/nanos/obj/os_io_seproxyhal.o
                0x00000000c0d0147c                io_seproxyhal_general_status
 .text.io_seproxyhal_handle_usb_event
                0x00000000c0d01490       0x68 build/nanos/obj/os_io_seproxyhal.o
                0x00000000c0d01490                io_seproxyhal_handle_usb_event
 .text.io_seproxyhal_get_ep_rx_size
                0x00000000c0d014f8       0x18 build/nanos/obj/os_io_seproxyhal.o
                0x00000000c0d014f8                io_seproxyhal_get_ep_rx_size
 .text.io_seproxyhal_handle_usb_ep_xfer_event
                0x00000000c0d01510       0x64 build/nanos/obj/os_io_seproxyhal.o
                0x00000000c0d01510                io_seproxyhal_handle_usb_ep_xfer_event
 .text.io_usb_send_ep
                0x00000000c0d01574       0x4c build/nanos/obj/os_io_seproxyhal.o
                0x00000000c0d01574                io_usb_send_ep
 .text.io_usb_send_apdu_data
                0x00000000c0d015c0       0x10 build/nanos/obj/os_io_seproxyhal.o
                0x00000000c0d015c0                io_usb_send_apdu_data
 .text.io_usb_send_apdu_data_ep0x83
                0x00000000c0d015d0       0x10 build/nanos/obj/os_io_seproxyhal.o
                0x00000000c0d015d0                io_usb_send_apdu_data_ep0x83
 .text.io_seproxyhal_handle_event
                0x00000000c0d015e0       0xa8 build/nanos/obj/os_io_seproxyhal.o
                0x00000000c0d015e0                io_seproxyhal_handle_event
 .text.io_seproxyhal_init
                0x00000000c0d01688       0x30 build/nanos/obj/os_io_seproxyhal.o
                0x00000000c0d01688                io_seproxyhal_init
 .text.io_seproxyhal_init_ux
                0x00000000c0d016b8        0x2 build/nanos/obj/os_io_seproxyhal.o
                0x00000000c0d016b8                io_seproxyhal_init_ux
 *fill*         0x00000000c0d016ba        0x2 00
 .text.io_seproxyhal_init_button
                0x00000000c0d016bc       0x10 build/nanos/obj/os_io_seproxyhal.o
                0x00000000c0d016bc                io_seproxyhal_init_button
 .text.io_seproxyhal_display_icon
                0x00000000c0d016cc       0xa0 build/nanos/obj/os_io_seproxyhal.o
                0x00000000c0d016cc                io_seproxyhal_display_icon
 .text.io_seproxyhal_display_default
                0x00000000c0d0176c       0x90 build/nanos/obj/os_io_seproxyhal.o
                0x00000000c0d0176c                io_seproxyhal_display_default
 .text.io_seproxyhal_button_push
                0x00000000c0d017fc       0x64 build/nanos/obj/os_io_seproxyhal.o
                0x00000000c0d017fc                io_seproxyhal_button_push
 .text.os_io_seproxyhal_get_app_name_and_version
                0x00000000c0d01860       0x48 build/nanos/obj/os_io_seproxyhal.o
                0x00000000c0d01860                os_io_seproxyhal_get_app_name_and_version
 .text.io_exchange
                0x00000000c0d018a8      0x2d8 build/nanos/obj/os_io_seproxyhal.o
                0x00000000c0d018a8                io_exchange
 .text.os_io_seph_recv_and_process
                0x00000000c0d01b80       0x48 build/nanos/obj/os_io_seproxyhal.o
                0x00000000c0d01b80                os_io_seph_recv_and_process
 .text.io_seproxyhal_io_heartbeat
                0x00000000c0d01bc8       0x34 build/nanos/obj/os_io_seproxyhal.o
                0x00000000c0d01bc8                io_seproxyhal_io_heartbeat
 .text.io_usb_hid_receive
                0x00000000c0d01bfc      0x150 build/nanos/obj/os_io_usb.o
                0x00000000c0d01bfc                io_usb_hid_receive
 .text.io_usb_hid_init
                0x00000000c0d01d4c       0x1c build/nanos/obj/os_io_usb.o
                0x00000000c0d01d4c                io_usb_hid_init
 .text.io_usb_hid_sent
                0x00000000c0d01d68       0xbc build/nanos/obj/os_io_usb.o
                0x00000000c0d01d68                io_usb_hid_sent
 .text.io_usb_hid_send
                0x00000000c0d01e24       0x34 build/nanos/obj/os_io_usb.o
                0x00000000c0d01e24                io_usb_hid_send
 .text.snprintf
                0x00000000c0d01e58      0x390 build/nanos/obj/os_printf.o
                0x00000000c0d01e58                snprintf
 .text.parse_tx
                0x00000000c0d021e8      0x198 build/nanos/obj/parse_tx.o
                0x00000000c0d021e8                parse_tx
 .text.pic_internal
                0x00000000c0d02380       0x10 build/nanos/obj/pic.o
                0x00000000c0d02380                pic_internal
 .text.pic      0x00000000c0d02390       0x1c build/nanos/obj/pic.o
                0x00000000c0d02390                pic
 .text.matrix_mul
                0x00000000c0d023ac       0x70 build/nanos/obj/poseidon.o
                0x00000000c0d023ac                matrix_mul
 .text.poseidon_permutation
                0x00000000c0d0241c       0xb0 build/nanos/obj/poseidon.o
                0x00000000c0d0241c                poseidon_permutation
 .text.poseidon_init
                0x00000000c0d024cc       0x24 build/nanos/obj/poseidon.o
                0x00000000c0d024cc                poseidon_init
 .text.poseidon_update
                0x00000000c0d024f0       0x7e build/nanos/obj/poseidon.o
                0x00000000c0d024f0                poseidon_update
 .text.poseidon_digest
                0x00000000c0d0256e        0x8 build/nanos/obj/poseidon.o
                0x00000000c0d0256e                poseidon_digest
 .text.roinput_add_field
                0x00000000c0d02576       0x32 build/nanos/obj/random_oracle_input.o
                0x00000000c0d02576                roinput_add_field
 .text.roinput_add_bit
                0x00000000c0d025a8       0x1e build/nanos/obj/random_oracle_input.o
                0x00000000c0d025a8                roinput_add_bit
 .text.roinput_add_scalar
                0x00000000c0d025c6       0x3e build/nanos/obj/random_oracle_input.o
                0x00000000c0d025c6                roinput_add_scalar
 .text.roinput_add_bytes
                0x00000000c0d02604       0x5a build/nanos/obj/random_oracle_input.o
                0x00000000c0d02604                roinput_add_bytes
 .text.roinput_add_uint32
                0x00000000c0d0265e       0x22 build/nanos/obj/random_oracle_input.o
                0x00000000c0d0265e                roinput_add_uint32
 .text.roinput_add_uint64
                0x00000000c0d02680       0x30 build/nanos/obj/random_oracle_input.o
                0x00000000c0d02680                roinput_add_uint64
 .text.roinput_to_bytes
                0x00000000c0d026b0       0x76 build/nanos/obj/random_oracle_input.o
                0x00000000c0d026b0                roinput_to_bytes
 .text.roinput_to_fields
                0x00000000c0d02726       0xaa build/nanos/obj/random_oracle_input.o
                0x00000000c0d02726                roinput_to_fields
 .text.roinput_derive_message
                0x00000000c0d027d0       0xea build/nanos/obj/random_oracle_input.o
                0x00000000c0d027d0                roinput_derive_message
 .text.roinput_hash_message
                0x00000000c0d028ba       0xdc build/nanos/obj/random_oracle_input.o
                0x00000000c0d028ba                roinput_hash_message
 .text.handle_sign_tx
                0x00000000c0d02996       0x16 build/nanos/obj/sign_tx.o
                0x00000000c0d02996                handle_sign_tx
 .text.ux_sign_tx_done_flow_done_step_init
                0x00000000c0d029ac       0x10 build/nanos/obj/sign_tx_bagl.o
                0x00000000c0d029ac                ux_sign_tx_done_flow_done_step_init
 .text.sign_transaction
                0x00000000c0d029bc       0xd4 build/nanos/obj/sign_tx_bagl.o
 .text.ux_sign_tx_flow_approve_step_validateinit
                0x00000000c0d02a90       0x14 build/nanos/obj/sign_tx_bagl.o
                0x00000000c0d02a90                ux_sign_tx_flow_approve_step_validateinit
 .text.ux_sign_tx_flow_reject_step_validateinit
                0x00000000c0d02aa4        0xc build/nanos/obj/sign_tx_bagl.o
                0x00000000c0d02aa4                ux_sign_tx_flow_reject_step_validateinit
 .text.ui_sign_tx
                0x00000000c0d02ab0       0xe8 build/nanos/obj/sign_tx_bagl.o
                0x00000000c0d02ab0                ui_sign_tx
 .text          0x00000000c0d02b98        0xe build/nanos/obj/svc_call.o
                0x00000000c0d02b98                SVC_Call
 *fill*         0x00000000c0d02ba6        0x2 00
 .text.get_api_level
                0x00000000c0d02ba8       0x1c build/nanos/obj/syscalls.o
                0x00000000c0d02ba8                get_api_level
 .text.halt     0x00000000c0d02bc4       0x18 build/nanos/obj/syscalls.o
                0x00000000c0d02bc4                halt
 .text.nvm_write
                0x00000000c0d02bdc       0x18 build/nanos/obj/syscalls.o
                0x00000000c0d02bdc                nvm_write
 .text.os_perso_isonboarded
                0x00000000c0d02bf4       0x1c build/nanos/obj/syscalls.o
                0x00000000c0d02bf4                os_perso_isonboarded
 .text.os_perso_derive_node_bip32
                0x00000000c0d02c10       0x20 build/nanos/obj/syscalls.o
                0x00000000c0d02c10                os_perso_derive_node_bip32
 .text.os_perso_seed_cookie
                0x00000000c0d02c30       0x18 build/nanos/obj/syscalls.o
                0x00000000c0d02c30                os_perso_seed_cookie
 .text.os_global_pin_is_validated
                0x00000000c0d02c48       0x1c build/nanos/obj/syscalls.o
                0x00000000c0d02c48                os_global_pin_is_validated
 .text.os_ux    0x00000000c0d02c64       0x1c build/nanos/obj/syscalls.o
                0x00000000c0d02c64                os_ux
 .text.os_flags
                0x00000000c0d02c80       0x18 build/nanos/obj/syscalls.o
                0x00000000c0d02c80                os_flags
 .text.os_registry_get_current_app_tag
                0x00000000c0d02c98       0x18 build/nanos/obj/syscalls.o
                0x00000000c0d02c98                os_registry_get_current_app_tag
 .text.os_sched_exit
                0x00000000c0d02cb0       0x1c build/nanos/obj/syscalls.o
                0x00000000c0d02cb0                os_sched_exit
 .text.io_seph_send
                0x00000000c0d02ccc       0x18 build/nanos/obj/syscalls.o
                0x00000000c0d02ccc                io_seph_send
 .text.io_seph_is_status_sent
                0x00000000c0d02ce4       0x18 build/nanos/obj/syscalls.o
                0x00000000c0d02ce4                io_seph_is_status_sent
 .text.io_seph_recv
                0x00000000c0d02cfc       0x1c build/nanos/obj/syscalls.o
                0x00000000c0d02cfc                io_seph_recv
 .text.try_context_get
                0x00000000c0d02d18       0x18 build/nanos/obj/syscalls.o
                0x00000000c0d02d18                try_context_get
 .text.try_context_set
                0x00000000c0d02d30       0x1c build/nanos/obj/syscalls.o
                0x00000000c0d02d30                try_context_set
 .text.os_sched_last_status
                0x00000000c0d02d4c       0x1c build/nanos/obj/syscalls.o
                0x00000000c0d02d4c                os_sched_last_status
 .text.transaction_to_roinput
                0x00000000c0d02d68       0xb8 build/nanos/obj/transaction.o
                0x00000000c0d02d68                transaction_to_roinput
 .text.transaction_prepare_memo
                0x00000000c0d02e20       0x40 build/nanos/obj/transaction.o
                0x00000000c0d02e20                transaction_prepare_memo
 .text.u2f_apdu_sign
                0x00000000c0d02e60      0x104 build/nanos/obj/u2f_impl.o
                0x00000000c0d02e60                u2f_apdu_sign
 .text.u2f_handle_cmd_init
                0x00000000c0d02f64       0xd8 build/nanos/obj/u2f_impl.o
                0x00000000c0d02f64                u2f_handle_cmd_init
 .text.u2f_handle_cmd_msg
                0x00000000c0d0303c       0xb4 build/nanos/obj/u2f_impl.o
                0x00000000c0d0303c                u2f_handle_cmd_msg
 .text.u2f_message_complete
                0x00000000c0d030f0       0x3c build/nanos/obj/u2f_impl.o
                0x00000000c0d030f0                u2f_message_complete
 .text.u2f_io_send
                0x00000000c0d0312c       0x30 build/nanos/obj/u2f_io.o
                0x00000000c0d0312c                u2f_io_send
 .text.u2f_transport_init
                0x00000000c0d0315c       0x18 build/nanos/obj/u2f_transport.o
                0x00000000c0d0315c                u2f_transport_init
 .text.u2f_transport_sent
                0x00000000c0d03174       0xfc build/nanos/obj/u2f_transport.o
                0x00000000c0d03174                u2f_transport_sent
 .text.u2f_message_repliable
                0x00000000c0d03270       0x24 build/nanos/obj/u2f_transport.o
                0x00000000c0d03270                u2f_message_repliable
 .text.u2f_transport_receive_fakeChannel
                0x00000000c0d03294      0x128 build/nanos/obj/u2f_transport.o
                0x00000000c0d03294                u2f_transport_receive_fakeChannel
 .text.u2f_transport_received
                0x00000000c0d033bc      0x428 build/nanos/obj/u2f_transport.o
                0x00000000c0d033bc                u2f_transport_received
 .text.u2f_is_channel_broadcast
                0x00000000c0d037e4       0x1c build/nanos/obj/u2f_transport.o
                0x00000000c0d037e4                u2f_is_channel_broadcast
 .text.u2f_message_set_autoreply_wait_user_presence
                0x00000000c0d03800       0x58 build/nanos/obj/u2f_transport.o
                0x00000000c0d03800                u2f_message_set_autoreply_wait_user_presence
 .text.u2f_message_reply
                0x00000000c0d03858       0x64 build/nanos/obj/u2f_transport.o
                0x00000000c0d03858                u2f_message_reply
 .text.USBD_LL_Init
                0x00000000c0d038bc       0x14 build/nanos/obj/usbd_conf.o
                0x00000000c0d038bc                USBD_LL_Init
 .text.USBD_LL_DeInit
                0x00000000c0d038d0       0x24 build/nanos/obj/usbd_conf.o
                0x00000000c0d038d0                USBD_LL_DeInit
 .text.USBD_LL_Start
                0x00000000c0d038f4       0x38 build/nanos/obj/usbd_conf.o
                0x00000000c0d038f4                USBD_LL_Start
 .text.USBD_LL_Stop
                0x00000000c0d0392c       0x22 build/nanos/obj/usbd_conf.o
                0x00000000c0d0392c                USBD_LL_Stop
 *fill*         0x00000000c0d0394e        0x2 00
 .text.USBD_LL_OpenEP
                0x00000000c0d03950       0x60 build/nanos/obj/usbd_conf.o
                0x00000000c0d03950                USBD_LL_OpenEP
 .text.USBD_LL_StallEP
                0x00000000c0d039b0       0x48 build/nanos/obj/usbd_conf.o
                0x00000000c0d039b0                USBD_LL_StallEP
 .text.USBD_LL_ClearStallEP
                0x00000000c0d039f8       0x48 build/nanos/obj/usbd_conf.o
                0x00000000c0d039f8                USBD_LL_ClearStallEP
 .text.USBD_LL_IsStallEP
                0x00000000c0d03a40       0x20 build/nanos/obj/usbd_conf.o
                0x00000000c0d03a40                USBD_LL_IsStallEP
 .text.USBD_LL_SetUSBAddress
                0x00000000c0d03a60       0x24 build/nanos/obj/usbd_conf.o
                0x00000000c0d03a60                USBD_LL_SetUSBAddress
 .text.USBD_LL_Transmit
                0x00000000c0d03a84       0x32 build/nanos/obj/usbd_conf.o
                0x00000000c0d03a84                USBD_LL_Transmit
 .text.USBD_LL_PrepareReceive
                0x00000000c0d03ab6       0x26 build/nanos/obj/usbd_conf.o
                0x00000000c0d03ab6                USBD_LL_PrepareReceive
 .text.USBD_Init
                0x00000000c0d03adc       0x38 build/nanos/obj/usbd_core.o
                0x00000000c0d03adc                USBD_Init
 .text.USBD_DeInit
                0x00000000c0d03b14       0x3c build/nanos/obj/usbd_core.o
                0x00000000c0d03b14                USBD_DeInit
 .text.USBD_RegisterClassForInterface
                0x00000000c0d03b50       0x1a build/nanos/obj/usbd_core.o
                0x00000000c0d03b50                USBD_RegisterClassForInterface
 .text.USBD_Start
                0x00000000c0d03b6a        0xa build/nanos/obj/usbd_core.o
                0x00000000c0d03b6a                USBD_Start
 .text.USBD_SetClassConfig
                0x00000000c0d03b74       0x36 build/nanos/obj/usbd_core.o
                0x00000000c0d03b74                USBD_SetClassConfig
 .text.USBD_ClrClassConfig
                0x00000000c0d03baa       0x36 build/nanos/obj/usbd_core.o
                0x00000000c0d03baa                USBD_ClrClassConfig
 .text.USBD_LL_SetupStage
                0x00000000c0d03be0       0x5c build/nanos/obj/usbd_core.o
                0x00000000c0d03be0                USBD_LL_SetupStage
 .text.USBD_LL_DataOutStage
                0x00000000c0d03c3c       0xac build/nanos/obj/usbd_core.o
                0x00000000c0d03c3c                USBD_LL_DataOutStage
 .text.USBD_LL_DataInStage
                0x00000000c0d03ce8       0xd8 build/nanos/obj/usbd_core.o
                0x00000000c0d03ce8                USBD_LL_DataInStage
 .text.USBD_LL_Reset
                0x00000000c0d03dc0       0x3e build/nanos/obj/usbd_core.o
                0x00000000c0d03dc0                USBD_LL_Reset
 .text.USBD_LL_SetSpeed
                0x00000000c0d03dfe        0x6 build/nanos/obj/usbd_core.o
                0x00000000c0d03dfe                USBD_LL_SetSpeed
 .text.USBD_LL_Suspend
                0x00000000c0d03e04        0x4 build/nanos/obj/usbd_core.o
                0x00000000c0d03e04                USBD_LL_Suspend
 .text.USBD_LL_Resume
                0x00000000c0d03e08        0x4 build/nanos/obj/usbd_core.o
                0x00000000c0d03e08                USBD_LL_Resume
 .text.USBD_LL_SOF
                0x00000000c0d03e0c       0x3a build/nanos/obj/usbd_core.o
                0x00000000c0d03e0c                USBD_LL_SOF
 .text.usbd_is_valid_intf
                0x00000000c0d03e46       0x16 build/nanos/obj/usbd_ctlreq.o
                0x00000000c0d03e46                usbd_is_valid_intf
 .text.USBD_StdDevReq
                0x00000000c0d03e5c       0x5a build/nanos/obj/usbd_ctlreq.o
                0x00000000c0d03e5c                USBD_StdDevReq
 .text.USBD_GetDescriptor
                0x00000000c0d03eb6       0xfa build/nanos/obj/usbd_ctlreq.o
                0x00000000c0d03eb6                USBD_GetDescriptor
 .text.USBD_SetAddress
                0x00000000c0d03fb0       0x46 build/nanos/obj/usbd_ctlreq.o
                0x00000000c0d03fb0                USBD_SetAddress
 .text.USBD_SetConfig
                0x00000000c0d03ff6       0x6e build/nanos/obj/usbd_ctlreq.o
                0x00000000c0d03ff6                USBD_SetConfig
 .text.USBD_GetConfig
                0x00000000c0d04064       0x2e build/nanos/obj/usbd_ctlreq.o
                0x00000000c0d04064                USBD_GetConfig
 .text.USBD_GetStatus
                0x00000000c0d04092       0x48 build/nanos/obj/usbd_ctlreq.o
                0x00000000c0d04092                USBD_GetStatus
 .text.USBD_SetFeature
                0x00000000c0d040da       0x3a build/nanos/obj/usbd_ctlreq.o
                0x00000000c0d040da                USBD_SetFeature
 .text.USBD_ClrFeature
                0x00000000c0d04114       0x52 build/nanos/obj/usbd_ctlreq.o
                0x00000000c0d04114                USBD_ClrFeature
 .text.USBD_StdItfReq
                0x00000000c0d04166       0x48 build/nanos/obj/usbd_ctlreq.o
                0x00000000c0d04166                USBD_StdItfReq
 .text.USBD_StdEPReq
                0x00000000c0d041ae      0x106 build/nanos/obj/usbd_ctlreq.o
                0x00000000c0d041ae                USBD_StdEPReq
 .text.USBD_ParseSetupRequest
                0x00000000c0d042b4       0x28 build/nanos/obj/usbd_ctlreq.o
                0x00000000c0d042b4                USBD_ParseSetupRequest
 .text.USBD_CtlStall
                0x00000000c0d042dc       0x14 build/nanos/obj/usbd_ctlreq.o
                0x00000000c0d042dc                USBD_CtlStall
 .text.USBD_HID_Setup
                0x00000000c0d042f0       0x94 build/nanos/obj/usbd_hid.o
                0x00000000c0d042f0                USBD_HID_Setup
 .text.USBD_HID_Init
                0x00000000c0d04384       0x32 build/nanos/obj/usbd_hid.o
                0x00000000c0d04384                USBD_HID_Init
 .text.USBD_HID_DeInit
                0x00000000c0d043b6        0x4 build/nanos/obj/usbd_hid.o
                0x00000000c0d043b6                USBD_HID_DeInit
 *fill*         0x00000000c0d043ba        0x2 00
 .text.USBD_HID_GetHidDescriptor_impl
                0x00000000c0d043bc       0x34 build/nanos/obj/usbd_impl.o
                0x00000000c0d043bc                USBD_HID_GetHidDescriptor_impl
 .text.USBD_HID_GetReportDescriptor_impl
                0x00000000c0d043f0       0x64 build/nanos/obj/usbd_impl.o
                0x00000000c0d043f0                USBD_HID_GetReportDescriptor_impl
 .text.USBD_U2F_Init
                0x00000000c0d04454       0x32 build/nanos/obj/usbd_impl.o
                0x00000000c0d04454                USBD_U2F_Init
 *fill*         0x00000000c0d04486        0x2 00
 .text.USBD_U2F_DataIn_impl
                0x00000000c0d04488       0x18 build/nanos/obj/usbd_impl.o
                0x00000000c0d04488                USBD_U2F_DataIn_impl
 .text.USBD_U2F_DataOut_impl
                0x00000000c0d044a0       0x2c build/nanos/obj/usbd_impl.o
                0x00000000c0d044a0                USBD_U2F_DataOut_impl
 .text.USBD_HID_DataIn_impl
                0x00000000c0d044cc       0x18 build/nanos/obj/usbd_impl.o
                0x00000000c0d044cc                USBD_HID_DataIn_impl
 .text.USBD_HID_DataOut_impl
                0x00000000c0d044e4       0x4c build/nanos/obj/usbd_impl.o
                0x00000000c0d044e4                USBD_HID_DataOut_impl
 .text.USBD_WEBUSB_Init
                0x00000000c0d04530       0x2c build/nanos/obj/usbd_impl.o
                0x00000000c0d04530                USBD_WEBUSB_Init
 .text.USBD_WEBUSB_DeInit
                0x00000000c0d0455c        0x4 build/nanos/obj/usbd_impl.o
                0x00000000c0d0455c                USBD_WEBUSB_DeInit
 .text.USBD_WEBUSB_Setup
                0x00000000c0d04560        0x4 build/nanos/obj/usbd_impl.o
                0x00000000c0d04560                USBD_WEBUSB_Setup
 .text.USBD_WEBUSB_DataIn
                0x00000000c0d04564       0x18 build/nanos/obj/usbd_impl.o
                0x00000000c0d04564                USBD_WEBUSB_DataIn
 .text.USBD_WEBUSB_DataOut
                0x00000000c0d0457c       0x4c build/nanos/obj/usbd_impl.o
                0x00000000c0d0457c                USBD_WEBUSB_DataOut
 .text.USBD_DeviceDescriptor
                0x00000000c0d045c8       0x10 build/nanos/obj/usbd_impl.o
 .text.USBD_LangIDStrDescriptor
                0x00000000c0d045d8       0x10 build/nanos/obj/usbd_impl.o
 .text.USBD_ManufacturerStrDescriptor
                0x00000000c0d045e8       0x10 build/nanos/obj/usbd_impl.o
 .text.USBD_ProductStrDescriptor
                0x00000000c0d045f8       0x10 build/nanos/obj/usbd_impl.o
 .text.USBD_SerialStrDescriptor
                0x00000000c0d04608       0x10 build/nanos/obj/usbd_impl.o
 .text.USBD_ConfigStrDescriptor
                0x00000000c0d04618       0x10 build/nanos/obj/usbd_impl.o
 .text.USBD_InterfaceStrDescriptor
                0x00000000c0d04628       0x10 build/nanos/obj/usbd_impl.o
 .text.USBD_BOSDescriptor
                0x00000000c0d04638       0x10 build/nanos/obj/usbd_impl.o
 .text.USBD_CtlError
                0x00000000c0d04648       0xa8 build/nanos/obj/usbd_impl.o
                0x00000000c0d04648                USBD_CtlError
 .text.USB_power
                0x00000000c0d046f0       0x98 build/nanos/obj/usbd_impl.o
                0x00000000c0d046f0                USB_power
 .text.USBD_GetCfgDesc_impl
                0x00000000c0d04788       0x10 build/nanos/obj/usbd_impl.o
 .text.USBD_GetDeviceQualifierDesc_impl
                0x00000000c0d04798       0x10 build/nanos/obj/usbd_impl.o
 .text.USBD_CtlSendData
                0x00000000c0d047a8       0x2c build/nanos/obj/usbd_ioreq.o
                0x00000000c0d047a8                USBD_CtlSendData
 .text.USBD_CtlContinueSendData
                0x00000000c0d047d4       0x1c build/nanos/obj/usbd_ioreq.o
                0x00000000c0d047d4                USBD_CtlContinueSendData
 .text.USBD_CtlContinueRx
                0x00000000c0d047f0        0xe build/nanos/obj/usbd_ioreq.o
                0x00000000c0d047f0                USBD_CtlContinueRx
 .text.USBD_CtlSendStatus
                0x00000000c0d047fe       0x18 build/nanos/obj/usbd_ioreq.o
                0x00000000c0d047fe                USBD_CtlSendStatus
 .text.USBD_CtlReceiveStatus
                0x00000000c0d04816       0x16 build/nanos/obj/usbd_ioreq.o
                0x00000000c0d04816                USBD_CtlReceiveStatus
 .text.b58_encode
                0x00000000c0d0482c      0x108 build/nanos/obj/utils.o
                0x00000000c0d0482c                b58_encode
 .text.b58_decode
                0x00000000c0d04934      0x104 build/nanos/obj/utils.o
                0x00000000c0d04934                b58_decode
 .text.read_uint32_be
                0x00000000c0d04a38       0x16 build/nanos/obj/utils.o
                0x00000000c0d04a38                read_uint32_be
 .text.read_uint64_be
                0x00000000c0d04a4e       0x2c build/nanos/obj/utils.o
                0x00000000c0d04a4e                read_uint64_be
 *fill*         0x00000000c0d04a7a        0x2 00
 .text.amount_to_string
                0x00000000c0d04a7c      0x160 build/nanos/obj/utils.o
                0x00000000c0d04a7c                amount_to_string
 .text.value_to_string
                0x00000000c0d04bdc       0xa4 build/nanos/obj/utils.o
                0x00000000c0d04bdc                value_to_string
 .text.packed_bit_array_set
                0x00000000c0d04c80       0x1c build/nanos/obj/utils.o
                0x00000000c0d04c80                packed_bit_array_set
 .text.packed_bit_array_get
                0x00000000c0d04c9c       0x10 build/nanos/obj/utils.o
                0x00000000c0d04c9c                packed_bit_array_get
 .text.read_public_key_compressed
                0x00000000c0d04cac       0x52 build/nanos/obj/utils.o
                0x00000000c0d04cac                read_public_key_compressed
 *fill*         0x00000000c0d04cfe        0x2 00
 .text.ux_flow_is_first
                0x00000000c0d04d00       0x4c build/nanos/obj/ux_flow_engine.o
                0x00000000c0d04d00                ux_flow_is_first
 .text.ux_flow_is_last
                0x00000000c0d04d4c       0x40 build/nanos/obj/ux_flow_engine.o
                0x00000000c0d04d4c                ux_flow_is_last
 .text.ux_flow_direction
                0x00000000c0d04d8c       0x2c build/nanos/obj/ux_flow_engine.o
                0x00000000c0d04d8c                ux_flow_direction
 .text.ux_flow_next_internal
                0x00000000c0d04db8       0x60 build/nanos/obj/ux_flow_engine.o
 .text.ux_flow_next
                0x00000000c0d04e18        0xa build/nanos/obj/ux_flow_engine.o
                0x00000000c0d04e18                ux_flow_next
 *fill*         0x00000000c0d04e22        0x2 00
 .text.ux_flow_prev
                0x00000000c0d04e24       0x5c build/nanos/obj/ux_flow_engine.o
                0x00000000c0d04e24                ux_flow_prev
 .text.ux_flow_engine_init_step
                0x00000000c0d04e80       0x78 build/nanos/obj/ux_flow_engine.o
 .text.ux_flow_validate
                0x00000000c0d04ef8       0xac build/nanos/obj/ux_flow_engine.o
                0x00000000c0d04ef8                ux_flow_validate
 .text.ux_flow_init
                0x00000000c0d04fa4       0x78 build/nanos/obj/ux_flow_engine.o
                0x00000000c0d04fa4                ux_flow_init
 .text.ux_flow_button_callback
                0x00000000c0d0501c       0x38 build/nanos/obj/ux_flow_engine.o
                0x00000000c0d0501c                ux_flow_button_callback
 .text.ux_stack_get_step_params
                0x00000000c0d05054       0x30 build/nanos/obj/ux_flow_engine.o
                0x00000000c0d05054                ux_stack_get_step_params
 .text.ux_stack_get_current_step_params
                0x00000000c0d05084       0x14 build/nanos/obj/ux_flow_engine.o
                0x00000000c0d05084                ux_stack_get_current_step_params
 .text.ux_layout_bb_init_common
                0x00000000c0d05098       0x3c build/nanos/obj/ux_layout_bb.o
                0x00000000c0d05098                ux_layout_bb_init_common
 .text.ux_layout_bn_prepro
                0x00000000c0d050d4       0x24 build/nanos/obj/ux_layout_bn.o
                0x00000000c0d050d4                ux_layout_bn_prepro
 .text.ux_layout_bn_init
                0x00000000c0d050f8       0x28 build/nanos/obj/ux_layout_bn.o
                0x00000000c0d050f8                ux_layout_bn_init
 .text.ux_layout_paging_redisplay_common
                0x00000000c0d05120       0x3c build/nanos/obj/ux_layout_paging.o
                0x00000000c0d05120                ux_layout_paging_redisplay_common
 .text.ux_layout_paging_redisplay_by_addr
                0x00000000c0d0515c       0x24 build/nanos/obj/ux_layout_paging.o
                0x00000000c0d0515c                ux_layout_paging_redisplay_by_addr
 .text.ux_layout_paging_button_callback_by_addr
                0x00000000c0d05180       0x14 build/nanos/obj/ux_layout_paging.o
 .text.ux_layout_paging_prepro_by_addr
                0x00000000c0d05194       0x12 build/nanos/obj/ux_layout_paging.o
 *fill*         0x00000000c0d051a6        0x2 00
 .text.ux_layout_paging_init_common
                0x00000000c0d051a8       0x7c build/nanos/obj/ux_layout_paging.o
                0x00000000c0d051a8                ux_layout_paging_init_common
 .text.ux_layout_paging_init
                0x00000000c0d05224       0x1c build/nanos/obj/ux_layout_paging.o
                0x00000000c0d05224                ux_layout_paging_init
 .text.ux_layout_paging_prepro_common
                0x00000000c0d05240      0x13c build/nanos/obj/ux_layout_paging.o
 .text.ux_layout_paging_button_callback_common
                0x00000000c0d0537c       0x6c build/nanos/obj/ux_layout_paging.o
 .text.ux_layout_paging_compute
                0x00000000c0d053e8      0x188 build/nanos/obj/ux_layout_paging_compute.o
                0x00000000c0d053e8                ux_layout_paging_compute
 .text.ux_layout_pb_prepro
                0x00000000c0d05570       0x58 build/nanos/obj/ux_layout_pb.o
                0x00000000c0d05570                ux_layout_pb_prepro
 .text.ux_layout_pb_init
                0x00000000c0d055c8       0x4c build/nanos/obj/ux_layout_pb.o
                0x00000000c0d055c8                ux_layout_pb_init
 .text.ux_layout_pbb_prepro
                0x00000000c0d05614       0x64 build/nanos/obj/ux_layout_pbb.o
                0x00000000c0d05614                ux_layout_pbb_prepro
 .text.ux_layout_pbb_init_common
                0x00000000c0d05678       0x3c build/nanos/obj/ux_layout_pbb.o
                0x00000000c0d05678                ux_layout_pbb_init_common
 .text.ux_layout_pnn_prepro
                0x00000000c0d056b4       0x20 build/nanos/obj/ux_layout_pnn.o
                0x00000000c0d056b4                ux_layout_pnn_prepro
 .text.ux_layout_pnn_init
                0x00000000c0d056d4       0x28 build/nanos/obj/ux_layout_pnn.o
                0x00000000c0d056d4                ux_layout_pnn_init
 .text.ux_layout_strings_prepro
                0x00000000c0d056fc       0x58 build/nanos/obj/ux_layout_utils.o
                0x00000000c0d056fc                ux_layout_strings_prepro
 .text.ux_stack_push
                0x00000000c0d05754       0x28 build/nanos/obj/ux_stack.o
                0x00000000c0d05754                ux_stack_push
 .text.ux_stack_display
                0x00000000c0d0577c       0x4c build/nanos/obj/ux_stack.o
                0x00000000c0d0577c                ux_stack_display
 .text.ux_stack_init
                0x00000000c0d057c8       0x20 build/nanos/obj/ux_stack.o
                0x00000000c0d057c8                ux_stack_init
 .text.ux_stack_al_display_next_element
                0x00000000c0d057e8       0x8c build/nanos/obj/ux_stack.o
                0x00000000c0d057e8                ux_stack_al_display_next_element
 .text          0x00000000c0d05874       0x8c /usr/lib/gcc/arm-none-eabi/10.3.0/thumb/v6-m/nofp/libgcc.a(_udivsi3.o)
                0x00000000c0d05874                __udivsi3
                0x00000000c0d05874                __aeabi_uidiv
                0x00000000c0d058ec                __aeabi_uidivmod
 .text          0x00000000c0d05900        0x4 /usr/lib/gcc/arm-none-eabi/10.3.0/thumb/v6-m/nofp/libgcc.a(_dvmd_tls.o)
                0x00000000c0d05900                __aeabi_ldiv0
                0x00000000c0d05900                __aeabi_idiv0
 .text          0x00000000c0d05904       0x18 /usr/lib/gcc/arm-none-eabi/10.3.0/thumb/v6-m/nofp/libgcc.a(_lshrdi3.o)
                0x00000000c0d05904                __aeabi_llsr
                0x00000000c0d05904                __lshrdi3
 .text          0x00000000c0d0591c       0x40 /usr/lib/gcc/arm-none-eabi/10.3.0/thumb/v6-m/nofp/libgcc.a(_aeabi_uldivmod.o)
                0x00000000c0d0591c                __aeabi_uldivmod
 .text.__muldi3
                0x00000000c0d0595c       0x48 /usr/lib/gcc/arm-none-eabi/10.3.0/thumb/v6-m/nofp/libgcc.a(_muldi3.o)
                0x00000000c0d0595c                __aeabi_lmul
                0x00000000c0d0595c                __muldi3
 .text.__udivmoddi4
                0x00000000c0d059a4       0xde /usr/lib/gcc/arm-none-eabi/10.3.0/thumb/v6-m/nofp/libgcc.a(_udivmoddi4.o)
                0x00000000c0d059a4                __udivmoddi4
 *fill*         0x00000000c0d05a82        0x2 00
 .text          0x00000000c0d05a84       0x18 /usr/lib/gcc/arm-none-eabi/10.3.0/thumb/v6-m/nofp/libgcc.a(_ashldi3.o)
                0x00000000c0d05a84                __ashldi3
                0x00000000c0d05a84                __aeabi_llsl
 .text          0x00000000c0d05a9c       0x18 /usr/lib/gcc/arm-none-eabi/10.3.0/thumb/v6-m/nofp/libgcc.a(_clzdi2.o)
                0x00000000c0d05a9c                __clzdi2
 .text          0x00000000c0d05ab4       0x3c /usr/lib/gcc/arm-none-eabi/10.3.0/thumb/v6-m/nofp/libgcc.a(_clzsi2.o)
                0x00000000c0d05ab4                __clzsi2
 .text          0x00000000c0d05af0        0xc /usr/lib/gcc/arm-none-eabi/10.3.0/../../../../arm-none-eabi/lib/thumb/v6-m/nofp/libc_nano.a(lib_a-aeabi_memclr.o)
                0x00000000c0d05af0                __aeabi_memclr8
                0x00000000c0d05af0                __aeabi_memclr
                0x00000000c0d05af0                __aeabi_memclr4
 .text          0x00000000c0d05afc        0x8 /usr/lib/gcc/arm-none-eabi/10.3.0/../../../../arm-none-eabi/lib/thumb/v6-m/nofp/libc_nano.a(lib_a-aeabi_memcpy.o)
                0x00000000c0d05afc                __aeabi_memcpy
                0x00000000c0d05afc                __aeabi_memcpy4
                0x00000000c0d05afc                __aeabi_memcpy8
 .text          0x00000000c0d05b04        0x8 /usr/lib/gcc/arm-none-eabi/10.3.0/../../../../arm-none-eabi/lib/thumb/v6-m/nofp/libc_nano.a(lib_a-aeabi_memmove.o)
                0x00000000c0d05b04                __aeabi_memmove8
                0x00000000c0d05b04                __aeabi_memmove
                0x00000000c0d05b04                __aeabi_memmove4
 .text          0x00000000c0d05b0c       0x10 /usr/lib/gcc/arm-none-eabi/10.3.0/../../../../arm-none-eabi/lib/thumb/v6-m/nofp/libc_nano.a(lib_a-aeabi_memset.o)
                0x00000000c0d05b0c                __aeabi_memset
                0x00000000c0d05b0c                __aeabi_memset8
                0x00000000c0d05b0c                __aeabi_memset4
 .text          0x00000000c0d05b1c        0x8 /usr/lib/gcc/arm-none-eabi/10.3.0/../../../../arm-none-eabi/lib/thumb/v6-m/nofp/libc_nano.a(lib_a-explicit_bzero.o)
                0x00000000c0d05b1c                explicit_bzero
 .text          0x00000000c0d05b24       0x48 /usr/lib/gcc/arm-none-eabi/10.3.0/../../../../arm-none-eabi/lib/thumb/v6-m/nofp/libc_nano.a(lib_a-memcmp.o)
                0x00000000c0d05b24                memcmp
 .text          0x00000000c0d05b6c       0xa4 /usr/lib/gcc/arm-none-eabi/10.3.0/../../../../arm-none-eabi/lib/thumb/v6-m/nofp/libc_nano.a(lib_a-memcpy-stub.o)
                0x00000000c0d05b6c                memcpy
 .text          0x00000000c0d05c10       0xac /usr/lib/gcc/arm-none-eabi/10.3.0/../../../../arm-none-eabi/lib/thumb/v6-m/nofp/libc_nano.a(lib_a-memmove.o)
                0x00000000c0d05c10                memmove
 .text          0x00000000c0d05cbc       0xa8 /usr/lib/gcc/arm-none-eabi/10.3.0/../../../../arm-none-eabi/lib/thumb/v6-m/nofp/libc_nano.a(lib_a-memset.o)
                0x00000000c0d05cbc                memset
 .text          0x00000000c0d05d64       0x34 /usr/lib/gcc/arm-none-eabi/10.3.0/../../../../arm-none-eabi/lib/thumb/v6-m/nofp/libc_nano.a(lib_a-setjmp.o)
                0x00000000c0d05d64                setjmp
                0x00000000c0d05d7c                longjmp
 .text          0x00000000c0d05d98       0x5c /usr/lib/gcc/arm-none-eabi/10.3.0/../../../../arm-none-eabi/lib/thumb/v6-m/nofp/libc_nano.a(lib_a-strlen-stub.o)
                0x00000000c0d05d98                strlen
 .text          0x00000000c0d05df4       0x24 /usr/lib/gcc/arm-none-eabi/10.3.0/../../../../arm-none-eabi/lib/thumb/v6-m/nofp/libc_nano.a(lib_a-strnlen.o)
                0x00000000c0d05df4                strnlen
 .text          0x00000000c0d05e18        0xc /usr/lib/gcc/arm-none-eabi/10.3.0/../../../../arm-none-eabi/lib/thumb/v6-m/nofp/libc_nano.a(lib_a-bzero.o)
                0x00000000c0d05e18                bzero
 *(.rodata)
 *(.rodata.[^N]*)
 .rodata.FIELD_MODULUS
                0x00000000c0d05e24       0x20 build/nanos/obj/crypto.o
 .rodata.FIELD_ZERO
                0x00000000c0d05e44       0x20 build/nanos/obj/crypto.o
 .rodata.GROUP_ORDER
                0x00000000c0d05e64       0x20 build/nanos/obj/crypto.o
 .rodata.SCALAR_ZERO
                0x00000000c0d05e84       0x20 build/nanos/obj/crypto.o
 .rodata.FIELD_FOUR
                0x00000000c0d05ea4       0x20 build/nanos/obj/crypto.o
 .rodata.FIELD_THREE
                0x00000000c0d05ec4       0x20 build/nanos/obj/crypto.o
 .rodata.FIELD_TWO
                0x00000000c0d05ee4       0x20 build/nanos/obj/crypto.o
 .rodata.FIELD_EIGHT
                0x00000000c0d05f04       0x20 build/nanos/obj/crypto.o
 .rodata.GROUP_ZERO
                0x00000000c0d05f24       0x60 build/nanos/obj/crypto.o
 .rodata.FIELD_ONE
                0x00000000c0d05f84       0x20 build/nanos/obj/crypto.o
 .rodata.AFFINE_ONE
                0x00000000c0d05fa4       0x40 build/nanos/obj/crypto.o
 .rodata.str1.1
                0x00000000c0d05fe4       0x36 build/nanos/obj/get_address_bagl.o
 *fill*         0x00000000c0d0601a        0x2 00
 .rodata.ux_get_address_result_flow_address_step_val
                0x00000000c0d0601c        0x8 build/nanos/obj/get_address_bagl.o
                0x00000000c0d0601c                ux_get_address_result_flow_address_step_val
 .rodata.ux_get_address_result_flow_address_step
                0x00000000c0d06024       0x10 build/nanos/obj/get_address_bagl.o
                0x00000000c0d06024                ux_get_address_result_flow_address_step
 .rodata.ux_get_address_result_flow_approve_step_validate_step
                0x00000000c0d06034       0x10 build/nanos/obj/get_address_bagl.o
                0x00000000c0d06034                ux_get_address_result_flow_approve_step_validate_step
 .rodata.ux_get_address_result_flow_approve_step_validate
                0x00000000c0d06044        0x8 build/nanos/obj/get_address_bagl.o
                0x00000000c0d06044                ux_get_address_result_flow_approve_step_validate
 .rodata.ux_get_address_result_flow_approve_step_val
                0x00000000c0d0604c        0x8 build/nanos/obj/get_address_bagl.o
                0x00000000c0d0604c                ux_get_address_result_flow_approve_step_val
 .rodata.ux_get_address_result_flow_approve_step
                0x00000000c0d06054       0x10 build/nanos/obj/get_address_bagl.o
                0x00000000c0d06054                ux_get_address_result_flow_approve_step
 .rodata.ux_get_address_result_flow_reject_step_validate_step
                0x00000000c0d06064       0x10 build/nanos/obj/get_address_bagl.o
                0x00000000c0d06064                ux_get_address_result_flow_reject_step_validate_step
 .rodata.ux_get_address_result_flow_reject_step_validate
                0x00000000c0d06074        0x8 build/nanos/obj/get_address_bagl.o
                0x00000000c0d06074                ux_get_address_result_flow_reject_step_validate
 .rodata.ux_get_address_result_flow_reject_step_val
                0x00000000c0d0607c        0x8 build/nanos/obj/get_address_bagl.o
                0x00000000c0d0607c                ux_get_address_result_flow_reject_step_val
 .rodata.ux_get_address_result_flow_reject_step
                0x00000000c0d06084       0x10 build/nanos/obj/get_address_bagl.o
                0x00000000c0d06084                ux_get_address_result_flow_reject_step
 .rodata.ux_get_address_result_flow
                0x00000000c0d06094       0x10 build/nanos/obj/get_address_bagl.o
                0x00000000c0d06094                ux_get_address_result_flow
 .rodata.ux_get_address_flow_topic_step_val
                0x00000000c0d060a4        0xc build/nanos/obj/get_address_bagl.o
                0x00000000c0d060a4                ux_get_address_flow_topic_step_val
 .rodata.ux_get_address_flow_topic_step
                0x00000000c0d060b0       0x10 build/nanos/obj/get_address_bagl.o
                0x00000000c0d060b0                ux_get_address_flow_topic_step
 .rodata.ux_get_address_flow_path_step_val
                0x00000000c0d060c0        0x8 build/nanos/obj/get_address_bagl.o
                0x00000000c0d060c0                ux_get_address_flow_path_step_val
 .rodata.ux_get_address_flow_path_step
                0x00000000c0d060c8       0x10 build/nanos/obj/get_address_bagl.o
                0x00000000c0d060c8                ux_get_address_flow_path_step
 .rodata.ux_get_address_flow_generate_step_validate_step
                0x00000000c0d060d8       0x10 build/nanos/obj/get_address_bagl.o
                0x00000000c0d060d8                ux_get_address_flow_generate_step_validate_step
 .rodata.ux_get_address_flow_generate_step_validate
                0x00000000c0d060e8        0x8 build/nanos/obj/get_address_bagl.o
                0x00000000c0d060e8                ux_get_address_flow_generate_step_validate
 .rodata.ux_get_address_flow_generate_step_val
                0x00000000c0d060f0        0x8 build/nanos/obj/get_address_bagl.o
                0x00000000c0d060f0                ux_get_address_flow_generate_step_val
 .rodata.ux_get_address_flow_generate_step
                0x00000000c0d060f8       0x10 build/nanos/obj/get_address_bagl.o
                0x00000000c0d060f8                ux_get_address_flow_generate_step
 .rodata.ux_get_address_flow_cancel_step_validate_step
                0x00000000c0d06108       0x10 build/nanos/obj/get_address_bagl.o
                0x00000000c0d06108                ux_get_address_flow_cancel_step_validate_step
 .rodata.ux_get_address_flow_cancel_step_validate
                0x00000000c0d06118        0x8 build/nanos/obj/get_address_bagl.o
                0x00000000c0d06118                ux_get_address_flow_cancel_step_validate
 .rodata.ux_get_address_flow_cancel_step_val
                0x00000000c0d06120        0x8 build/nanos/obj/get_address_bagl.o
                0x00000000c0d06120                ux_get_address_flow_cancel_step_val
 .rodata.ux_get_address_flow_cancel_step
                0x00000000c0d06128       0x10 build/nanos/obj/get_address_bagl.o
                0x00000000c0d06128                ux_get_address_flow_cancel_step
 .rodata.ux_get_address_flow
                0x00000000c0d06138       0x14 build/nanos/obj/get_address_bagl.o
                0x00000000c0d06138                ux_get_address_flow
 .rodata..Lstr  0x00000000c0d0614c       0x1c build/nanos/obj/get_address_bagl.o
 .rodata.C_icon_crossmark_colors
                0x00000000c0d06168        0x8 build/nanos/obj/glyphs.o
                0x00000000c0d06168                C_icon_crossmark_colors
 .rodata.C_icon_crossmark_bitmap
                0x00000000c0d06170       0x19 build/nanos/obj/glyphs.o
                0x00000000c0d06170                C_icon_crossmark_bitmap
 *fill*         0x00000000c0d06189        0x3 00
 .rodata.C_icon_crossmark
                0x00000000c0d0618c       0x14 build/nanos/obj/glyphs.o
                0x00000000c0d0618c                C_icon_crossmark
 .rodata.C_icon_dashboard_x_colors
                0x00000000c0d061a0        0x8 build/nanos/obj/glyphs.o
                0x00000000c0d061a0                C_icon_dashboard_x_colors
 .rodata.C_icon_dashboard_x_bitmap
                0x00000000c0d061a8       0x19 build/nanos/obj/glyphs.o
                0x00000000c0d061a8                C_icon_dashboard_x_bitmap
 *fill*         0x00000000c0d061c1        0x3 00
 .rodata.C_icon_dashboard_x
                0x00000000c0d061c4       0x14 build/nanos/obj/glyphs.o
                0x00000000c0d061c4                C_icon_dashboard_x
 .rodata.C_icon_eye_colors
                0x00000000c0d061d8        0x8 build/nanos/obj/glyphs.o
                0x00000000c0d061d8                C_icon_eye_colors
 .rodata.C_icon_eye_bitmap
                0x00000000c0d061e0       0x19 build/nanos/obj/glyphs.o
                0x00000000c0d061e0                C_icon_eye_bitmap
 *fill*         0x00000000c0d061f9        0x3 00
 .rodata.C_icon_eye
                0x00000000c0d061fc       0x14 build/nanos/obj/glyphs.o
                0x00000000c0d061fc                C_icon_eye
 .rodata.C_icon_left_colors
                0x00000000c0d06210        0x8 build/nanos/obj/glyphs.o
                0x00000000c0d06210                C_icon_left_colors
 .rodata.C_icon_left_bitmap
                0x00000000c0d06218        0x4 build/nanos/obj/glyphs.o
                0x00000000c0d06218                C_icon_left_bitmap
 .rodata.C_icon_left
                0x00000000c0d0621c       0x14 build/nanos/obj/glyphs.o
                0x00000000c0d0621c                C_icon_left
 .rodata.C_icon_right_colors
                0x00000000c0d06230        0x8 build/nanos/obj/glyphs.o
                0x00000000c0d06230                C_icon_right_colors
 .rodata.C_icon_right_bitmap
                0x00000000c0d06238        0x4 build/nanos/obj/glyphs.o
                0x00000000c0d06238                C_icon_right_bitmap
 .rodata.C_icon_right
                0x00000000c0d0623c       0x14 build/nanos/obj/glyphs.o
                0x00000000c0d0623c                C_icon_right
 .rodata.C_icon_validate_14_colors
                0x00000000c0d06250        0x8 build/nanos/obj/glyphs.o
                0x00000000c0d06250                C_icon_validate_14_colors
 .rodata.C_icon_validate_14_bitmap
                0x00000000c0d06258       0x19 build/nanos/obj/glyphs.o
                0x00000000c0d06258                C_icon_validate_14_bitmap
 *fill*         0x00000000c0d06271        0x3 00
 .rodata.C_icon_validate_14
                0x00000000c0d06274       0x14 build/nanos/obj/glyphs.o
                0x00000000c0d06274                C_icon_validate_14
 .rodata.C_mina_logo_colors
                0x00000000c0d06288        0x8 build/nanos/obj/glyphs.o
                0x00000000c0d06288                C_mina_logo_colors
 .rodata.C_mina_logo_bitmap
                0x00000000c0d06290       0x20 build/nanos/obj/glyphs.o
                0x00000000c0d06290                C_mina_logo_bitmap
 .rodata.C_mina_logo
                0x00000000c0d062b0       0x14 build/nanos/obj/glyphs.o
                0x00000000c0d062b0                C_mina_logo
 .rodata.str1.1
                0x00000000c0d062c4       0x21 build/nanos/obj/menu_bagl.o
 *fill*         0x00000000c0d062e5        0x3 00
 .rodata.ux_idle_flow_1_step_val
                0x00000000c0d062e8        0xc build/nanos/obj/menu_bagl.o
                0x00000000c0d062e8                ux_idle_flow_1_step_val
 .rodata.ux_idle_flow_1_step
                0x00000000c0d062f4       0x10 build/nanos/obj/menu_bagl.o
                0x00000000c0d062f4                ux_idle_flow_1_step
 .rodata.ux_idle_flow_2_step_val
                0x00000000c0d06304        0x8 build/nanos/obj/menu_bagl.o
                0x00000000c0d06304                ux_idle_flow_2_step_val
 .rodata.ux_idle_flow_2_step
                0x00000000c0d0630c       0x10 build/nanos/obj/menu_bagl.o
                0x00000000c0d0630c                ux_idle_flow_2_step
 .rodata.ux_idle_flow_3_step_validate_step
                0x00000000c0d0631c       0x10 build/nanos/obj/menu_bagl.o
                0x00000000c0d0631c                ux_idle_flow_3_step_validate_step
 .rodata.ux_idle_flow_3_step_validate
                0x00000000c0d0632c        0x8 build/nanos/obj/menu_bagl.o
                0x00000000c0d0632c                ux_idle_flow_3_step_validate
 .rodata.ux_idle_flow_3_step_val
                0x00000000c0d06334        0x8 build/nanos/obj/menu_bagl.o
                0x00000000c0d06334                ux_idle_flow_3_step_val
 .rodata.ux_idle_flow_3_step
                0x00000000c0d0633c       0x10 build/nanos/obj/menu_bagl.o
                0x00000000c0d0633c                ux_idle_flow_3_step
 .rodata.ux_idle_flow
                0x00000000c0d0634c       0x14 build/nanos/obj/menu_bagl.o
                0x00000000c0d0634c                ux_idle_flow
 .rodata.seph_io_general_status
                0x00000000c0d06360        0x5 build/nanos/obj/os_io_seproxyhal.o
 .rodata.cst16  0x00000000c0d06365       0x20 build/nanos/obj/os_printf.o
 .rodata.FIELD_FIVE
                0x00000000c0d06385       0x20 build/nanos/obj/poseidon.o
 .rodata.round_keys
                0x00000000c0d063a5     0x1800 build/nanos/obj/poseidon.o
 .rodata.mds_matrix
                0x00000000c0d07ba5      0x120 build/nanos/obj/poseidon.o
 *fill*         0x00000000c0d07cc5        0x3 00
 .rodata.TESTNET_IV
                0x00000000c0d07cc8       0x60 build/nanos/obj/poseidon.o
 .rodata.MAINNET_IV
                0x00000000c0d07d28       0x60 build/nanos/obj/poseidon.o
 .rodata.str1.1
                0x00000000c0d07d88       0x53 build/nanos/obj/sign_tx_bagl.o
                                         0x62 (size before relaxing)
 *fill*         0x00000000c0d07ddb        0x1 00
 .rodata.ux_sign_tx_done_flow_done_step_val
                0x00000000c0d07ddc        0x8 build/nanos/obj/sign_tx_bagl.o
                0x00000000c0d07ddc                ux_sign_tx_done_flow_done_step_val
 .rodata.ux_sign_tx_done_flow_done_step
                0x00000000c0d07de4       0x10 build/nanos/obj/sign_tx_bagl.o
                0x00000000c0d07de4                ux_sign_tx_done_flow_done_step
 .rodata.ux_sign_tx_done_flow
                0x00000000c0d07df4        0x8 build/nanos/obj/sign_tx_bagl.o
                0x00000000c0d07df4                ux_sign_tx_done_flow
 .rodata.ux_sign_tx_flow_topic_step_val
                0x00000000c0d07dfc        0xc build/nanos/obj/sign_tx_bagl.o
                0x00000000c0d07dfc                ux_sign_tx_flow_topic_step_val
 .rodata.ux_sign_tx_flow_topic_step
                0x00000000c0d07e08       0x10 build/nanos/obj/sign_tx_bagl.o
                0x00000000c0d07e08                ux_sign_tx_flow_topic_step
 .rodata.ux_sign_tx_flow_network_step_val
                0x00000000c0d07e18        0x8 build/nanos/obj/sign_tx_bagl.o
                0x00000000c0d07e18                ux_sign_tx_flow_network_step_val
 .rodata.ux_sign_tx_flow_network_step
                0x00000000c0d07e20       0x10 build/nanos/obj/sign_tx_bagl.o
                0x00000000c0d07e20                ux_sign_tx_flow_network_step
 .rodata.ux_sign_tx_flow_type_step_val
                0x00000000c0d07e30        0x8 build/nanos/obj/sign_tx_bagl.o
                0x00000000c0d07e30                ux_sign_tx_flow_type_step_val
 .rodata.ux_sign_tx_flow_type_step
                0x00000000c0d07e38       0x10 build/nanos/obj/sign_tx_bagl.o
                0x00000000c0d07e38                ux_sign_tx_flow_type_step
 .rodata.ux_sign_tx_flow_from_step_val
                0x00000000c0d07e48        0x8 build/nanos/obj/sign_tx_bagl.o
                0x00000000c0d07e48                ux_sign_tx_flow_from_step_val
 .rodata.ux_sign_tx_flow_from_step
                0x00000000c0d07e50       0x10 build/nanos/obj/sign_tx_bagl.o
                0x00000000c0d07e50                ux_sign_tx_flow_from_step
 .rodata.ux_sign_tx_flow_to_step_val
                0x00000000c0d07e60        0x8 build/nanos/obj/sign_tx_bagl.o
                0x00000000c0d07e60                ux_sign_tx_flow_to_step_val
 .rodata.ux_sign_tx_flow_to_step
                0x00000000c0d07e68       0x10 build/nanos/obj/sign_tx_bagl.o
                0x00000000c0d07e68                ux_sign_tx_flow_to_step
 .rodata.ux_sign_tx_flow_amount_step_val
                0x00000000c0d07e78        0x8 build/nanos/obj/sign_tx_bagl.o
                0x00000000c0d07e78                ux_sign_tx_flow_amount_step_val
 .rodata.ux_sign_tx_flow_amount_step
                0x00000000c0d07e80       0x10 build/nanos/obj/sign_tx_bagl.o
                0x00000000c0d07e80                ux_sign_tx_flow_amount_step
 .rodata.ux_sign_tx_flow_fee_step_val
                0x00000000c0d07e90        0x8 build/nanos/obj/sign_tx_bagl.o
                0x00000000c0d07e90                ux_sign_tx_flow_fee_step_val
 .rodata.ux_sign_tx_flow_fee_step
                0x00000000c0d07e98       0x10 build/nanos/obj/sign_tx_bagl.o
                0x00000000c0d07e98                ux_sign_tx_flow_fee_step
 .rodata.ux_sign_tx_flow_total_step_val
                0x00000000c0d07ea8        0x8 build/nanos/obj/sign_tx_bagl.o
                0x00000000c0d07ea8                ux_sign_tx_flow_total_step_val
 .rodata.ux_sign_tx_flow_total_step
                0x00000000c0d07eb0       0x10 build/nanos/obj/sign_tx_bagl.o
                0x00000000c0d07eb0                ux_sign_tx_flow_total_step
 .rodata.ux_sign_tx_flow_nonce_step_val
                0x00000000c0d07ec0        0x8 build/nanos/obj/sign_tx_bagl.o
                0x00000000c0d07ec0                ux_sign_tx_flow_nonce_step_val
 .rodata.ux_sign_tx_flow_nonce_step
                0x00000000c0d07ec8       0x10 build/nanos/obj/sign_tx_bagl.o
                0x00000000c0d07ec8                ux_sign_tx_flow_nonce_step
 .rodata.ux_sign_tx_flow_valid_until_step_val
                0x00000000c0d07ed8        0x8 build/nanos/obj/sign_tx_bagl.o
                0x00000000c0d07ed8                ux_sign_tx_flow_valid_until_step_val
 .rodata.ux_sign_tx_flow_valid_until_step
                0x00000000c0d07ee0       0x10 build/nanos/obj/sign_tx_bagl.o
                0x00000000c0d07ee0                ux_sign_tx_flow_valid_until_step
 .rodata.ux_sign_tx_flow_memo_step_val
                0x00000000c0d07ef0        0x8 build/nanos/obj/sign_tx_bagl.o
                0x00000000c0d07ef0                ux_sign_tx_flow_memo_step_val
 .rodata.ux_sign_tx_flow_memo_step
                0x00000000c0d07ef8       0x10 build/nanos/obj/sign_tx_bagl.o
                0x00000000c0d07ef8                ux_sign_tx_flow_memo_step
 .rodata.ux_sign_tx_flow_approve_step_validate_step
                0x00000000c0d07f08       0x10 build/nanos/obj/sign_tx_bagl.o
                0x00000000c0d07f08                ux_sign_tx_flow_approve_step_validate_step
 .rodata.ux_sign_tx_flow_approve_step_validate
                0x00000000c0d07f18        0x8 build/nanos/obj/sign_tx_bagl.o
                0x00000000c0d07f18                ux_sign_tx_flow_approve_step_validate
 .rodata.ux_sign_tx_flow_approve_step_val
                0x00000000c0d07f20        0x8 build/nanos/obj/sign_tx_bagl.o
                0x00000000c0d07f20                ux_sign_tx_flow_approve_step_val
 .rodata.ux_sign_tx_flow_approve_step
                0x00000000c0d07f28       0x10 build/nanos/obj/sign_tx_bagl.o
                0x00000000c0d07f28                ux_sign_tx_flow_approve_step
 .rodata.ux_sign_tx_flow_reject_step_validate_step
                0x00000000c0d07f38       0x10 build/nanos/obj/sign_tx_bagl.o
                0x00000000c0d07f38                ux_sign_tx_flow_reject_step_validate_step
 .rodata.ux_sign_tx_flow_reject_step_validate
                0x00000000c0d07f48        0x8 build/nanos/obj/sign_tx_bagl.o
                0x00000000c0d07f48                ux_sign_tx_flow_reject_step_validate
 .rodata.ux_sign_tx_flow_reject_step_val
                0x00000000c0d07f50        0x8 build/nanos/obj/sign_tx_bagl.o
                0x00000000c0d07f50                ux_sign_tx_flow_reject_step_val
 .rodata.ux_sign_tx_flow_reject_step
                0x00000000c0d07f58       0x10 build/nanos/obj/sign_tx_bagl.o
                0x00000000c0d07f58                ux_sign_tx_flow_reject_step
 .rodata.ux_sign_tx_flow_testnet_payment_0_0
                0x00000000c0d07f68       0x30 build/nanos/obj/sign_tx_bagl.o
                0x00000000c0d07f68                ux_sign_tx_flow_testnet_payment_0_0
 .rodata.ux_sign_tx_flow_testnet_payment_0_memo
                0x00000000c0d07f98       0x34 build/nanos/obj/sign_tx_bagl.o
                0x00000000c0d07f98                ux_sign_tx_flow_testnet_payment_0_memo
 .rodata.ux_sign_tx_flow_testnet_payment_valid_until_0
                0x00000000c0d07fcc       0x34 build/nanos/obj/sign_tx_bagl.o
                0x00000000c0d07fcc                ux_sign_tx_flow_testnet_payment_valid_until_0
 .rodata.ux_sign_tx_flow_testnet_payment_valid_until_memo
                0x00000000c0d08000       0x38 build/nanos/obj/sign_tx_bagl.o
                0x00000000c0d08000                ux_sign_tx_flow_testnet_payment_valid_until_memo
 .rodata.ux_sign_tx_flow_testnet_delegation_0_0
                0x00000000c0d08038       0x28 build/nanos/obj/sign_tx_bagl.o
                0x00000000c0d08038                ux_sign_tx_flow_testnet_delegation_0_0
 .rodata.ux_sign_tx_flow_testnet_delegation_0_memo
                0x00000000c0d08060       0x2c build/nanos/obj/sign_tx_bagl.o
                0x00000000c0d08060                ux_sign_tx_flow_testnet_delegation_0_memo
 .rodata.ux_sign_tx_flow_testnet_delegation_valid_until_0
                0x00000000c0d0808c       0x2c build/nanos/obj/sign_tx_bagl.o
                0x00000000c0d0808c                ux_sign_tx_flow_testnet_delegation_valid_until_0
 .rodata.ux_sign_tx_flow_testnet_delegation_valid_until_memo
                0x00000000c0d080b8       0x30 build/nanos/obj/sign_tx_bagl.o
                0x00000000c0d080b8                ux_sign_tx_flow_testnet_delegation_valid_until_memo
 .rodata.ux_sign_tx_flow_mainnet_payment_0_0
                0x00000000c0d080e8       0x2c build/nanos/obj/sign_tx_bagl.o
                0x00000000c0d080e8                ux_sign_tx_flow_mainnet_payment_0_0
 .rodata.ux_sign_tx_flow_mainnet_payment_0_memo
                0x00000000c0d08114       0x30 build/nanos/obj/sign_tx_bagl.o
                0x00000000c0d08114                ux_sign_tx_flow_mainnet_payment_0_memo
 .rodata.ux_sign_tx_flow_mainnet_payment_valid_until_0
                0x00000000c0d08144       0x30 build/nanos/obj/sign_tx_bagl.o
                0x00000000c0d08144                ux_sign_tx_flow_mainnet_payment_valid_until_0
 .rodata.ux_sign_tx_flow_mainnet_payment_valid_until_memo
                0x00000000c0d08174       0x34 build/nanos/obj/sign_tx_bagl.o
                0x00000000c0d08174                ux_sign_tx_flow_mainnet_payment_valid_until_memo
 .rodata.ux_sign_tx_flow_mainnet_delegation_0_0
                0x00000000c0d081a8       0x24 build/nanos/obj/sign_tx_bagl.o
                0x00000000c0d081a8                ux_sign_tx_flow_mainnet_delegation_0_0
 .rodata.ux_sign_tx_flow_mainnet_delegation_0_memo
                0x00000000c0d081cc       0x28 build/nanos/obj/sign_tx_bagl.o
                0x00000000c0d081cc                ux_sign_tx_flow_mainnet_delegation_0_memo
 .rodata.ux_sign_tx_flow_mainnet_delegation_valid_until_0
                0x00000000c0d081f4       0x28 build/nanos/obj/sign_tx_bagl.o
                0x00000000c0d081f4                ux_sign_tx_flow_mainnet_delegation_valid_until_0
 .rodata.ux_sign_tx_flow_mainnet_delegation_valid_until_memo
                0x00000000c0d0821c       0x2c build/nanos/obj/sign_tx_bagl.o
                0x00000000c0d0821c                ux_sign_tx_flow_mainnet_delegation_valid_until_memo
 .rodata.str1.4
                0x00000000c0d08248       0x2d build/nanos/obj/sign_tx_bagl.o
 *fill*         0x00000000c0d08275        0x3 00
 .rodata.ux_sign_tx_flow
                0x00000000c0d08278       0x40 build/nanos/obj/sign_tx_bagl.o
 .rodata..Lstr  0x00000000c0d082b8        0xc build/nanos/obj/sign_tx_bagl.o
 .rodata..Lstr.20
                0x00000000c0d082c4        0xb build/nanos/obj/sign_tx_bagl.o
 .rodata.SW_INTERNAL
                0x00000000c0d082cf        0x2 build/nanos/obj/u2f_impl.o
 .rodata.SW_BUSY
                0x00000000c0d082d1        0x2 build/nanos/obj/u2f_impl.o
 .rodata.SW_WRONG_LENGTH
                0x00000000c0d082d3        0x2 build/nanos/obj/u2f_impl.o
 .rodata.SW_PROOF_OF_PRESENCE_REQUIRED
                0x00000000c0d082d5        0x2 build/nanos/obj/u2f_impl.o
 .rodata..L.str
                0x00000000c0d082d7        0x6 build/nanos/obj/u2f_impl.o
 .rodata.str1.1
                0x00000000c0d082dd        0x5 build/nanos/obj/u2f_impl.o
 .rodata.SW_BAD_KEY_HANDLE
                0x00000000c0d082e2        0x2 build/nanos/obj/u2f_impl.o
 .rodata.U2F_VERSION
                0x00000000c0d082e4        0x8 build/nanos/obj/u2f_impl.o
 .rodata.INFO   0x00000000c0d082ec        0x4 build/nanos/obj/u2f_impl.o
 .rodata.SW_UNKNOWN_CLASS
                0x00000000c0d082f0        0x2 build/nanos/obj/u2f_impl.o
 .rodata.SW_UNKNOWN_INSTRUCTION
                0x00000000c0d082f2        0x2 build/nanos/obj/u2f_impl.o
 .rodata.USBD_HID_Desc_fido
                0x00000000c0d082f4        0x9 build/nanos/obj/usbd_impl.o
                0x00000000c0d082f4                USBD_HID_Desc_fido
 *fill*         0x00000000c0d082fd        0x3 00
 .rodata.USBD_HID_Desc
                0x00000000c0d08300        0x9 build/nanos/obj/usbd_impl.o
                0x00000000c0d08300                USBD_HID_Desc
 .rodata.HID_ReportDesc_fido
                0x00000000c0d08309       0x22 build/nanos/obj/usbd_impl.o
 .rodata.HID_ReportDesc
                0x00000000c0d0832b       0x22 build/nanos/obj/usbd_impl.o
 .rodata.C_webusb_url_descriptor
                0x00000000c0d0834d       0x17 build/nanos/obj/usbd_impl.o
                0x00000000c0d0834d                C_webusb_url_descriptor
 .rodata.C_usb_bos
                0x00000000c0d08364       0x39 build/nanos/obj/usbd_impl.o
                0x00000000c0d08364                C_usb_bos
 *fill*         0x00000000c0d0839d        0x3 00
 .rodata.HID_Desc
                0x00000000c0d083a0       0x20 build/nanos/obj/usbd_impl.o
                0x00000000c0d083a0                HID_Desc
 .rodata.C_winusb_string_descriptor
                0x00000000c0d083c0       0x12 build/nanos/obj/usbd_impl.o
 .rodata.C_winusb_guid
                0x00000000c0d083d2       0x92 build/nanos/obj/usbd_impl.o
 .rodata.C_winusb_request_descriptor
                0x00000000c0d08464       0xb2 build/nanos/obj/usbd_impl.o
 *fill*         0x00000000c0d08516        0x2 00
 .rodata.USBD_HID
                0x00000000c0d08518       0x38 build/nanos/obj/usbd_impl.o
 .rodata.USBD_U2F
                0x00000000c0d08550       0x38 build/nanos/obj/usbd_impl.o
 .rodata.USBD_WEBUSB
                0x00000000c0d08588       0x38 build/nanos/obj/usbd_impl.o
 .rodata.USBD_DeviceDesc
                0x00000000c0d085c0       0x12 build/nanos/obj/usbd_impl.o
 .rodata.USBD_LangIDDesc
                0x00000000c0d085d2        0x4 build/nanos/obj/usbd_impl.o
 .rodata.USBD_MANUFACTURER_STRING
                0x00000000c0d085d6        0xe build/nanos/obj/usbd_impl.o
 .rodata.USBD_PRODUCT_FS_STRING
                0x00000000c0d085e4        0xe build/nanos/obj/usbd_impl.o
 .rodata.USB_SERIAL_STRING
                0x00000000c0d085f2        0xa build/nanos/obj/usbd_impl.o
 .rodata.C_winusb_wcid
                0x00000000c0d085fc       0x28 build/nanos/obj/usbd_impl.o
 .rodata.USBD_CfgDesc
                0x00000000c0d08624       0x60 build/nanos/obj/usbd_impl.o
 .rodata.USBD_DeviceQualifierDesc
                0x00000000c0d08684        0xa build/nanos/obj/usbd_impl.o
 .rodata.B58_ALPHABET
                0x00000000c0d0868e       0x3a build/nanos/obj/utils.o
 .rodata.BASE58_TABLE
                0x00000000c0d086c8       0x80 build/nanos/obj/utils.o
                0x00000000c0d086c8                BASE58_TABLE
 .rodata.ux_layout_bb_elements
                0x00000000c0d08748       0xa0 build/nanos/obj/ux_layout_bb.o
                0x00000000c0d08748                ux_layout_bb_elements
 .rodata.str1.1
                0x00000000c0d087e8       0x19 build/nanos/obj/ux_layout_paging.o
                                         0x1a (size before relaxing)
 .rodata.nanos_characters_width
                0x00000000c0d08801       0x60 build/nanos/obj/ux_layout_paging_compute.o
                0x00000000c0d08801                nanos_characters_width
 *fill*         0x00000000c0d08861        0x3 00
 .rodata.ux_layout_pb_elements
                0x00000000c0d08864       0xa0 build/nanos/obj/ux_layout_pb.o
                0x00000000c0d08864                ux_layout_pb_elements
 .rodata.ux_layout_pbb_elements
                0x00000000c0d08904       0xc0 build/nanos/obj/ux_layout_pbb.o
                0x00000000c0d08904                ux_layout_pbb_elements
 *(.rodata.N[^_]*)
                0x00000000c0d089c4                . = ALIGN (0x4)
                0x00000000c0d089c4                _etext = .
                0x00000000c0d08a00                . = ALIGN (PAGE_SIZE)
 *fill*         0x00000000c0d089c4       0x3c 00
                0x00000000c0d08a00                _nvram_data = .
 *(.bss.N_* .rodata.N_*)
 .rodata.N_storage_real
                0x00000000c0d08a00        0x1 build/nanos/obj/globals.o
                0x00000000c0d08a00                N_storage_real
                0x00000000c0d08a40                . = ALIGN (PAGE_SIZE)
 *fill*         0x00000000c0d08a01       0x3f 00
                0x00000000c0d08a40                _envram_data = .
                0x00000000c0d08a40                _install_parameters = .
                0x00000000c0d08a40                _nvram_end = .

.glue_7         0x00000000c0d08a40        0x0
 .glue_7        0x00000000c0d08a40        0x0 linker stubs

.glue_7t        0x00000000c0d08a40        0x0
 .glue_7t       0x00000000c0d08a40        0x0 linker stubs

.vfp11_veneer   0x00000000c0d08a40        0x0
 .vfp11_veneer  0x00000000c0d08a40        0x0 linker stubs

.v4_bx          0x00000000c0d08a40        0x0
 .v4_bx         0x00000000c0d08a40        0x0 linker stubs

.iplt           0x00000000c0d08a40        0x0
 .iplt          0x00000000c0d08a40        0x0 build/nanos/obj/crypto.o

.data           0x00000000d0000000        0x0
                0x00000000d0000000                . = ALIGN (0x4)
                0x00000000d0000000                _data = .
 *(vtable)
 *(.data*)
                0x00000000d0000000                _edata = .

.igot.plt       0x00000000d0000000        0x0
 .igot.plt      0x00000000d0000000        0x0 build/nanos/obj/crypto.o

.cx_ram         0x0000000020001400      0x400
                0x0000000020001400                _cxram = .
                0x0000000000000000                . = (_cxram + ORIGIN (CXSRAM))
 *(.bss.G_cx)
                0x0000000020001800                . = (_cxram + LENGTH (CXSRAM))
 *fill*         0x0000000020001400      0x400 00

.bss            0x0000000020000200      0xbf0
                0x0000000020000200                _bss = .
 *(.bss*)
 .bss._address  0x0000000020000200       0x38 build/nanos/obj/get_address_bagl.o
 .bss._bip44_path
                0x0000000020000238       0x1b build/nanos/obj/get_address_bagl.o
 .bss._generated
                0x0000000020000253        0x1 build/nanos/obj/get_address_bagl.o
 .bss._account  0x0000000020000254        0x4 build/nanos/obj/get_address_bagl.o
 .bss.G_ux      0x0000000020000258      0x108 build/nanos/obj/globals.o
                0x0000000020000258                G_ux
 .bss.G_ux_params
                0x0000000020000360        0x8 build/nanos/obj/globals.o
                0x0000000020000360                G_ux_params
 .bss.ux_step   0x0000000020000368        0x4 build/nanos/obj/globals.o
                0x0000000020000368                ux_step
 .bss.ux_step_count
                0x000000002000036c        0x4 build/nanos/obj/globals.o
                0x000000002000036c                ux_step_count
 .bss.G_io_seproxyhal_spi_buffer
                0x0000000020000370       0x80 build/nanos/obj/main.o
                0x0000000020000370                G_io_seproxyhal_spi_buffer
 .bss.G_io_apdu_buffer
                0x00000000200003f0      0x151 build/nanos/obj/os.o
                0x00000000200003f0                G_io_apdu_buffer
 *fill*         0x0000000020000541        0x3 00
 .bss.G_io_app  0x0000000020000544       0x20 build/nanos/obj/os_io_seproxyhal.o
                0x0000000020000544                G_io_app
 .bss.G_ux_os   0x0000000020000564        0x8 build/nanos/obj/os_io_seproxyhal.o
                0x0000000020000564                G_ux_os
 .bss.G_io_u2f  0x000000002000056c       0x44 build/nanos/obj/os_io_seproxyhal.o
                0x000000002000056c                G_io_u2f
 .bss.G_io_usb_ep_buffer
                0x00000000200005b0       0x40 build/nanos/obj/os_io_seproxyhal.o
                0x00000000200005b0                G_io_usb_ep_buffer
 .bss.G_io_usb_hid_sequence_number
                0x00000000200005f0        0x4 build/nanos/obj/os_io_usb.o
                0x00000000200005f0                G_io_usb_hid_sequence_number
 .bss.G_io_usb_hid_total_length
                0x00000000200005f4        0x4 build/nanos/obj/os_io_usb.o
                0x00000000200005f4                G_io_usb_hid_total_length
 .bss.G_io_usb_hid_remaining_length
                0x00000000200005f8        0x4 build/nanos/obj/os_io_usb.o
                0x00000000200005f8                G_io_usb_hid_remaining_length
 .bss.G_io_usb_hid_current_buffer
                0x00000000200005fc        0x4 build/nanos/obj/os_io_usb.o
                0x00000000200005fc                G_io_usb_hid_current_buffer
 .bss.G_io_usb_hid_channel
                0x0000000020000600        0x4 build/nanos/obj/os_io_usb.o
                0x0000000020000600                G_io_usb_hid_channel
 .bss._ui       0x0000000020000604      0x14f build/nanos/obj/sign_tx_bagl.o
 *fill*         0x0000000020000753        0x5 00
 .bss._tx       0x0000000020000758      0x178 build/nanos/obj/sign_tx_bagl.o
 .bss.ep_in_stall
                0x00000000200008d0        0x4 build/nanos/obj/usbd_conf.o
                0x00000000200008d0                ep_in_stall
 .bss.ep_out_stall
                0x00000000200008d4        0x4 build/nanos/obj/usbd_conf.o
                0x00000000200008d4                ep_out_stall
 .bss.USBD_Device
                0x00000000200008d8      0x114 build/nanos/obj/usbd_core.o
                0x00000000200008d8                USBD_Device
                0x00000000200009ec                _ebss = .
                0x00000000200009ec                . = ALIGN (0x4)
                0x00000000200009ec                app_stack_canary = .
                [!provide]                        PROVIDE (app_stack_canary = .)
                0x00000000200009f0                . = (. + 0x4)
 *fill*         0x00000000200009ec        0x4 00
                0x00000000200009f0                _stack_validation = .
                0x0000000020000df0                . = (_stack_validation + STACK_SIZE)
 *fill*         0x00000000200009f0      0x400 00
                0x0000000020001000                _stack = (ABSOLUTE (END_STACK) - STACK_SIZE)
                [!provide]                        PROVIDE (_stack = (ABSOLUTE (END_STACK) - STACK_SIZE))
                0x0000000020001400                _estack = ABSOLUTE (END_STACK)
                [!provide]                        PROVIDE (_estack = ABSOLUTE (END_STACK))

DEBUG           0x00000000d0000000        0x8
 libc.a(*)
 libm.a(*)
 libgcc.a(*)
 *(.ARM.exidx* .gnu.linkonce.armexidx.*)
 .ARM.exidx.text.field_copy
                0x00000000d0000000        0x0 build/nanos/obj/crypto.o
                                          0x8 (size before relaxing)
 .ARM.exidx.text.field_add
                0x00000000d0000000        0x0 build/nanos/obj/crypto.o
                                          0x8 (size before relaxing)
 .ARM.exidx.text.field_sub
                0x00000000d0000000        0x0 build/nanos/obj/crypto.o
                                          0x8 (size before relaxing)
 .ARM.exidx.text.field_mul
                0x00000000d0000000        0x0 build/nanos/obj/crypto.o
                                          0x8 (size before relaxing)
 .ARM.exidx.text.field_sq
                0x00000000d0000000        0x0 build/nanos/obj/crypto.o
                                          0x8 (size before relaxing)
 .ARM.exidx.text.field_inv
                0x00000000d0000000        0x0 build/nanos/obj/crypto.o
                                          0x8 (size before relaxing)
 .ARM.exidx.text.field_pow
                0x00000000d0000000        0x0 build/nanos/obj/crypto.o
                                          0x8 (size before relaxing)
 .ARM.exidx.text.scalar_add
                0x00000000d0000000        0x0 build/nanos/obj/crypto.o
                                          0x8 (size before relaxing)
 .ARM.exidx.text.scalar_mul
                0x00000000d0000000        0x0 build/nanos/obj/crypto.o
                                          0x8 (size before relaxing)
 .ARM.exidx.text.scalar_negate
                0x00000000d0000000        0x0 build/nanos/obj/crypto.o
                                          0x8 (size before relaxing)
 .ARM.exidx.text.group_dbl
                0x00000000d0000000        0x0 build/nanos/obj/crypto.o
                                          0x8 (size before relaxing)
 .ARM.exidx.text.group_add
                0x00000000d0000000        0x0 build/nanos/obj/crypto.o
                                          0x8 (size before relaxing)
 .ARM.exidx.text.group_scalar_mul
                0x00000000d0000000        0x0 build/nanos/obj/crypto.o
                                          0x8 (size before relaxing)
 .ARM.exidx.text.affine_to_group
                0x00000000d0000000        0x0 build/nanos/obj/crypto.o
                                          0x8 (size before relaxing)
 .ARM.exidx.text.affine_from_group
                0x00000000d0000000        0x0 build/nanos/obj/crypto.o
                                          0x8 (size before relaxing)
 .ARM.exidx.text.affine_scalar_mul
                0x00000000d0000000        0x0 build/nanos/obj/crypto.o
                                          0x8 (size before relaxing)
 .ARM.exidx.text.generate_keypair
                0x00000000d0000000        0x0 build/nanos/obj/crypto.o
                                          0x8 (size before relaxing)
 .ARM.exidx.text.generate_address
                0x00000000d0000000        0x0 build/nanos/obj/crypto.o
                                          0x8 (size before relaxing)
 .ARM.exidx.text.validate_address
                0x00000000d0000000        0x0 build/nanos/obj/crypto.o
                                          0x8 (size before relaxing)
 .ARM.exidx.text.message_derive
                0x00000000d0000000        0x0 build/nanos/obj/crypto.o
                                          0x8 (size before relaxing)
 .ARM.exidx.text.message_hash
                0x00000000d0000000        0x0 build/nanos/obj/crypto.o
                                          0x8 (size before relaxing)
 .ARM.exidx.text.sign
                0x00000000d0000000        0x0 build/nanos/obj/crypto.o
                                          0x8 (size before relaxing)
 .ARM.exidx.text.handle_get_address
                0x00000000d0000000        0x0 build/nanos/obj/get_address.o
                                          0x8 (size before relaxing)
 .ARM.exidx.text.ux_get_address_result_flow_address_step_init
                0x00000000d0000000        0x0 build/nanos/obj/get_address_bagl.o
                                          0x8 (size before relaxing)
 .ARM.exidx.text.gen_address
                0x00000000d0000000        0x0 build/nanos/obj/get_address_bagl.o
                                          0x8 (size before relaxing)
 .ARM.exidx.text.ux_get_address_result_flow_approve_step_validateinit
                0x00000000d0000000        0x0 build/nanos/obj/get_address_bagl.o
                                          0x8 (size before relaxing)
 .ARM.exidx.text.ux_get_address_result_flow_reject_step_validateinit
                0x00000000d0000000        0x0 build/nanos/obj/get_address_bagl.o
                                          0x8 (size before relaxing)
 .ARM.exidx.text.ux_get_address_flow_generate_step_validateinit
                0x00000000d0000000        0x0 build/nanos/obj/get_address_bagl.o
                                          0x8 (size before relaxing)
 .ARM.exidx.text.ux_get_address_flow_cancel_step_validateinit
                0x00000000d0000000        0x0 build/nanos/obj/get_address_bagl.o
                                          0x8 (size before relaxing)
 .ARM.exidx.text.ui_get_address
                0x00000000d0000000        0x0 build/nanos/obj/get_address_bagl.o
                                          0x8 (size before relaxing)
 .ARM.exidx.text.sendResponse
                0x00000000d0000000        0x0 build/nanos/obj/globals.o
                                          0x8 (size before relaxing)
 .ARM.exidx.text.handleApdu
                0x00000000d0000000        0x0 build/nanos/obj/main.o
                                          0x8 (size before relaxing)
 .ARM.exidx.text.app_main
                0x00000000d0000000        0x0 build/nanos/obj/main.o
                                          0x8 (size before relaxing)
 .ARM.exidx.text.io_seproxyhal_display
                0x00000000d0000000        0x0 build/nanos/obj/main.o
                                          0x8 (size before relaxing)
 .ARM.exidx.text.io_event
                0x00000000d0000000        0x0 build/nanos/obj/main.o
                                          0x8 (size before relaxing)
 .ARM.exidx.text.io_exchange_al
                0x00000000d0000000        0x0 build/nanos/obj/main.o
                                          0x8 (size before relaxing)
 .ARM.exidx.text.app_exit
                0x00000000d0000000        0x0 build/nanos/obj/main.o
                                          0x8 (size before relaxing)
 .ARM.exidx.text.nv_app_state_init
                0x00000000d0000000        0x0 build/nanos/obj/main.o
                                          0x8 (size before relaxing)
 .ARM.exidx.boot
                0x00000000d0000000        0x8 build/nanos/obj/main.o
 .ARM.exidx.text.ux_idle_flow_3_step_validateinit
                0x00000000d0000008        0x0 build/nanos/obj/menu_bagl.o
                                          0x8 (size before relaxing)
 .ARM.exidx.text.ui_idle
                0x00000000d0000008        0x0 build/nanos/obj/menu_bagl.o
                                          0x8 (size before relaxing)
 .ARM.exidx.text.os_boot
                0x00000000d0000008        0x0 build/nanos/obj/os.o
                                          0x8 (size before relaxing)
 .ARM.exidx.text.os_longjmp
                0x00000000d0000008        0x0 build/nanos/obj/os.o
                                          0x8 (size before relaxing)
 .ARM.exidx.text.io_seproxyhal_general_status
                0x00000000d0000008        0x0 build/nanos/obj/os_io_seproxyhal.o
                                          0x8 (size before relaxing)
 .ARM.exidx.text.io_seproxyhal_handle_usb_event
                0x00000000d0000008        0x0 build/nanos/obj/os_io_seproxyhal.o
                                          0x8 (size before relaxing)
 .ARM.exidx.text.io_seproxyhal_get_ep_rx_size
                0x00000000d0000008        0x0 build/nanos/obj/os_io_seproxyhal.o
                                          0x8 (size before relaxing)
 .ARM.exidx.text.io_seproxyhal_handle_usb_ep_xfer_event
                0x00000000d0000008        0x0 build/nanos/obj/os_io_seproxyhal.o
                                          0x8 (size before relaxing)
 .ARM.exidx.text.io_usb_send_ep
                0x00000000d0000008        0x0 build/nanos/obj/os_io_seproxyhal.o
                                          0x8 (size before relaxing)
 .ARM.exidx.text.io_usb_send_apdu_data