     VMA      LMA     Size Align Out     In      Symbol
       0        0        0     1 PAGE_SIZE = 512
       0        0        0     1 STACK_SIZE = 1500
       0        0        0     1 END_STACK = ORIGIN ( SRAM ) + LENGTH ( SRAM )
c0de0000 c0de0000    13000     4 .text
c0de0000 c0de0000        0     1         _text = .
c0de0000 c0de0000        0     1         _nvram_start = .
c0de0000 c0de0000       a0     4         build/stax/obj/main.o:(.boot)
c0de0000 c0de0000        0     1                 $t.11
c0de0001 c0de0001       a0     1                 main
c0de009c c0de009c        0     1                 $d.12
c0de00a0 c0de00a0       40     4         build/stax/obj/ble_gap_aci.o:(.text.aci_gap_set_non_discoverable)
c0de00a0 c0de00a0        0     1                 $t.0
c0de00a1 c0de00a1       40     1                 aci_gap_set_non_discoverable
c0de00dc c0de00dc        0     1                 $d.1
c0de00e0 c0de00e0       b4     4         build/stax/obj/ble_gap_aci.o:(.text.aci_gap_set_discoverable)
c0de00e0 c0de00e0        0     1                 $t.4
c0de00e1 c0de00e1       b4     1                 aci_gap_set_discoverable
c0de0190 c0de0190        0     1                 $d.5
c0de0194 c0de0194       4c     4         build/stax/obj/ble_gap_aci.o:(.text.aci_gap_set_io_capability)
c0de0194 c0de0194        0     1                 $t.8
c0de0195 c0de0195       4c     1                 aci_gap_set_io_capability
c0de01dc c0de01dc        0     1                 $d.9
c0de01e0 c0de01e0       8c     4         build/stax/obj/ble_gap_aci.o:(.text.aci_gap_set_authentication_requirement)
c0de01e0 c0de01e0        0     1                 $t.10
c0de01e1 c0de01e1       8c     1                 aci_gap_set_authentication_requirement
c0de0268 c0de0268        0     1                 $d.11
c0de026c c0de026c       58     4         build/stax/obj/ble_gap_aci.o:(.text.aci_gap_pass_key_resp)
c0de026c c0de026c        0     1                 $t.14
c0de026d c0de026d       58     1                 aci_gap_pass_key_resp
c0de02c0 c0de02c0        0     1                 $d.15
c0de02c4 c0de02c4       9c     4         build/stax/obj/ble_gap_aci.o:(.text.aci_gap_init)
c0de02c4 c0de02c4        0     1                 $t.18
c0de02c5 c0de02c5       9c     1                 aci_gap_init
c0de035c c0de035c        0     1                 $d.19
c0de0360 c0de0360       58     4         build/stax/obj/ble_gap_aci.o:(.text.aci_gap_update_adv_data)
c0de0360 c0de0360        0     1                 $t.26
c0de0361 c0de0361       58     1                 aci_gap_update_adv_data
c0de03b4 c0de03b4        0     1                 $d.27
c0de03b8 c0de03b8       40     4         build/stax/obj/ble_gap_aci.o:(.text.aci_gap_clear_security_db)
c0de03b8 c0de03b8        0     1                 $t.38
c0de03b9 c0de03b9       40     1                 aci_gap_clear_security_db
c0de03f4 c0de03f4        0     1                 $d.39
c0de03f8 c0de03f8       54     4         build/stax/obj/ble_gap_aci.o:(.text.aci_gap_numeric_comparison_value_confirm_yesno)
c0de03f8 c0de03f8        0     1                 $t.72
c0de03f9 c0de03f9       54     1                 aci_gap_numeric_comparison_value_confirm_yesno
c0de0448 c0de0448        0     1                 $d.73
c0de044c c0de044c       40     4         build/stax/obj/ble_gatt_aci.o:(.text.aci_gatt_init)
c0de044c c0de044c        0     1                 $t.0
c0de044d c0de044d       40     1                 aci_gatt_init
c0de0488 c0de0488        0     1                 $d.1
c0de048c c0de048c       b0     4         build/stax/obj/ble_gatt_aci.o:(.text.aci_gatt_add_service)
c0de048c c0de048c        0     1                 $t.2
c0de048d c0de048d       b0     1                 aci_gatt_add_service
c0de0538 c0de0538        0     1                 $d.3
c0de053c c0de053c       cc     4         build/stax/obj/ble_gatt_aci.o:(.text.aci_gatt_add_char)
c0de053c c0de053c        0     1                 $t.6
c0de053d c0de053d       cc     1                 aci_gatt_add_char
c0de0604 c0de0604        0     1                 $d.7
c0de0608 c0de0608       6c     4         build/stax/obj/ble_gatt_aci.o:(.text.aci_gatt_update_char_value)
c0de0608 c0de0608        0     1                 $t.10
c0de0609 c0de0609       6c     1                 aci_gatt_update_char_value
c0de0670 c0de0670        0     1                 $d.11
c0de0674 c0de0674       54     4         build/stax/obj/ble_gatt_aci.o:(.text.aci_gatt_exchange_config)
c0de0674 c0de0674        0     1                 $t.20
c0de0675 c0de0675       54     1                 aci_gatt_exchange_config
c0de06c4 c0de06c4        0     1                 $d.21
c0de06c8 c0de06c8       50     4         build/stax/obj/ble_gatt_aci.o:(.text.aci_gatt_confirm_indication)
c0de06c8 c0de06c8        0     1                 $t.72
c0de06c9 c0de06c9       50     1                 aci_gatt_confirm_indication
c0de0714 c0de0714        0     1                 $d.73
c0de0718 c0de0718       6c     4         build/stax/obj/ble_gatt_aci.o:(.text.aci_gatt_write_resp)
c0de0718 c0de0718        0     1                 $t.74
c0de0719 c0de0719       6c     1                 aci_gatt_write_resp
c0de0780 c0de0780        0     1                 $d.75
c0de0784 c0de0784       60     4         build/stax/obj/ble_hal_aci.o:(.text.aci_hal_write_config_data)
c0de0784 c0de0784        0     1                 $t.1
c0de0785 c0de0785       60     1                 aci_hal_write_config_data
c0de07e0 c0de07e0        0     1                 $d.2
c0de07e4 c0de07e4       54     4         build/stax/obj/ble_hal_aci.o:(.text.aci_hal_set_tx_power_level)
c0de07e4 c0de07e4        0     1                 $t.5
c0de07e5 c0de07e5       54     1                 aci_hal_set_tx_power_level
c0de0834 c0de0834        0     1                 $d.6
c0de0838 c0de0838       3e     2         build/stax/obj/ble_hci_le.o:(.text.hci_reset)
c0de0838 c0de0838        0     1                 $t.6
c0de0839 c0de0839       3e     1                 hci_reset
c0de0878 c0de0878       58     4         build/stax/obj/ble_hci_le.o:(.text.hci_le_set_scan_response_data)
c0de0878 c0de0878        0     1                 $t.37
c0de0879 c0de0879       58     1                 hci_le_set_scan_response_data
c0de08cc c0de08cc        0     1                 $d.38
c0de08d0 c0de08d0       68     4         build/stax/obj/ble_l2cap_aci.o:(.text.aci_l2cap_connection_parameter_update_req)
c0de08d0 c0de08d0        0     1                 $t.0
c0de08d1 c0de08d1       68     1                 aci_l2cap_connection_parameter_update_req
c0de0934 c0de0934        0     1                 $d.1
c0de0938 c0de0938        a     2         build/stax/obj/crypto.o:(.text.field_copy)
c0de0938 c0de0938        0     1                 $t.0
c0de0939 c0de0939        a     1                 field_copy
c0de0944 c0de0944       24     4         build/stax/obj/crypto.o:(.text.field_add)
c0de0944 c0de0944        0     1                 $t.1
c0de0945 c0de0945       24     1                 field_add
c0de0964 c0de0964        0     1                 $d.2
c0de0968 c0de0968       24     4         build/stax/obj/crypto.o:(.text.field_sub)
c0de0968 c0de0968        0     1                 $t.3
c0de0969 c0de0969       24     1                 field_sub
c0de0988 c0de0988        0     1                 $d.4
c0de098c c0de098c       24     4         build/stax/obj/crypto.o:(.text.field_mul)
c0de098c c0de098c        0     1                 $t.5
c0de098d c0de098d       24     1                 field_mul
c0de09ac c0de09ac        0     1                 $d.6
c0de09b0 c0de09b0       24     4         build/stax/obj/crypto.o:(.text.field_sq)
c0de09b0 c0de09b0        0     1                 $t.7
c0de09b1 c0de09b1       24     1                 field_sq
c0de09d0 c0de09d0        0     1                 $d.8
c0de09d4 c0de09d4       18     4         build/stax/obj/crypto.o:(.text.field_inv)
c0de09d4 c0de09d4        0     1                 $t.9
c0de09d5 c0de09d5       18     1                 field_inv
c0de09e8 c0de09e8        0     1                 $d.10
c0de09ec c0de09ec       28     4         build/stax/obj/crypto.o:(.text.field_pow)
c0de09ec c0de09ec        0     1                 $t.13
c0de09ed c0de09ed       28     1                 field_pow
c0de0a10 c0de0a10        0     1                 $d.14
c0de0a14 c0de0a14       24     4         build/stax/obj/crypto.o:(.text.scalar_add)
c0de0a14 c0de0a14        0     1                 $t.18
c0de0a15 c0de0a15       24     1                 scalar_add
c0de0a34 c0de0a34        0     1                 $d.19
c0de0a38 c0de0a38       24     4         build/stax/obj/crypto.o:(.text.scalar_mul)
c0de0a38 c0de0a38        0     1                 $t.22
c0de0a39 c0de0a39       24     1                 scalar_mul
c0de0a58 c0de0a58        0     1                 $d.23
c0de0a5c c0de0a5c       2c     4         build/stax/obj/crypto.o:(.text.scalar_negate)
c0de0a5c c0de0a5c        0     1                 $t.26
c0de0a5d c0de0a5d       2c     1                 scalar_negate
c0de0a80 c0de0a80        0     1                 $d.27
c0de0a88 c0de0a88      108     4         build/stax/obj/crypto.o:(.text.group_dbl)
c0de0a88 c0de0a88        0     1                 $t.36
c0de0a89 c0de0a89      108     1                 group_dbl
c0de0b7c c0de0b7c        0     1                 $d.37
c0de0b90 c0de0b90      1a0     4         build/stax/obj/crypto.o:(.text.group_add)
c0de0b90 c0de0b90        0     1                 $t.38
c0de0b91 c0de0b91      1a0     1                 group_add
c0de0d28 c0de0d28        0     1                 $d.39
c0de0d30 c0de0d30       94     4         build/stax/obj/crypto.o:(.text.group_scalar_mul)
c0de0d30 c0de0d30        0     1                 $t.41
c0de0d31 c0de0d31       94     1                 group_scalar_mul
c0de0db8 c0de0db8        0     1                 $d.42
c0de0dc4 c0de0dc4       80     4         build/stax/obj/crypto.o:(.text.affine_to_group)
c0de0dc4 c0de0dc4        0     1                 $t.47
c0de0dc5 c0de0dc5       80     1                 affine_to_group
c0de0e34 c0de0e34        0     1                 $d.48
c0de0e44 c0de0e44       6c     4         build/stax/obj/crypto.o:(.text.affine_from_group)
c0de0e44 c0de0e44        0     1                 $t.49
c0de0e45 c0de0e45       6c     1                 affine_from_group
c0de0eac c0de0eac        0     1                 $d.50
c0de0eb0 c0de0eb0       2a     2         build/stax/obj/crypto.o:(.text.affine_scalar_mul)
c0de0eb0 c0de0eb0        0     1                 $t.51
c0de0eb1 c0de0eb1       2a     1                 affine_scalar_mul
c0de0edc c0de0edc       58     4         build/stax/obj/crypto.o:(.text.generate_keypair)
c0de0edc c0de0edc        0     1                 $t.58
c0de0edd c0de0edd       58     1                 generate_keypair
c0de0f28 c0de0f28        0     1                 $d.59
c0de0f34 c0de0f34       84     4         build/stax/obj/crypto.o:(.text.generate_address)
c0de0f34 c0de0f34        0     1                 $t.60
c0de0f35 c0de0f35       84     1                 generate_address
c0de0fb8 c0de0fb8       80     2         build/stax/obj/crypto.o:(.text.validate_address)
c0de0fb8 c0de0fb8        0     1                 $t.61
c0de0fb9 c0de0fb9       80     1                 validate_address
c0de1038 c0de1038       a6     4         build/stax/obj/crypto.o:(.text.message_derive)
c0de1038 c0de1038        0     1                 $t.62
c0de1039 c0de1039       a6     1                 message_derive
c0de10de c0de10de       42     2         build/stax/obj/crypto.o:(.text.message_hash)
c0de10de c0de10de        0     1                 $t.63
c0de10df c0de10df       42     1                 message_hash
c0de1120 c0de1120      108     4         build/stax/obj/crypto.o:(.text.sign)
c0de1120 c0de1120        0     1                 $t.64
c0de1121 c0de1121      108     1                 sign
c0de1224 c0de1224        0     1                 $d.65
c0de1228 c0de1228        8     2         build/stax/obj/cx_stubs.o:(.text.cx_blake2b_init_no_throw)
c0de1228 c0de1228        0     1                 $t
c0de1229 c0de1229        0     1                 cx_blake2b_init_no_throw
c0de1230 c0de1230        8     2         build/stax/obj/cx_stubs.o:(.text.cx_crc16)
c0de1230 c0de1230        0     1                 $t
c0de1231 c0de1231        0     1                 cx_crc16
c0de1238 c0de1238        8     2         build/stax/obj/cx_stubs.o:(.text.cx_crc16_update)
c0de1238 c0de1238        0     1                 $t
c0de1239 c0de1239        0     1                 cx_crc16_update
c0de1240 c0de1240        8     2         build/stax/obj/cx_stubs.o:(.text.cx_hash_get_size)
c0de1240 c0de1240        0     1                 $t
c0de1241 c0de1241        0     1                 cx_hash_get_size
c0de1248 c0de1248        8     2         build/stax/obj/cx_stubs.o:(.text.cx_hash_no_throw)
c0de1248 c0de1248        0     1                 $t
c0de1249 c0de1249        0     1                 cx_hash_no_throw
c0de1250 c0de1250        8     2         build/stax/obj/cx_stubs.o:(.text.cx_hash_sha256)
c0de1250 c0de1250        0     1                 $t
c0de1251 c0de1251        0     1                 cx_hash_sha256
c0de1258 c0de1258        8     2         build/stax/obj/cx_stubs.o:(.text.cx_math_addm_no_throw)
c0de1258 c0de1258        0     1                 $t
c0de1259 c0de1259        0     1                 cx_math_addm_no_throw
c0de1260 c0de1260        8     2         build/stax/obj/cx_stubs.o:(.text.cx_math_invprimem_no_throw)
c0de1260 c0de1260        0     1                 $t
c0de1261 c0de1261        0     1                 cx_math_invprimem_no_throw
c0de1268 c0de1268        8     2         build/stax/obj/cx_stubs.o:(.text.cx_math_multm_no_throw)
c0de1268 c0de1268        0     1                 $t
c0de1269 c0de1269        0     1                 cx_math_multm_no_throw
c0de1270 c0de1270        8     2         build/stax/obj/cx_stubs.o:(.text.cx_math_powm_no_throw)
c0de1270 c0de1270        0     1                 $t
c0de1271 c0de1271        0     1                 cx_math_powm_no_throw
c0de1278 c0de1278        8     2         build/stax/obj/cx_stubs.o:(.text.cx_math_subm_no_throw)
c0de1278 c0de1278        0     1                 $t
c0de1279 c0de1279        0     1                 cx_math_subm_no_throw
c0de1280 c0de1280        8     2         build/stax/obj/cx_stubs.o:(.text.cx_rng_no_throw)
c0de1280 c0de1280        0     1                 $t
c0de1281 c0de1281        0     1                 cx_rng_no_throw
c0de1288 c0de1288        8     2         build/stax/obj/cx_stubs.o:(.text.cx_rng_u32_range_func)
c0de1288 c0de1288        0     1                 $t
c0de1289 c0de1289        0     1                 cx_rng_u32_range_func
c0de1290 c0de1290       10     4         build/stax/obj/cx_stubs.o:(.text.cx_x448)
c0de1290 c0de1290        0     1                 $t
c0de1291 c0de1291        0     1                 cx_x448
c0de1299 c0de1299        0     1                 cx_trampoline_helper
c0de129c c0de129c        0     1                 $d
c0de12a0 c0de12a0       1e     2         build/stax/obj/get_address.o:(.text.handle_get_address)
c0de12a0 c0de12a0        0     1                 $t.0
c0de12a1 c0de12a1       1e     1                 handle_get_address
c0de12c0 c0de12c0       b4     4         build/stax/obj/get_address_nbgl.o:(.text.ui_get_address)
c0de12c0 c0de12c0        0     1                 $t.0
c0de12c1 c0de12c1       b4     1                 ui_get_address
c0de1344 c0de1344        0     1                 $d.1
c0de1374 c0de1374       80     4         build/stax/obj/get_address_nbgl.o:(.text.gen_address)
c0de1374 c0de1374        0     1                 $t.2
c0de1375 c0de1375       80     1                 gen_address
c0de13e8 c0de13e8        0     1                 $d.3
c0de13f4 c0de13f4       44     4         build/stax/obj/get_address_nbgl.o:(.text.continue_light_notify_callback)
c0de13f4 c0de13f4        0     1                 $t.4
c0de13f5 c0de13f5       44     1                 continue_light_notify_callback
c0de1424 c0de1424        0     1                 $d.5
c0de1438 c0de1438       24     4         build/stax/obj/get_address_nbgl.o:(.text.cancel_callback)
c0de1438 c0de1438        0     1                 $t.6
c0de1439 c0de1439       24     1                 cancel_callback
c0de1454 c0de1454        0     1                 $d.7
c0de145c c0de145c       60     4         build/stax/obj/get_address_nbgl.o:(.text.confirmation_callback)
c0de145c c0de145c        0     1                 $t.8
c0de145d c0de145d       60     1                 confirmation_callback
c0de14a4 c0de14a4        0     1                 $d.9
c0de14bc c0de14bc       40     4         build/stax/obj/globals.o:(.text.sendResponse)
c0de14bc c0de14bc        0     1                 $t.0
c0de14bd c0de14bd       40     1                 sendResponse
c0de14f8 c0de14f8        0     1                 $d.1
c0de14fc c0de14fc       ac     4         build/stax/obj/ledger_ble.o:(.text.LEDGER_BLE_init)
c0de14fc c0de14fc        0     1                 $t.0
c0de14fd c0de14fd       ac     1                 LEDGER_BLE_init
c0de159c c0de159c        0     1                 $d.1
c0de15a8 c0de15a8      320     4         build/stax/obj/ledger_ble.o:(.text.init_mngr)
c0de15a8 c0de15a8        0     1                 $t.2
c0de15a9 c0de15a9      320     1                 init_mngr
c0de18ac c0de18ac        0     1                 $d.3
c0de18c8 c0de18c8       98     4         build/stax/obj/ledger_ble.o:(.text.LEDGER_BLE_send)
c0de18c8 c0de18c8        0     1                 $t.4
c0de18c9 c0de18c9       98     1                 LEDGER_BLE_send
c0de1954 c0de1954        0     1                 $d.5
c0de1960 c0de1960       40     4         build/stax/obj/ledger_ble.o:(.text.notify_chunk)
c0de1960 c0de1960        0     1                 $t.6
c0de1961 c0de1961       40     1                 notify_chunk
c0de1998 c0de1998        0     1                 $d.7
c0de19a0 c0de19a0      944     4         build/stax/obj/ledger_ble.o:(.text.LEDGER_BLE_receive)
c0de19a0 c0de19a0        0     1                 $t.8
c0de19a1 c0de19a1      944     1                 LEDGER_BLE_receive
c0de1dc0 c0de1dc0        0     1                 $d.9
c0de1dd0 c0de1dd0        0     1                 $t.10
c0de22c4 c0de22c4        0     1                 $d.11
c0de22e4 c0de22e4       54     4         build/stax/obj/ledger_ble.o:(.text.start_advertising)
c0de22e4 c0de22e4        0     1                 $t.12
c0de22e5 c0de22e5       54     1                 start_advertising
c0de2330 c0de2330        0     1                 $d.13
c0de2338 c0de2338       5c     4         build/stax/obj/ledger_ble.o:(.text.LEDGER_BLE_enable_advertising)
c0de2338 c0de2338        0     1                 $t.14
c0de2339 c0de2339       5c     1                 LEDGER_BLE_enable_advertising
c0de238c c0de238c        0     1                 $d.15
c0de2394 c0de2394       64     4         build/stax/obj/ledger_ble.o:(.text.advertising_enable)
c0de2394 c0de2394        0     1                 $t.16
c0de2395 c0de2395       64     1                 advertising_enable
c0de23f4 c0de23f4        0     1                 $d.17
c0de23f8 c0de23f8       34     4         build/stax/obj/ledger_ble.o:(.text.LEDGER_BLE_reset_pairings)
c0de23f8 c0de23f8        0     1                 $t.18
c0de23f9 c0de23f9       34     1                 LEDGER_BLE_reset_pairings
c0de2424 c0de2424        0     1                 $d.19
c0de242c c0de242c       50     4         build/stax/obj/ledger_ble.o:(.text.hci_send_req)
c0de242c c0de242c        0     1                 $t.20
c0de242d c0de242d       50     1                 hci_send_req
c0de2478 c0de2478        0     1                 $d.21
c0de247c c0de247c        a     2         build/stax/obj/ledger_ble.o:(.text.BLE_power)
c0de247c c0de247c        0     1                 $t.22
c0de247d c0de247d        a     1                 BLE_power
c0de2488 c0de2488      170     4         build/stax/obj/ledger_ble.o:(.text.configure_advertising_mngr)
c0de2488 c0de2488        0     1                 $t.23
c0de2489 c0de2489      170     1                 configure_advertising_mngr
c0de25f0 c0de25f0        0     1                 $d.24
c0de25f8 c0de25f8       12     2         build/stax/obj/ledger_ble.o:(.text.cx_rng_u32)
c0de25f8 c0de25f8        0     1                 $t.25
c0de25f9 c0de25f9       12     1                 cx_rng_u32
c0de260c c0de260c       9c     4         build/stax/obj/ledger_ble.o:(.text.rsp_user_pairing_passkey)
c0de260c c0de260c        0     1                 $t.26
c0de260d c0de260d       9c     1                 rsp_user_pairing_passkey
c0de2698 c0de2698        0     1                 $d.27
c0de26a8 c0de26a8       98     4         build/stax/obj/ledger_ble.o:(.text.rsp_user_pairing_numeric_comparison)
c0de26a8 c0de26a8        0     1                 $t.28
c0de26a9 c0de26a9       98     1                 rsp_user_pairing_numeric_comparison
c0de2738 c0de2738        0     1                 $d.29
c0de2740 c0de2740       18     4         build/stax/obj/ledger_protocol.o:(.text.LEDGER_PROTOCOL_init)
c0de2740 c0de2740        0     1                 $t.0
c0de2741 c0de2741       18     1                 LEDGER_PROTOCOL_init
c0de2754 c0de2754        0     1                 $d.1
c0de2758 c0de2758      13c     4         build/stax/obj/ledger_protocol.o:(.text.LEDGER_PROTOCOL_rx)
c0de2758 c0de2758        0     1                 $t.2
c0de2759 c0de2759      13c     1                 LEDGER_PROTOCOL_rx
c0de2890 c0de2890        0     1                 $d.3
c0de2894 c0de2894       a0     4         build/stax/obj/ledger_protocol.o:(.text.LEDGER_PROTOCOL_tx)
c0de2894 c0de2894        0     1                 $t.4
c0de2895 c0de2895       a0     1                 LEDGER_PROTOCOL_tx
c0de2930 c0de2930        0     1                 $d.5
c0de2934 c0de2934      130     4         build/stax/obj/main.o:(.text.handleApdu)
c0de2934 c0de2934        0     1                 $t.0
c0de2935 c0de2935      130     1                 handleApdu
c0de2a60 c0de2a60        0     1                 $d.1
c0de2a64 c0de2a64      108     4         build/stax/obj/main.o:(.text.app_main)
c0de2a64 c0de2a64        0     1                 $t.2
c0de2a65 c0de2a65      108     1                 app_main
c0de2b68 c0de2b68        0     1                 $d.3
c0de2b6c c0de2b6c       60     4         build/stax/obj/main.o:(.text.io_event)
c0de2b6c c0de2b6c        0     1                 $t.4
c0de2b6d c0de2b6d       60     1                 io_event
c0de2bc4 c0de2bc4        0     1                 $d.5
c0de2bcc c0de2bcc       40     4         build/stax/obj/main.o:(.text.io_exchange_al)
c0de2bcc c0de2bcc        0     1                 $t.6
c0de2bcd c0de2bcd       40     1                 io_exchange_al
c0de2c08 c0de2c08        0     1                 $d.7
c0de2c0c c0de2c0c       3e     2         build/stax/obj/main.o:(.text.app_exit)
c0de2c0c c0de2c0c        0     1                 $t.8
c0de2c0d c0de2c0d       3e     1                 app_exit
c0de2c4c c0de2c4c       34     4         build/stax/obj/main.o:(.text.nv_app_state_init)
c0de2c4c c0de2c4c        0     1                 $t.9
c0de2c4d c0de2c4d       34     1                 nv_app_state_init
c0de2c78 c0de2c78        0     1                 $d.10
c0de2c80 c0de2c80       38     4         build/stax/obj/menu_nbgl.o:(.text.ui_menu_about)
c0de2c80 c0de2c80        0     1                 $t.0
c0de2c81 c0de2c81       38     1                 ui_menu_about
c0de2cac c0de2cac        0     1                 $d.1
c0de2cb8 c0de2cb8       34     4         build/stax/obj/menu_nbgl.o:(.text.ui_idle)
c0de2cb8 c0de2cb8        0     1                 $t.2
c0de2cb9 c0de2cb9       34     1                 ui_idle
c0de2cdc c0de2cdc        0     1                 $d.3
c0de2cec c0de2cec       20     4         build/stax/obj/menu_nbgl.o:(.text.navigation_cb)
c0de2cec c0de2cec        0     1                 $t.4
c0de2ced c0de2ced       20     1                 navigation_cb
c0de2d04 c0de2d04        0     1                 $d.5
c0de2d0c c0de2d0c        6     2         build/stax/obj/menu_nbgl.o:(.text.exit)
c0de2d0c c0de2d0c        0     1                 $t.6
c0de2d0d c0de2d0d        6     1                 exit
c0de2d12 c0de2d12      114     2         build/stax/obj/nbgl_bottom_button.o:(.text.nbgl_bottomButtonPopulate)
c0de2d12 c0de2d12        0     1                 $t.0
c0de2d13 c0de2d13      114     1                 nbgl_bottomButtonPopulate
c0de2e28 c0de2e28      1cc     4         build/stax/obj/nbgl_draw.o:(.text.nbgl_drawRoundedRect)
c0de2e28 c0de2e28        0     1                 $t.0
c0de2e29 c0de2e29      1cc     1                 nbgl_drawRoundedRect
c0de2ff0 c0de2ff0        0     1                 $d.1
c0de2ff4 c0de2ff4       e8     4         build/stax/obj/nbgl_draw.o:(.text.draw_circle_helper)
c0de2ff4 c0de2ff4        0     1                 $t.2
c0de2ff5 c0de2ff5       e8     1                 draw_circle_helper
c0de30d0 c0de30d0        0     1                 $d.3
c0de30dc c0de30dc      344     4         build/stax/obj/nbgl_draw.o:(.text.nbgl_drawRoundedBorderedRect)
c0de30dc c0de30dc        0     1                 $t.4
c0de30dd c0de30dd      344     1                 nbgl_drawRoundedBorderedRect
c0de341c c0de341c        0     1                 $d.5
c0de3420 c0de3420      17c     4         build/stax/obj/nbgl_draw.o:(.text.nbgl_drawText)
c0de3420 c0de3420        0     1                 $t.6
c0de3421 c0de3421      17c     1                 nbgl_drawText
c0de359c c0de359c      170     4         build/stax/obj/nbgl_draw.o:(.text.nbgl_drawQrCode)
c0de359c c0de359c        0     1                 $t.7
c0de359d c0de359d      170     1                 nbgl_drawQrCode
c0de3704 c0de3704        0     1                 $d.8
c0de370c c0de370c        4     2         build/stax/obj/nbgl_fonts.o:(.text.nbgl_getFont)
c0de370c c0de370c        0     1                 $t.0
c0de370d c0de370d        4     1                 nbgl_getFont
c0de3710 c0de3710       9a     2         build/stax/obj/nbgl_fonts.o:(.text.nbgl_popUnicodeChar)
c0de3710 c0de3710        0     1                 $t.1
c0de3711 c0de3711       9a     1                 nbgl_popUnicodeChar
c0de37aa c0de37aa        a     2         build/stax/obj/nbgl_fonts.o:(.text.nbgl_getSingleLineTextWidth)
c0de37aa c0de37aa        0     1                 $t.2
c0de37ab c0de37ab        a     1                 nbgl_getSingleLineTextWidth
c0de37b4 c0de37b4       7c     4         build/stax/obj/nbgl_fonts.o:(.text.getTextWidth)
c0de37b4 c0de37b4        0     1                 $t.3
c0de37b5 c0de37b5       7c     1                 getTextWidth
c0de3830 c0de3830        8     2         build/stax/obj/nbgl_fonts.o:(.text.nbgl_getSingleLineTextWidthInLen)
c0de3830 c0de3830        0     1                 $t.4
c0de3831 c0de3831        8     1                 nbgl_getSingleLineTextWidthInLen
c0de3838 c0de3838        a     2         build/stax/obj/nbgl_fonts.o:(.text.nbgl_getTextWidth)
c0de3838 c0de3838        0     1                 $t.5
c0de3839 c0de3839        a     1                 nbgl_getTextWidth
c0de3842 c0de3842       28     2         build/stax/obj/nbgl_fonts.o:(.text.getCharWidth)
c0de3842 c0de3842        0     1                 $t.7
c0de3843 c0de3843       28     1                 getCharWidth
c0de386a c0de386a        a     2         build/stax/obj/nbgl_fonts.o:(.text.nbgl_getFontHeight)
c0de386a c0de386a        0     1                 $t.8
c0de386b c0de386b        a     1                 nbgl_getFontHeight
c0de3874 c0de3874        a     2         build/stax/obj/nbgl_fonts.o:(.text.nbgl_getFontLineHeight)
c0de3874 c0de3874        0     1                 $t.9
c0de3875 c0de3875        a     1                 nbgl_getFontLineHeight
c0de3880 c0de3880       26     4         build/stax/obj/nbgl_fonts.o:(.text.nbgl_getTextHeight)
c0de3880 c0de3880        0     1                 $t.11
c0de3881 c0de3881       26     1                 nbgl_getTextHeight
c0de38a8 c0de38a8       16     4         build/stax/obj/nbgl_fonts.o:(.text.nbgl_getTextLength)
c0de38a8 c0de38a8        0     1                 $t.12
c0de38a9 c0de38a9       16     1                 nbgl_getTextLength
c0de38c0 c0de38c0       e2     4         build/stax/obj/nbgl_fonts.o:(.text.nbgl_getTextMaxLenAndWidth)
c0de38c0 c0de38c0        0     1                 $t.13
c0de38c1 c0de38c1       e2     1                 nbgl_getTextMaxLenAndWidth
c0de39a4 c0de39a4       bc     4         build/stax/obj/nbgl_fonts.o:(.text.nbgl_getTextMaxLenInNbLines)
c0de39a4 c0de39a4        0     1                 $t.14
c0de39a5 c0de39a5       bc     1                 nbgl_getTextMaxLenInNbLines
c0de3a60 c0de3a60       94     4         build/stax/obj/nbgl_fonts.o:(.text.nbgl_getTextMaxLenAndWidthFromEnd)
c0de3a60 c0de3a60        0     1                 $t.15
c0de3a61 c0de3a61       94     1                 nbgl_getTextMaxLenAndWidthFromEnd
c0de3af4 c0de3af4       b4     4         build/stax/obj/nbgl_fonts.o:(.text.nbgl_getTextNbLinesInWidth)
c0de3af4 c0de3af4        0     1                 $t.16
c0de3af5 c0de3af5       b4     1                 nbgl_getTextNbLinesInWidth
c0de3ba8 c0de3ba8       28     2         build/stax/obj/nbgl_fonts.o:(.text.nbgl_getTextHeightInWidth)
c0de3ba8 c0de3ba8        0     1                 $t.17
c0de3ba9 c0de3ba9       28     1                 nbgl_getTextHeightInWidth
c0de3bd0 c0de3bd0      148     4         build/stax/obj/nbgl_layout.o:(.text.nbgl_layoutGet)
c0de3bd0 c0de3bd0        0     1                 $t.0
c0de3bd1 c0de3bd1      148     1                 nbgl_layoutGet
c0de3d10 c0de3d10        0     1                 $d.1
c0de3d18 c0de3d18      2c8     4         build/stax/obj/nbgl_layout.o:(.text.touchCallback)
c0de3d18 c0de3d18        0     1                 $t.2
c0de3d19 c0de3d19      2c8     1                 touchCallback
c0de3fdc c0de3fdc        0     1                 $d.3
c0de3fe0 c0de3fe0       ae     2         build/stax/obj/nbgl_layout.o:(.text.nbgl_layoutAddTopRightButton)
c0de3fe0 c0de3fe0        0     1                 $t.4
c0de3fe1 c0de3fe1       ae     1                 nbgl_layoutAddTopRightButton
c0de408e c0de408e       e8     2         build/stax/obj/nbgl_layout.o:(.text.nbgl_layoutAddNavigationBar)
c0de408e c0de408e        0     1                 $t.5
c0de408f c0de408f       e8     1                 nbgl_layoutAddNavigationBar
c0de4176 c0de4176       6a     2         build/stax/obj/nbgl_layout.o:(.text.nbgl_layoutAddBottomButton)
c0de4176 c0de4176        0     1                 $t.6
c0de4177 c0de4177       6a     1                 nbgl_layoutAddBottomButton
c0de41e0 c0de41e0      39a     2         build/stax/obj/nbgl_layout.o:(.text.nbgl_layoutAddTouchableBar)
c0de41e0 c0de41e0        0     1                 $t.7
c0de41e1 c0de41e1      39a     1                 nbgl_layoutAddTouchableBar
c0de457a c0de457a      236     2         build/stax/obj/nbgl_layout.o:(.text.nbgl_layoutAddSwitch)
c0de457a c0de457a        0     1                 $t.8
c0de457b c0de457b      236     1                 nbgl_layoutAddSwitch
c0de47b0 c0de47b0      1ce     2         build/stax/obj/nbgl_layout.o:(.text.nbgl_layoutAddText)
c0de47b0 c0de47b0        0     1                 $t.9
c0de47b1 c0de47b1      1ce     1                 nbgl_layoutAddText
c0de4980 c0de4980      226     4         build/stax/obj/nbgl_layout.o:(.text.nbgl_layoutAddRadioChoice)
c0de4980 c0de4980        0     1                 $t.11
c0de4981 c0de4981      226     1                 nbgl_layoutAddRadioChoice
c0de4ba6 c0de4ba6      566     2         build/stax/obj/nbgl_layout.o:(.text.nbgl_layoutAddCenteredInfo)
c0de4ba6 c0de4ba6        0     1                 $t.12
c0de4ba7 c0de4ba7      566     1                 nbgl_layoutAddCenteredInfo
c0de510c c0de510c      2c6     2         build/stax/obj/nbgl_layout.o:(.text.nbgl_layoutAddQRCode)
c0de510c c0de510c        0     1                 $t.13
c0de510d c0de510d      2c6     1                 nbgl_layoutAddQRCode
c0de53d2 c0de53d2      1ae     2         build/stax/obj/nbgl_layout.o:(.text.nbgl_layoutAddChoiceButtons)
c0de53d2 c0de53d2        0     1                 $t.14
c0de53d3 c0de53d3      1ae     1                 nbgl_layoutAddChoiceButtons
c0de5580 c0de5580      344     4         build/stax/obj/nbgl_layout.o:(.text.nbgl_layoutAddTagValueList)
c0de5580 c0de5580        0     1                 $t.15
c0de5581 c0de5581      344     1                 nbgl_layoutAddTagValueList
c0de58c4 c0de58c4       58     2         build/stax/obj/nbgl_layout.o:(.text.nbgl_layoutAddSeparationLine)
c0de58c4 c0de58c4        0     1                 $t.17
c0de58c5 c0de58c5       58     1                 nbgl_layoutAddSeparationLine
c0de591c c0de591c      188     2         build/stax/obj/nbgl_layout.o:(.text.nbgl_layoutAddButton)
c0de591c c0de591c        0     1                 $t.18
c0de591d c0de591d      188     1                 nbgl_layoutAddButton
c0de5aa4 c0de5aa4      240     4         build/stax/obj/nbgl_layout.o:(.text.nbgl_layoutAddLongPressButton)
c0de5aa4 c0de5aa4        0     1                 $t.19
c0de5aa5 c0de5aa5      240     1                 nbgl_layoutAddLongPressButton
c0de5ce0 c0de5ce0        0     1                 $d.20
c0de5ce4 c0de5ce4       f2     2         build/stax/obj/nbgl_layout.o:(.text.nbgl_layoutAddFooter)
c0de5ce4 c0de5ce4        0     1                 $t.21
c0de5ce5 c0de5ce5       f2     1                 nbgl_layoutAddFooter
c0de5dd6 c0de5dd6      1a4     2         build/stax/obj/nbgl_layout.o:(.text.nbgl_layoutAddSplitFooter)
c0de5dd6 c0de5dd6        0     1                 $t.22
c0de5dd7 c0de5dd7      1a4     1                 nbgl_layoutAddSplitFooter
c0de5f7c c0de5f7c      178     4         build/stax/obj/nbgl_layout.o:(.text.nbgl_layoutAddProgressIndicator)
c0de5f7c c0de5f7c        0     1                 $t.23
c0de5f7d c0de5f7d      178     1                 nbgl_layoutAddProgressIndicator
c0de60f0 c0de60f0        0     1                 $d.24
c0de60f4 c0de60f4      124     4         build/stax/obj/nbgl_layout.o:(.text.nbgl_layoutAddSpinner)
c0de60f4 c0de60f4        0     1                 $t.25
c0de60f5 c0de60f5      124     1                 nbgl_layoutAddSpinner
c0de6214 c0de6214        0     1                 $d.26
c0de6218 c0de6218       70     4         build/stax/obj/nbgl_layout.o:(.text.spinnerTickerCallback)
c0de6218 c0de6218        0     1                 $t.27
c0de6219 c0de6219       70     1                 spinnerTickerCallback
c0de6284 c0de6284        0     1                 $d.28
c0de6288 c0de6288       72     2         build/stax/obj/nbgl_layout.o:(.text.nbgl_layoutDraw)
c0de6288 c0de6288        0     1                 $t.29
c0de6289 c0de6289       72     1                 nbgl_layoutDraw
c0de62fa c0de62fa       1c     2         build/stax/obj/nbgl_layout.o:(.text.nbgl_layoutRelease)
c0de62fa c0de62fa        0     1                 $t.30
c0de62fb c0de62fb       1c     1                 nbgl_layoutRelease
c0de6318 c0de6318       74     4         build/stax/obj/nbgl_layout.o:(.text.getLayoutAndLayoutObj)
c0de6318 c0de6318        0     1                 $t.31
c0de6319 c0de6319       74     1                 getLayoutAndLayoutObj
c0de6388 c0de6388        0     1                 $d.32
c0de638c c0de638c       e2     2         build/stax/obj/nbgl_navigation.o:(.text.nbgl_navigationCallback)
c0de638c c0de638c        0     1                 $t.0
c0de638d c0de638d       e2     1                 nbgl_navigationCallback
c0de6470 c0de6470      274     4         build/stax/obj/nbgl_navigation.o:(.text.nbgl_navigationPopulate)
c0de6470 c0de6470        0     1                 $t.1
c0de6471 c0de6471      274     1                 nbgl_navigationPopulate
c0de66d8 c0de66d8        0     1                 $d.2
c0de66e4 c0de66e4       b4     4         build/stax/obj/nbgl_obj.o:(.text.extendRefreshArea)
c0de66e4 c0de66e4        0     1                 $t.0
c0de66e5 c0de66e5       b4     1                 extendRefreshArea
c0de6794 c0de6794        0     1                 $d.1
c0de6798 c0de6798     1148     4         build/stax/obj/nbgl_obj.o:(.text.nbgl_redrawObject)
c0de6798 c0de6798        0     1                 $t.2
c0de6799 c0de6799     1148     1                 nbgl_redrawObject
c0de6d1c c0de6d1c        0     1                 $d.3
c0de6d28 c0de6d28        0     1                 $t.4
c0de6fd0 c0de6fd0        0     1                 $d.5
c0de6fdc c0de6fdc        0     1                 $t.6
c0de7448 c0de7448        0     1                 $d.7
c0de7460 c0de7460        0     1                 $t.8
c0de78d4 c0de78d4        0     1                 $d.9
c0de78e0 c0de78e0        6     2         build/stax/obj/nbgl_obj.o:(.text.nbgl_refresh)
c0de78e0 c0de78e0        0     1                 $t.10
c0de78e1 c0de78e1        6     1                 nbgl_refresh
c0de78e8 c0de78e8       3c     4         build/stax/obj/nbgl_obj.o:(.text.nbgl_refreshSpecial)
c0de78e8 c0de78e8        0     1                 $t.11
c0de78e9 c0de78e9       3c     1                 nbgl_refreshSpecial
c0de7920 c0de7920        0     1                 $d.12
c0de7924 c0de7924       3c     4         build/stax/obj/nbgl_obj.o:(.text.nbgl_refreshSpecialWithPostRefresh)
c0de7924 c0de7924        0     1                 $t.15
c0de7925 c0de7925       3c     1                 nbgl_refreshSpecialWithPostRefresh
c0de795c c0de795c        0     1                 $d.16
c0de7960 c0de7960       24     4         build/stax/obj/nbgl_obj.o:(.text.nbgl_objInit)
c0de7960 c0de7960        0     1                 $t.19
c0de7961 c0de7961       24     1                 nbgl_objInit
c0de7980 c0de7980        0     1                 $d.20
c0de7984 c0de7984      68c     2         build/stax/obj/nbgl_obj.o:(.text.compute_position)
c0de7984 c0de7984        0     1                 $t.21
c0de7985 c0de7985      68c     1                 compute_position
c0de8010 c0de8010       3c     4         build/stax/obj/nbgl_obj_pool.o:(.text.nbgl_objPoolRelease)
c0de8010 c0de8010        0     1                 $t.0
c0de8011 c0de8011       3c     1                 nbgl_objPoolRelease
c0de8044 c0de8044        0     1                 $d.1
c0de804c c0de804c       90     4         build/stax/obj/nbgl_obj_pool.o:(.text.nbgl_objPoolGet)
c0de804c c0de804c        0     1                 $t.4
c0de804d c0de804d       90     1                 nbgl_objPoolGet
c0de80c8 c0de80c8        0     1                 $d.5
c0de80dc c0de80dc       4c     4         build/stax/obj/nbgl_obj_pool.o:(.text.nbgl_containerPoolRelease)
c0de80dc c0de80dc        0     1                 $t.10
c0de80dd c0de80dd       4c     1                 nbgl_containerPoolRelease
c0de811c c0de811c        0     1                 $d.11
c0de8128 c0de8128       ac     4         build/stax/obj/nbgl_obj_pool.o:(.text.nbgl_containerPoolGet)
c0de8128 c0de8128        0     1                 $t.12
c0de8129 c0de8129       ac     1                 nbgl_containerPoolGet
c0de81c0 c0de81c0        0     1                 $d.13
c0de81d4 c0de81d4       98     4         build/stax/obj/nbgl_page.o:(.text.nbgl_pageDrawLedgerInfo)
c0de81d4 c0de81d4        0     1                 $t.0
c0de81d5 c0de81d5       98     1                 nbgl_pageDrawLedgerInfo
c0de8268 c0de8268        0     1                 $d.1
c0de826c c0de826c       32     2         build/stax/obj/nbgl_page.o:(.text.nbgl_pageDrawSpinner)
c0de826c c0de826c        0     1                 $t.2
c0de826d c0de826d       32     1                 nbgl_pageDrawSpinner
c0de82a0 c0de82a0      1cc     4         build/stax/obj/nbgl_page.o:(.text.nbgl_pageDrawInfo)
c0de82a0 c0de82a0        0     1                 $t.3
c0de82a1 c0de82a1      1cc     1                 nbgl_pageDrawInfo
c0de844c c0de844c        0     1                 $d.4
c0de846c c0de846c       a8     4         build/stax/obj/nbgl_page.o:(.text.nbgl_pageDrawConfirmation)
c0de846c c0de846c        0     1                 $t.5
c0de846d c0de846d       a8     1                 nbgl_pageDrawConfirmation
c0de8510 c0de8510        0     1                 $d.6
c0de8514 c0de8514      354     4         build/stax/obj/nbgl_page.o:(.text.nbgl_pageDrawGenericContentExt)
c0de8514 c0de8514        0     1                 $t.7
c0de8515 c0de8515      354     1                 nbgl_pageDrawGenericContentExt
c0de885c c0de885c        0     1                 $d.8
c0de8868 c0de8868        6     2         build/stax/obj/nbgl_page.o:(.text.nbgl_pageDrawGenericContent)
c0de8868 c0de8868        0     1                 $t.9
c0de8869 c0de8869        6     1                 nbgl_pageDrawGenericContent
c0de886e c0de886e        4     2         build/stax/obj/nbgl_page.o:(.text.nbgl_pageRelease)
c0de886e c0de886e        0     1                 $t.10
c0de886f c0de886f        4     1                 nbgl_pageRelease
c0de8874 c0de8874       30     4         build/stax/obj/nbgl_screen.o:(.text.nbgl_screenRedraw)
c0de8874 c0de8874        0     1                 $t.0
c0de8875 c0de8875       30     1                 nbgl_screenRedraw
c0de889c c0de889c        0     1                 $d.1
c0de88a4 c0de88a4       1c     4         build/stax/obj/nbgl_screen.o:(.text.nbgl_screenGetTop)
c0de88a4 c0de88a4        0     1                 $t.2
c0de88a5 c0de88a5       1c     1                 nbgl_screenGetTop
c0de88b8 c0de88b8        0     1                 $d.3
c0de88c0 c0de88c0       50     4         build/stax/obj/nbgl_screen.o:(.text.nbgl_screenSet)
c0de88c0 c0de88c0        0     1                 $t.6
c0de88c1 c0de88c1       50     1                 nbgl_screenSet
c0de8904 c0de8904        0     1                 $d.7
c0de8910 c0de8910      12c     4         build/stax/obj/nbgl_screen.o:(.text.nbgl_screenSetAt)
c0de8910 c0de8910        0     1                 $t.8
c0de8911 c0de8911      12c     1                 nbgl_screenSetAt
c0de8a38 c0de8a38        0     1                 $d.9
c0de8a3c c0de8a3c       a0     4         build/stax/obj/nbgl_screen.o:(.text.nbgl_screenUpdateTicker)
c0de8a3c c0de8a3c        0     1                 $t.14
c0de8a3d c0de8a3d       a0     1                 nbgl_screenUpdateTicker
c0de8ad8 c0de8ad8        0     1                 $d.15
c0de8adc c0de8adc      110     4         build/stax/obj/nbgl_screen.o:(.text.nbgl_screenPush)
c0de8adc c0de8adc        0     1                 $t.18
c0de8add c0de8add      110     1                 nbgl_screenPush
c0de8be0 c0de8be0        0     1                 $d.19
c0de8bec c0de8bec      12c     4         build/stax/obj/nbgl_screen.o:(.text.nbgl_screenPop)
c0de8bec c0de8bec        0     1                 $t.20
c0de8bed c0de8bed      12c     1                 nbgl_screenPop
c0de8d0c c0de8d0c        0     1                 $d.21
c0de8d18 c0de8d18       94     4         build/stax/obj/nbgl_screen.o:(.text.nbgl_screenHandler)
c0de8d18 c0de8d18        0     1                 $t.24
c0de8d19 c0de8d19       94     1                 nbgl_screenHandler
c0de8da4 c0de8da4        0     1                 $d.25
c0de8dac c0de8dac       20     4         build/stax/obj/nbgl_screen.o:(.text.nbgl_screenContainsObj)
c0de8dac c0de8dac        0     1                 $t.26
c0de8dad c0de8dad       20     1                 nbgl_screenContainsObj
c0de8dc4 c0de8dc4        0     1                 $d.27
c0de8dcc c0de8dcc       52     4         build/stax/obj/nbgl_screen.o:(.text.objIsIn)
c0de8dcc c0de8dcc        0     1                 $t.28
c0de8dcd c0de8dcd       52     1                 objIsIn
c0de8e20 c0de8e20      12c     4         build/stax/obj/nbgl_touch.o:(.text.nbgl_touchHandler)
c0de8e20 c0de8e20        0     1                 $t.0
c0de8e21 c0de8e21      12c     1                 nbgl_touchHandler
c0de8f34 c0de8f34        0     1                 $d.1
c0de8f4c c0de8f4c       9e     4         build/stax/obj/nbgl_touch.o:(.text.getTouchedObject)
c0de8f4c c0de8f4c        0     1                 $t.2
c0de8f4d c0de8f4d       9e     1                 getTouchedObject
c0de8fea c0de8fea       3e     2         build/stax/obj/nbgl_touch.o:(.text.applytouchStatePosition)
c0de8fea c0de8fea        0     1                 $t.3
c0de8feb c0de8feb       3e     1                 applytouchStatePosition
c0de9028 c0de9028       2c     4         build/stax/obj/nbgl_touch.o:(.text.nbgl_touchGetTouchDuration)
c0de9028 c0de9028        0     1                 $t.6
c0de9029 c0de9029       2c     1                 nbgl_touchGetTouchDuration
c0de9048 c0de9048        0     1                 $d.7
c0de9054 c0de9054       9e     4         build/stax/obj/nbgl_use_case.o:(.text.nbgl_useCaseGetNbTagValuesInPage)
c0de9054 c0de9054        0     1                 $t.0
c0de9055 c0de9055       9e     1                 nbgl_useCaseGetNbTagValuesInPage
c0de90f4 c0de90f4       a0     4         build/stax/obj/nbgl_use_case.o:(.text.nbgl_useCaseGetNbPagesForTagValueList)
c0de90f4 c0de90f4        0     1                 $t.1
c0de90f5 c0de90f5       a0     1                 nbgl_useCaseGetNbPagesForTagValueList
c0de918c c0de918c        0     1                 $d.2
c0de9194 c0de9194       1a     2         build/stax/obj/nbgl_use_case.o:(.text.nbgl_useCaseHome)
c0de9194 c0de9194        0     1                 $t.3
c0de9195 c0de9195       1a     1                 nbgl_useCaseHome
c0de91b0 c0de91b0       d0     4         build/stax/obj/nbgl_use_case.o:(.text.nbgl_useCaseHomeExt)
c0de91b0 c0de91b0        0     1                 $t.4
c0de91b1 c0de91b1       d0     1                 nbgl_useCaseHomeExt
c0de9264 c0de9264        0     1                 $d.5
c0de9280 c0de9280      24c     4         build/stax/obj/nbgl_use_case.o:(.text.pageCallback)
c0de9280 c0de9280        0     1                 $t.6
c0de9281 c0de9281      24c     1                 pageCallback
c0de9490 c0de9490        0     1                 $d.7
c0de94cc c0de94cc       84     4         build/stax/obj/nbgl_use_case.o:(.text.nbgl_useCaseSettings)
c0de94cc c0de94cc        0     1                 $t.10
c0de94cd c0de94cd       84     1                 nbgl_useCaseSettings
c0de9538 c0de9538        0     1                 $d.11
c0de9550 c0de9550       74     4         build/stax/obj/nbgl_use_case.o:(.text.displaySettingsPage)
c0de9550 c0de9550        0     1                 $t.12
c0de9551 c0de9551       74     1                 displaySettingsPage
c0de95ac c0de95ac        0     1                 $d.13
c0de95c4 c0de95c4       9c     4         build/stax/obj/nbgl_use_case.o:(.text.nbgl_useCaseStatus)
c0de95c4 c0de95c4        0     1                 $t.14
c0de95c5 c0de95c5       9c     1                 nbgl_useCaseStatus
c0de9644 c0de9644        0     1                 $d.15
c0de9660 c0de9660       24     4         build/stax/obj/nbgl_use_case.o:(.text.tickerCallback)
c0de9660 c0de9660        0     1                 $t.16
c0de9661 c0de9661       24     1                 tickerCallback
c0de967c c0de967c        0     1                 $d.17
c0de9684 c0de9684       5c     4         build/stax/obj/nbgl_use_case.o:(.text.nbgl_useCaseConfirm)
c0de9684 c0de9684        0     1                 $t.20
c0de9685 c0de9685       5c     1                 nbgl_useCaseConfirm
c0de96c8 c0de96c8        0     1                 $d.21
c0de96e0 c0de96e0       68     4         build/stax/obj/nbgl_use_case.o:(.text.pageModalCallback)
c0de96e0 c0de96e0        0     1                 $t.22
c0de96e1 c0de96e1       68     1                 pageModalCallback
c0de9740 c0de9740        0     1                 $d.23
c0de9748 c0de9748       74     4         build/stax/obj/nbgl_use_case.o:(.text.nbgl_useCaseReviewStart)
c0de9748 c0de9748        0     1                 $t.24
c0de9749 c0de9749       74     1                 nbgl_useCaseReviewStart
c0de97a8 c0de97a8        0     1                 $d.25
c0de97bc c0de97bc      100     4         build/stax/obj/nbgl_use_case.o:(.text.displayReviewPage)
c0de97bc c0de97bc        0     1                 $t.28
c0de97bd c0de97bd      100     1                 displayReviewPage
c0de98a4 c0de98a4        0     1                 $d.29
c0de98bc c0de98bc       8c     4         build/stax/obj/nbgl_use_case.o:(.text.nbgl_useCaseStaticReview)
c0de98bc c0de98bc        0     1                 $t.32
c0de98bd c0de98bd       8c     1                 nbgl_useCaseStaticReview
c0de9934 c0de9934        0     1                 $d.33
c0de9948 c0de9948      1c0     4         build/stax/obj/nbgl_use_case.o:(.text.displayStaticReviewPage)
c0de9948 c0de9948        0     1                 $t.34
c0de9949 c0de9949      1c0     1                 displayStaticReviewPage
c0de9ae8 c0de9ae8        0     1                 $d.35
c0de9b08 c0de9b08       bc     4         build/stax/obj/nbgl_use_case.o:(.text.nbgl_useCaseViewDetails)
c0de9b08 c0de9b08        0     1                 $t.38
c0de9b09 c0de9b09       bc     1                 nbgl_useCaseViewDetails
c0de9ba4 c0de9ba4        0     1                 $d.39
c0de9bc4 c0de9bc4      170     4         build/stax/obj/nbgl_use_case.o:(.text.displayDetailsPage)
c0de9bc4 c0de9bc4        0     1                 $t.40
c0de9bc5 c0de9bc5      170     1                 displayDetailsPage
c0de9d10 c0de9d10        0     1                 $d.41
c0de9d34 c0de9d34       60     4         build/stax/obj/nbgl_use_case.o:(.text.nbgl_useCaseAddressConfirmationExt)
c0de9d34 c0de9d34        0     1                 $t.44
c0de9d35 c0de9d35       60     1                 nbgl_useCaseAddressConfirmationExt
c0de9d80 c0de9d80        0     1                 $d.45
c0de9d94 c0de9d94      108     4         build/stax/obj/nbgl_use_case.o:(.text.displayAddressPage)
c0de9d94 c0de9d94        0     1                 $t.46
c0de9d95 c0de9d95      108     1                 displayAddressPage
c0de9e74 c0de9e74        0     1                 $d.47
c0de9e9c c0de9e9c       20     4         build/stax/obj/nbgl_use_case.o:(.text.nbgl_useCaseSpinner)
c0de9e9c c0de9e9c        0     1                 $t.48
c0de9e9d c0de9e9d       20     1                 nbgl_useCaseSpinner
c0de9eb8 c0de9eb8        0     1                 $d.49
c0de9ebc c0de9ebc       1c     4         build/stax/obj/nbgl_use_case.o:(.text.addressLayoutTouchCallbackQR)
c0de9ebc c0de9ebc        0     1                 $t.50
c0de9ebd c0de9ebd       1c     1                 addressLayoutTouchCallbackQR
c0de9ed4 c0de9ed4        0     1                 $d.51
c0de9ed8 c0de9ed8        6     2         build/stax/obj/os.o:(.text.os_boot)
c0de9ed8 c0de9ed8        0     1                 $t.0
c0de9ed9 c0de9ed9        6     1                 os_boot
c0de9ede c0de9ede        c     2         build/stax/obj/os.o:(.text.os_longjmp)
c0de9ede c0de9ede        0     1                 $t.3
c0de9edf c0de9edf        c     1                 os_longjmp
c0de9eec c0de9eec       10     4         build/stax/obj/os_io_seproxyhal.o:(.text.io_seproxyhal_general_status)
c0de9eec c0de9eec        0     1                 $t.0
c0de9eed c0de9eed       10     1                 io_seproxyhal_general_status
c0de9ef8 c0de9ef8        0     1                 $d.1
c0de9efc c0de9efc       80     4         build/stax/obj/os_io_seproxyhal.o:(.text.io_seproxyhal_handle_usb_event)
c0de9efc c0de9efc        0     1                 $t.4
c0de9efd c0de9efd       80     1                 io_seproxyhal_handle_usb_event
c0de9f70 c0de9f70        0     1                 $d.5
c0de9f7c c0de9f7c       84     4         build/stax/obj/os_io_seproxyhal.o:(.text.io_seproxyhal_handle_usb_ep_xfer_event)
c0de9f7c c0de9f7c        0     1                 $t.6
c0de9f7d c0de9f7d       84     1                 io_seproxyhal_handle_usb_ep_xfer_event
c0de9ff4 c0de9ff4        0     1                 $d.7
c0dea000 c0dea000        c     2         build/stax/obj/os_io_seproxyhal.o:(.text.io_usb_send_apdu_data_ep0x83)
c0dea000 c0dea000        0     1                 $t.8
c0dea001 c0dea001        c     1                 io_usb_send_apdu_data_ep0x83
c0dea00c c0dea00c      14c     4         build/stax/obj/os_io_seproxyhal.o:(.text.io_seproxyhal_handle_event)
c0dea00c c0dea00c        0     1                 $t.11
c0dea00d c0dea00d      14c     1                 io_seproxyhal_handle_event
c0dea14c c0dea14c        0     1                 $d.12
c0dea158 c0dea158       3c     4         build/stax/obj/os_io_seproxyhal.o:(.text.io_seproxyhal_init)
c0dea158 c0dea158        0     1                 $t.15
c0dea159 c0dea159       3c     1                 io_seproxyhal_init
c0dea190 c0dea190        0     1                 $d.16
c0dea194 c0dea194       64     4         build/stax/obj/os_io_seproxyhal.o:(.text.io_seproxyhal_play_tune)
c0dea194 c0dea194        0     1                 $t.17
c0dea195 c0dea195       64     1                 io_seproxyhal_play_tune
c0dea1f4 c0dea1f4        0     1                 $d.18
c0dea1f8 c0dea1f8       50     4         build/stax/obj/os_io_seproxyhal.o:(.text.os_io_seproxyhal_get_app_name_and_version)
c0dea1f8 c0dea1f8        0     1                 $t.34
c0dea1f9 c0dea1f9       50     1                 os_io_seproxyhal_get_app_name_and_version
c0dea244 c0dea244        0     1                 $d.35
c0dea248 c0dea248      3c4     4         build/stax/obj/os_io_seproxyhal.o:(.text.io_exchange)
c0dea248 c0dea248        0     1                 $t.36
c0dea249 c0dea249      3c4     1                 io_exchange
c0dea5e0 c0dea5e0        0     1                 $d.37
c0dea60c c0dea60c       50     4         build/stax/obj/os_io_seproxyhal.o:(.text.os_io_seph_recv_and_process)
c0dea60c c0dea60c        0     1                 $t.38
c0dea60d c0dea60d       50     1                 os_io_seph_recv_and_process
c0dea650 c0dea650        0     1                 $d.39
c0dea65c c0dea65c       3c     4         build/stax/obj/os_io_seproxyhal.o:(.text.io_seproxyhal_io_heartbeat)
c0dea65c c0dea65c        0     1                 $t.42
c0dea65d c0dea65d       3c     1                 io_seproxyhal_io_heartbeat
c0dea690 c0dea690        0     1                 $d.43
c0dea698 c0dea698       1c     4         build/stax/obj/os_io_usb.o:(.text.io_seproxyhal_get_ep_rx_size)
c0dea698 c0dea698        0     1                 $t.0
c0dea699 c0dea699       1c     1                 io_seproxyhal_get_ep_rx_size
c0dea6b0 c0dea6b0        0     1                 $d.1
c0dea6b4 c0dea6b4       64     4         build/stax/obj/os_io_usb.o:(.text.io_usb_send_ep)
c0dea6b4 c0dea6b4        0     1                 $t.2
c0dea6b5 c0dea6b5       64     1                 io_usb_send_ep
c0dea714 c0dea714        0     1                 $d.3
c0dea718 c0dea718        a     2         build/stax/obj/os_io_usb.o:(.text.io_usb_send_apdu_data)
c0dea718 c0dea718        0     1                 $t.4
c0dea719 c0dea719        a     1                 io_usb_send_apdu_data
c0dea724 c0dea724      1a8     4         build/stax/obj/os_io_usb.o:(.text.io_usb_hid_receive)
c0dea724 c0dea724        0     1                 $t.5
c0dea725 c0dea725      1a8     1                 io_usb_hid_receive
c0dea8b0 c0dea8b0        0     1                 $d.6
c0dea8cc c0dea8cc       24     4         build/stax/obj/os_io_usb.o:(.text.io_usb_hid_init)
c0dea8cc c0dea8cc        0     1                 $t.7
c0dea8cd c0dea8cd       24     1                 io_usb_hid_init
c0dea8e4 c0dea8e4        0     1                 $d.8
c0dea8f0 c0dea8f0       ec     4         build/stax/obj/os_io_usb.o:(.text.io_usb_hid_sent)
c0dea8f0 c0dea8f0        0     1                 $t.9
c0dea8f1 c0dea8f1       ec     1                 io_usb_hid_sent
c0dea9c4 c0dea9c4        0     1                 $d.10
c0dea9dc c0dea9dc       38     4         build/stax/obj/os_io_usb.o:(.text.io_usb_hid_send)
c0dea9dc c0dea9dc        0     1                 $t.11
c0dea9dd c0dea9dd       38     1                 io_usb_hid_send
c0deaa04 c0deaa04        0     1                 $d.12
c0deaa14 c0deaa14      36c     4         build/stax/obj/os_printf.o:(.text.snprintf)
c0deaa14 c0deaa14        0     1                 $t.0
c0deaa15 c0deaa15      36c     1                 snprintf
c0dead6c c0dead6c        0     1                 $d.1
c0dead80 c0dead80        c     2         build/stax/obj/osal.o:(.text.Osal_MemCpy)
c0dead80 c0dead80        0     1                 $t.0
c0dead81 c0dead81        c     1                 Osal_MemCpy
c0dead8c c0dead8c       12     2         build/stax/obj/osal.o:(.text.Osal_MemSet)
c0dead8c c0dead8c        0     1                 $t.1
c0dead8d c0dead8d       12     1                 Osal_MemSet
c0dead9e c0dead9e      15e     2         build/stax/obj/parse_tx.o:(.text.parse_tx)
c0dead9e c0dead9e        0     1                 $t.0
c0dead9f c0dead9f      15e     1                 parse_tx
c0deaefc c0deaefc       10     4         build/stax/obj/pic.o:(.text.pic_internal)
c0deaefc c0deaefc        0     1                 $t.0
c0deaefd c0deaefd        c     1                 pic_internal
c0deaf08 c0deaf08        0     1                 $d.2
c0deaf0c c0deaf0c       3c     4         build/stax/obj/pic.o:(.text.pic)
c0deaf0c c0deaf0c        0     1                 $t.1
c0deaf0d c0deaf0d       2c     1                 pic
c0deaf38 c0deaf38        0     1                 $d.3
c0deaf48 c0deaf48       80     4         build/stax/obj/poseidon.o:(.text.matrix_mul)
c0deaf48 c0deaf48        0     1                 $t.0
c0deaf49 c0deaf49       80     1                 matrix_mul
c0deafc8 c0deafc8       b8     4         build/stax/obj/poseidon.o:(.text.poseidon_permutation)
c0deafc8 c0deafc8        0     1                 $t.3
c0deafc9 c0deafc9       b8     1                 poseidon_permutation
c0deb074 c0deb074        0     1                 $d.4
c0deb080 c0deb080       24     4         build/stax/obj/poseidon.o:(.text.poseidon_init)
c0deb080 c0deb080        0     1                 $t.5
c0deb081 c0deb081       24     1                 poseidon_init
c0deb09c c0deb09c        0     1                 $d.6
c0deb0a4 c0deb0a4       7e     4         build/stax/obj/poseidon.o:(.text.poseidon_update)
c0deb0a4 c0deb0a4        0     1                 $t.7
c0deb0a5 c0deb0a5       7e     1                 poseidon_update
c0deb122 c0deb122        4     2         build/stax/obj/poseidon.o:(.text.poseidon_digest)
c0deb122 c0deb122        0     1                 $t.8
c0deb123 c0deb123        4     1                 poseidon_digest
c0deb128 c0deb128      158     4         build/stax/obj/qrcodegen.o:(.text.qrcodegen_encodeText)
c0deb128 c0deb128        0     1                 $t.0
c0deb129 c0deb129      158     1                 qrcodegen_encodeText
c0deb278 c0deb278        0     1                 $d.1
c0deb280 c0deb280      9a8     4         build/stax/obj/qrcodegen.o:(.text.qrcodegen_encodeSegmentsAdvanced)
c0deb280 c0deb280        0     1                 $t.2
c0deb281 c0deb281      9a8     1                 qrcodegen_encodeSegmentsAdvanced
c0deb754 c0deb754        0     1                 $d.3
c0deb75c c0deb75c        0     1                 $t.4
c0debc24 c0debc24        0     1                 $d.5
c0debc28 c0debc28       cc     4         build/stax/obj/qrcodegen.o:(.text.qrcodegen_makeNumeric)
c0debc28 c0debc28        0     1                 $t.8
c0debc29 c0debc29       cc     1                 qrcodegen_makeNumeric
c0debcec c0debcec        0     1                 $d.9
c0debcf4 c0debcf4       38     4         build/stax/obj/qrcodegen.o:(.text.qrcodegen_isAlphanumeric)
c0debcf4 c0debcf4        0     1                 $t.10
c0debcf5 c0debcf5       38     1                 qrcodegen_isAlphanumeric
c0debd28 c0debd28        0     1                 $d.11
c0debd2c c0debd2c       d0     4         build/stax/obj/qrcodegen.o:(.text.qrcodegen_makeAlphanumeric)
c0debd2c c0debd2c        0     1                 $t.12
c0debd2d c0debd2d       d0     1                 qrcodegen_makeAlphanumeric
c0debdf8 c0debdf8        0     1                 $d.13
c0debdfc c0debdfc       44     4         build/stax/obj/qrcodegen.o:(.text.getNumDataCodewords)
c0debdfc c0debdfc        0     1                 $t.18
c0debdfd c0debdfd       44     1                 getNumDataCodewords
c0debe38 c0debe38        0     1                 $d.19
c0debe40 c0debe40       50     4         build/stax/obj/qrcodegen.o:(.text.appendBitsToBuffer)
c0debe40 c0debe40        0     1                 $t.20
c0debe41 c0debe41       50     1                 appendBitsToBuffer
c0debe90 c0debe90       6c     4         build/stax/obj/qrcodegen.o:(.text.numCharCountBits)
c0debe90 c0debe90        0     1                 $t.21
c0debe91 c0debe91       6c     1                 numCharCountBits
c0debee8 c0debee8        0     1                 $d.22
c0debefc c0debefc      1c2     4         build/stax/obj/qrcodegen.o:(.text.initializeFunctionModules)
c0debefc c0debefc        0     1                 $t.23
c0debefd c0debefd      1c2     1                 initializeFunctionModules
c0dec0c0 c0dec0c0       48     4         build/stax/obj/qrcodegen.o:(.text.getNumRawDataModules)
c0dec0c0 c0dec0c0        0     1                 $t.24
c0dec0c1 c0dec0c1       48     1                 getNumRawDataModules
c0dec104 c0dec104        0     1                 $d.25
c0dec108 c0dec108      16c     4         build/stax/obj/qrcodegen.o:(.text.applyMask)
c0dec108 c0dec108        0     1                 $t.26
c0dec109 c0dec109      16c     1                 applyMask
c0dec270 c0dec270        0     1                 $d.27
c0dec274 c0dec274      10c     4         build/stax/obj/qrcodegen.o:(.text.drawFormatBits)
c0dec274 c0dec274        0     1                 $t.28
c0dec275 c0dec275      10c     1                 drawFormatBits
c0dec37c c0dec37c        0     1                 $d.29
c0dec380 c0dec380       16     2         build/stax/obj/qrcodegen.o:(.text.qrcodegen_getSize)
c0dec380 c0dec380        0     1                 $t.30
c0dec381 c0dec381       16     1                 qrcodegen_getSize
c0dec396 c0dec396       24     2         build/stax/obj/qrcodegen.o:(.text.qrcodegen_getModule)
c0dec396 c0dec396        0     1                 $t.31
c0dec397 c0dec397       24     1                 qrcodegen_getModule
c0dec3ba c0dec3ba       36     2         build/stax/obj/qrcodegen.o:(.text.getModuleBounded)
c0dec3ba c0dec3ba        0     1                 $t.32
c0dec3bb c0dec3bb       36     1                 getModuleBounded
c0dec3f0 c0dec3f0       78     4         build/stax/obj/qrcodegen.o:(.text.getAlignmentPatternPositions)
c0dec3f0 c0dec3f0        0     1                 $t.36
c0dec3f1 c0dec3f1       78     1                 getAlignmentPatternPositions
c0dec464 c0dec464        0     1                 $d.37
c0dec468 c0dec468       4c     2         build/stax/obj/qrcodegen.o:(.text.setModuleBounded)
c0dec468 c0dec468        0     1                 $t.38
c0dec469 c0dec469       4c     1                 setModuleBounded
c0dec4b4 c0dec4b4       74     2         build/stax/obj/qrcodegen.o:(.text.finderPenaltyCountPatterns)
c0dec4b4 c0dec4b4        0     1                 $t.39
c0dec4b5 c0dec4b5       74     1                 finderPenaltyCountPatterns
c0dec528 c0dec528       4a     2         build/stax/obj/qrcodegen.o:(.text.finderPenaltyTerminateAndCount)
c0dec528 c0dec528        0     1                 $t.40
c0dec529 c0dec529       4a     1                 finderPenaltyTerminateAndCount
c0dec574 c0dec574       3c     4         build/stax/obj/random_oracle_input.o:(.text.roinput_add_field)
c0dec574 c0dec574        0     1                 $t.0
c0dec575 c0dec575       3c     1                 roinput_add_field
c0dec5b0 c0dec5b0       24     2         build/stax/obj/random_oracle_input.o:(.text.roinput_add_bit)
c0dec5b0 c0dec5b0        0     1                 $t.1
c0dec5b1 c0dec5b1       24     1                 roinput_add_bit
c0dec5d4 c0dec5d4       40     4         build/stax/obj/random_oracle_input.o:(.text.roinput_add_scalar)
c0dec5d4 c0dec5d4        0     1                 $t.2
c0dec5d5 c0dec5d5       40     1                 roinput_add_scalar
c0dec614 c0dec614       58     4         build/stax/obj/random_oracle_input.o:(.text.roinput_add_bytes)
c0dec614 c0dec614        0     1                 $t.3
c0dec615 c0dec615       58     1                 roinput_add_bytes
c0dec66c c0dec66c       22     4         build/stax/obj/random_oracle_input.o:(.text.roinput_add_uint32)
c0dec66c c0dec66c        0     1                 $t.4
c0dec66d c0dec66d       22     1                 roinput_add_uint32
c0dec690 c0dec690       3a     4         build/stax/obj/random_oracle_input.o:(.text.roinput_add_uint64)
c0dec690 c0dec690        0     1                 $t.5
c0dec691 c0dec691       3a     1                 roinput_add_uint64
c0dec6cc c0dec6cc       74     4         build/stax/obj/random_oracle_input.o:(.text.roinput_to_bytes)
c0dec6cc c0dec6cc        0     1                 $t.6
c0dec6cd c0dec6cd       74     1                 roinput_to_bytes
c0dec740 c0dec740       b0     4         build/stax/obj/random_oracle_input.o:(.text.roinput_to_fields)
c0dec740 c0dec740        0     1                 $t.7
c0dec741 c0dec741       b0     1                 roinput_to_fields
c0dec7f0 c0dec7f0       e4     4         build/stax/obj/random_oracle_input.o:(.text.roinput_derive_message)
c0dec7f0 c0dec7f0        0     1                 $t.8
c0dec7f1 c0dec7f1       e4     1                 roinput_derive_message
c0dec8d4 c0dec8d4       da     4         build/stax/obj/random_oracle_input.o:(.text.roinput_hash_message)
c0dec8d4 c0dec8d4        0     1                 $t.9
c0dec8d5 c0dec8d5       da     1                 roinput_hash_message
c0dec9ae c0dec9ae       16     2         build/stax/obj/sign_tx.o:(.text.handle_sign_tx)
c0dec9ae c0dec9ae        0     1                 $t.0
c0dec9af c0dec9af       16     1                 handle_sign_tx
c0dec9c4 c0dec9c4       5c     4         build/stax/obj/sign_tx_nbgl.o:(.text.ui_sign_tx)
c0dec9c4 c0dec9c4        0     1                 $t.0
c0dec9c5 c0dec9c5       5c     1                 ui_sign_tx
c0deca00 c0deca00        0     1                 $d.1
c0deca20 c0deca20      1e0     4         build/stax/obj/sign_tx_nbgl.o:(.text.continue_callback)
c0deca20 c0deca20        0     1                 $t.2
c0deca21 c0deca21      1e0     1                 continue_callback
c0decba4 c0decba4        0     1                 $d.3
c0decc00 c0decc00       38     4         build/stax/obj/sign_tx_nbgl.o:(.text.prompt_cancel)
c0decc00 c0decc00        0     1                 $t.4
c0decc01 c0decc01       38     1                 prompt_cancel
c0decc24 c0decc24        0     1                 $d.5
c0decc38 c0decc38       50     4         build/stax/obj/sign_tx_nbgl.o:(.text.start_processing_callback)
c0decc38 c0decc38        0     1                 $t.6
c0decc39 c0decc39       50     1                 start_processing_callback
c0decc70 c0decc70        0     1                 $d.7
c0decc88 c0decc88       fc     4         build/stax/obj/sign_tx_nbgl.o:(.text.sign_transaction)
c0decc88 c0decc88        0     1                 $t.8
c0decc89 c0decc89       fc     1                 sign_transaction
c0decd70 c0decd70        0     1                 $d.9
c0decd84 c0decd84       24     4         build/stax/obj/sign_tx_nbgl.o:(.text.cancel_callback)
c0decd84 c0decd84        0     1                 $t.10
c0decd85 c0decd85       24     1                 cancel_callback
c0decda0 c0decda0        0     1                 $d.11
c0decda8 c0decda8        e     2         build/stax/obj/svc_call.o:(.text)
c0decda8 c0decda8        0     1                 $t
c0decda9 c0decda9        0     1                 SVC_Call
c0decdb0 c0decdb0        0     1                 exception
c0decdb6 c0decdb6       16     2         build/stax/obj/syscalls.o:(.text.get_api_level)
c0decdb6 c0decdb6        0     1                 $t.0
c0decdb7 c0decdb7       16     1                 get_api_level
c0decdcc c0decdcc       14     2         build/stax/obj/syscalls.o:(.text.halt)
c0decdcc c0decdcc        0     1                 $t.1
c0decdcd c0decdcd       14     1                 halt
c0decde0 c0decde0       14     2         build/stax/obj/syscalls.o:(.text.nbgl_frontDrawRect)
c0decde0 c0decde0        0     1                 $t.2
c0decde1 c0decde1       14     1                 nbgl_frontDrawRect
c0decdf4 c0decdf4       18     4         build/stax/obj/syscalls.o:(.text.nbgl_frontDrawHorizontalLine)
c0decdf4 c0decdf4        0     1                 $t.3
c0decdf5 c0decdf5       18     1                 nbgl_frontDrawHorizontalLine
c0dece08 c0dece08        0     1                 $d.4
c0dece0c c0dece0c       28     4         build/stax/obj/syscalls.o:(.text.nbgl_frontDrawImage)
c0dece0c c0dece0c        0     1                 $t.5
c0dece0d c0dece0d       28     1                 nbgl_frontDrawImage
c0dece30 c0dece30        0     1                 $d.6
c0dece34 c0dece34       28     4         build/stax/obj/syscalls.o:(.text.nbgl_frontDrawImageRle)
c0dece34 c0dece34        0     1                 $t.7
c0dece35 c0dece35       28     1                 nbgl_frontDrawImageRle
c0dece58 c0dece58        0     1                 $d.8
c0dece5c c0dece5c       28     4         build/stax/obj/syscalls.o:(.text.nbgl_frontDrawImageFile)
c0dece5c c0dece5c        0     1                 $t.9
c0dece5d c0dece5d       28     1                 nbgl_frontDrawImageFile
c0dece80 c0dece80        0     1                 $d.10
c0dece84 c0dece84       18     4         build/stax/obj/syscalls.o:(.text.nbgl_frontRefreshArea)
c0dece84 c0dece84        0     1                 $t.11
c0dece85 c0dece85       18     1                 nbgl_frontRefreshArea
c0dece98 c0dece98        0     1                 $d.12
c0dece9c c0dece9c       18     4         build/stax/obj/syscalls.o:(.text.nbgl_font_getFont)
c0dece9c c0dece9c        0     1                 $t.21
c0dece9d c0dece9d       18     1                 nbgl_font_getFont
c0deceb0 c0deceb0        0     1                 $d.22
c0deceb4 c0deceb4       18     4         build/stax/obj/syscalls.o:(.text.nbgl_screen_reinit)
c0deceb4 c0deceb4        0     1                 $t.23
c0deceb5 c0deceb5       18     1                 nbgl_screen_reinit
c0decec8 c0decec8        0     1                 $d.24
c0dececc c0dececc       18     4         build/stax/obj/syscalls.o:(.text.nvm_write)
c0dececc c0dececc        0     1                 $t.25
c0dececd c0dececd       18     1                 nvm_write
c0decee0 c0decee0        0     1                 $d.26
c0decee4 c0decee4       16     2         build/stax/obj/syscalls.o:(.text.os_perso_isonboarded)
c0decee4 c0decee4        0     1                 $t.207
c0decee5 c0decee5       16     1                 os_perso_isonboarded
c0decefc c0decefc       20     4         build/stax/obj/syscalls.o:(.text.os_perso_derive_node_bip32)
c0decefc c0decefc        0     1                 $t.210
c0decefd c0decefd       20     1                 os_perso_derive_node_bip32
c0decf18 c0decf18        0     1                 $d.211
c0decf1c c0decf1c       18     4         build/stax/obj/syscalls.o:(.text.os_perso_seed_cookie)
c0decf1c c0decf1c        0     1                 $t.216
c0decf1d c0decf1d       18     1                 os_perso_seed_cookie
c0decf30 c0decf30        0     1                 $d.217
c0decf34 c0decf34       16     2         build/stax/obj/syscalls.o:(.text.os_global_pin_is_validated)
c0decf34 c0decf34        0     1                 $t.235
c0decf35 c0decf35       16     1                 os_global_pin_is_validated
c0decf4c c0decf4c       1c     4         build/stax/obj/syscalls.o:(.text.os_ux)
c0decf4c c0decf4c        0     1                 $t.243
c0decf4d c0decf4d       1c     1                 os_ux
c0decf64 c0decf64        0     1                 $d.244
c0decf68 c0decf68       14     2         build/stax/obj/syscalls.o:(.text.os_flags)
c0decf68 c0decf68        0     1                 $t.250
c0decf69 c0decf69       14     1                 os_flags
c0decf7c c0decf7c       18     4         build/stax/obj/syscalls.o:(.text.os_serial)
c0decf7c c0decf7c        0     1                 $t.253
c0decf7d c0decf7d       18     1                 os_serial
c0decf90 c0decf90        0     1                 $d.254
c0decf94 c0decf94       18     4         build/stax/obj/syscalls.o:(.text.os_setting_get)
c0decf94 c0decf94        0     1                 $t.262
c0decf95 c0decf95       18     1                 os_setting_get
c0decfa8 c0decfa8        0     1                 $d.263
c0decfac c0decfac       18     4         build/stax/obj/syscalls.o:(.text.os_registry_get_current_app_tag)
c0decfac c0decfac        0     1                 $t.270
c0decfad c0decfad       18     1                 os_registry_get_current_app_tag
c0decfc0 c0decfc0        0     1                 $d.271
c0decfc4 c0decfc4       1c     4         build/stax/obj/syscalls.o:(.text.os_sched_exit)
c0decfc4 c0decfc4        0     1                 $t.279
c0decfc5 c0decfc5       1c     1                 os_sched_exit
c0decfdc c0decfdc        0     1                 $d.280
c0decfe0 c0decfe0       18     4         build/stax/obj/syscalls.o:(.text.io_seph_send)
c0decfe0 c0decfe0        0     1                 $t.287
c0decfe1 c0decfe1       18     1                 io_seph_send
c0decff4 c0decff4        0     1                 $d.288
c0decff8 c0decff8       14     2         build/stax/obj/syscalls.o:(.text.io_seph_is_status_sent)
c0decff8 c0decff8        0     1                 $t.289
c0decff9 c0decff9       14     1                 io_seph_is_status_sent
c0ded00c c0ded00c       1c     4         build/stax/obj/syscalls.o:(.text.io_seph_recv)
c0ded00c c0ded00c        0     1                 $t.290
c0ded00d c0ded00d       1c     1                 io_seph_recv
c0ded024 c0ded024        0     1                 $d.291
c0ded028 c0ded028       14     2         build/stax/obj/syscalls.o:(.text.try_context_get)
c0ded028 c0ded028        0     1                 $t.296
c0ded029 c0ded029       14     1                 try_context_get
c0ded03c c0ded03c       1c     4         build/stax/obj/syscalls.o:(.text.try_context_set)
c0ded03c c0ded03c        0     1                 $t.297
c0ded03d c0ded03d       1c     1                 try_context_set
c0ded054 c0ded054        0     1                 $d.298
c0ded058 c0ded058       1c     4         build/stax/obj/syscalls.o:(.text.os_sched_last_status)
c0ded058 c0ded058        0     1                 $t.299
c0ded059 c0ded059       1c     1                 os_sched_last_status
c0ded070 c0ded070        0     1                 $d.300
c0ded074 c0ded074       1c     4         build/stax/obj/syscalls.o:(.text.os_ux_get_status)
c0ded074 c0ded074        0     1                 $t.312
c0ded075 c0ded075       1c     1                 os_ux_get_status
c0ded08c c0ded08c        0     1                 $d.313
c0ded090 c0ded090       18     4         build/stax/obj/syscalls.o:(.text.touch_get_last_info)
c0ded090 c0ded090        0     1                 $t.314
c0ded091 c0ded091       18     1                 touch_get_last_info
c0ded0a4 c0ded0a4        0     1                 $d.315
c0ded0a8 c0ded0a8       18     4         build/stax/obj/syscalls.o:(.text.touch_exclude_borders)
c0ded0a8 c0ded0a8        0     1                 $t.318
c0ded0a9 c0ded0a9       18     1                 touch_exclude_borders
c0ded0bc c0ded0bc        0     1                 $d.319
c0ded0c0 c0ded0c0       ae     4         build/stax/obj/transaction.o:(.text.transaction_to_roinput)
c0ded0c0 c0ded0c0        0     1                 $t.0
c0ded0c1 c0ded0c1       ae     1                 transaction_to_roinput
c0ded170 c0ded170       42     4         build/stax/obj/transaction.o:(.text.transaction_prepare_memo)
c0ded170 c0ded170        0     1                 $t.1
c0ded171 c0ded171       42     1                 transaction_prepare_memo
c0ded1b4 c0ded1b4      118     4         build/stax/obj/u2f_impl.o:(.text.u2f_apdu_sign)
c0ded1b4 c0ded1b4        0     1                 $t.2
c0ded1b5 c0ded1b5      118     1                 u2f_apdu_sign
c0ded2ac c0ded2ac        0     1                 $d.3
c0ded2cc c0ded2cc       e4     4         build/stax/obj/u2f_impl.o:(.text.u2f_handle_cmd_init)
c0ded2cc c0ded2cc        0     1                 $t.8
c0ded2cd c0ded2cd       e4     1                 u2f_handle_cmd_init
c0ded3ac c0ded3ac        0     1                 $d.9
c0ded3b0 c0ded3b0       52     2         build/stax/obj/u2f_impl.o:(.text.u2f_get_cmd_msg_data_length)
c0ded3b0 c0ded3b0        0     1                 $t.11
c0ded3b1 c0ded3b1       52     1                 u2f_get_cmd_msg_data_length
c0ded404 c0ded404       8c     4         build/stax/obj/u2f_impl.o:(.text.u2f_handle_cmd_msg)
c0ded404 c0ded404        0     1                 $t.12
c0ded405 c0ded405       8c     1                 u2f_handle_cmd_msg
c0ded47c c0ded47c        0     1                 $d.13
c0ded490 c0ded490       38     2         build/stax/obj/u2f_impl.o:(.text.u2f_message_complete)
c0ded490 c0ded490        0     1                 $t.14
c0ded491 c0ded491       38     1                 u2f_message_complete
c0ded4c8 c0ded4c8       48     4         build/stax/obj/u2f_io.o:(.text.u2f_io_send)
c0ded4c8 c0ded4c8        0     1                 $t.0
c0ded4c9 c0ded4c9       48     1                 u2f_io_send
c0ded50c c0ded50c        0     1                 $d.1
c0ded510 c0ded510       24     2         build/stax/obj/u2f_transport.o:(.text.u2f_transport_init)
c0ded510 c0ded510        0     1                 $t.1
c0ded511 c0ded511       24     1                 u2f_transport_init
c0ded534 c0ded534      110     4         build/stax/obj/u2f_transport.o:(.text.u2f_transport_sent)
c0ded534 c0ded534        0     1                 $t.2
c0ded535 c0ded535      110     1                 u2f_transport_sent
c0ded63c c0ded63c        0     1                 $d.3
c0ded644 c0ded644       26     2         build/stax/obj/u2f_transport.o:(.text.u2f_message_repliable)
c0ded644 c0ded644        0     1                 $t.4
c0ded645 c0ded645       26     1                 u2f_message_repliable
c0ded66c c0ded66c      150     4         build/stax/obj/u2f_transport.o:(.text.u2f_transport_receive_fakeChannel)
c0ded66c c0ded66c        0     1                 $t.9
c0ded66d c0ded66d      150     1                 u2f_transport_receive_fakeChannel
c0ded7b8 c0ded7b8        0     1                 $d.10
c0ded7bc c0ded7bc      3b8     4         build/stax/obj/u2f_transport.o:(.text.u2f_transport_received)
c0ded7bc c0ded7bc        0     1                 $t.11
c0ded7bd c0ded7bd      3b8     1                 u2f_transport_received
c0dedb70 c0dedb70        0     1                 $d.12
c0dedb74 c0dedb74       1e     2         build/stax/obj/u2f_transport.o:(.text.u2f_is_channel_broadcast)
c0dedb74 c0dedb74        0     1                 $t.13
c0dedb75 c0dedb75       1e     1                 u2f_is_channel_broadcast
c0dedb94 c0dedb94       58     4         build/stax/obj/u2f_transport.o:(.text.u2f_message_set_autoreply_wait_user_presence)
c0dedb94 c0dedb94        0     1                 $t.15
c0dedb95 c0dedb95       58     1                 u2f_message_set_autoreply_wait_user_presence
c0dedbe8 c0dedbe8        0     1                 $d.16
c0dedbec c0dedbec       70     4         build/stax/obj/u2f_transport.o:(.text.u2f_message_reply)
c0dedbec c0dedbec        0     1                 $t.17
c0dedbed c0dedbed       70     1                 u2f_message_reply
c0dedc58 c0dedc58        0     1                 $d.18
c0dedc5c c0dedc5c       1c     4         build/stax/obj/usbd_conf.o:(.text.USBD_LL_Init)
c0dedc5c c0dedc5c        0     1                 $t.0
c0dedc5d c0dedc5d       1c     1                 USBD_LL_Init
c0dedc70 c0dedc70        0     1                 $d.1
c0dedc78 c0dedc78       2a     2         build/stax/obj/usbd_conf.o:(.text.USBD_LL_DeInit)
c0dedc78 c0dedc78        0     1                 $t.2
c0dedc79 c0dedc79       2a     1                 USBD_LL_DeInit
c0dedca2 c0dedca2       4c     2         build/stax/obj/usbd_conf.o:(.text.USBD_LL_Start)
[...]
c0df27bc c0df27bc        2     1                 SW_UNKNOWN_CLASS
c0df27be c0df27be        2     1         build/stax/obj/u2f_impl.o:(.rodata.SW_UNKNOWN_INSTRUCTION)
c0df27be c0df27be        2     1                 SW_UNKNOWN_INSTRUCTION
c0df27c0 c0df27c0        9     4         build/stax/obj/usbd_impl.o:(.rodata.USBD_HID_Desc_fido)
c0df27c0 c0df27c0        9     1                 USBD_HID_Desc_fido
c0df27cc c0df27cc        9     4         build/stax/obj/usbd_impl.o:(.rodata.USBD_HID_Desc)
c0df27cc c0df27cc        9     1                 USBD_HID_Desc
c0df27d5 c0df27d5       22     1         build/stax/obj/usbd_impl.o:(.rodata.HID_ReportDesc_fido)
c0df27d5 c0df27d5       22     1                 HID_ReportDesc_fido
c0df27f7 c0df27f7       22     1         build/stax/obj/usbd_impl.o:(.rodata.HID_ReportDesc)
c0df27f7 c0df27f7       22     1                 HID_ReportDesc
c0df2819 c0df2819       17     1         build/stax/obj/usbd_impl.o:(.rodata.C_webusb_url_descriptor)
c0df2819 c0df2819       17     1                 C_webusb_url_descriptor
c0df2830 c0df2830       39     1         build/stax/obj/usbd_impl.o:(.rodata.C_usb_bos)
c0df2830 c0df2830       39     1                 C_usb_bos
c0df286c c0df286c       20     4         build/stax/obj/usbd_impl.o:(.rodata.HID_Desc)
c0df286c c0df286c       20     1                 HID_Desc
c0df288c c0df288c       12     1         build/stax/obj/usbd_impl.o:(.rodata.C_winusb_string_descriptor)
c0df288c c0df288c       12     1                 C_winusb_string_descriptor
c0df289e c0df289e       92     1         build/stax/obj/usbd_impl.o:(.rodata.C_winusb_guid)
c0df289e c0df289e       92     1                 C_winusb_guid
c0df2930 c0df2930       b2     1         build/stax/obj/usbd_impl.o:(.rodata.C_winusb_request_descriptor)
c0df2930 c0df2930       b2     1                 C_winusb_request_descriptor
c0df29e4 c0df29e4       38     4         build/stax/obj/usbd_impl.o:(.rodata.USBD_HID)
c0df29e4 c0df29e4       38     1                 USBD_HID
c0df2a1c c0df2a1c       38     4         build/stax/obj/usbd_impl.o:(.rodata.USBD_U2F)
c0df2a1c c0df2a1c       38     1                 USBD_U2F
c0df2a54 c0df2a54       38     4         build/stax/obj/usbd_impl.o:(.rodata.USBD_WEBUSB)
c0df2a54 c0df2a54       38     1                 USBD_WEBUSB
c0df2a8c c0df2a8c       12     1         build/stax/obj/usbd_impl.o:(.rodata.USBD_DeviceDesc)
c0df2a8c c0df2a8c       12     1                 USBD_DeviceDesc
c0df2a9e c0df2a9e        4     1         build/stax/obj/usbd_impl.o:(.rodata.USBD_LangIDDesc)
c0df2a9e c0df2a9e        4     1                 USBD_LangIDDesc
c0df2aa2 c0df2aa2        e     1         build/stax/obj/usbd_impl.o:(.rodata.USBD_MANUFACTURER_STRING)
c0df2aa2 c0df2aa2        e     1                 USBD_MANUFACTURER_STRING
c0df2ab0 c0df2ab0       18     1         build/stax/obj/usbd_impl.o:(.rodata.USBD_PRODUCT_FS_STRING)
c0df2ab0 c0df2ab0       18     1                 USBD_PRODUCT_FS_STRING
c0df2ac8 c0df2ac8        a     1         build/stax/obj/usbd_impl.o:(.rodata.USB_SERIAL_STRING)
c0df2ac8 c0df2ac8        a     1                 USB_SERIAL_STRING
c0df2ad2 c0df2ad2       28     1         build/stax/obj/usbd_impl.o:(.rodata.C_winusb_wcid)
c0df2ad2 c0df2ad2       28     1                 C_winusb_wcid
c0df2afc c0df2afc       60     4         build/stax/obj/usbd_impl.o:(.rodata.USBD_CfgDesc)
c0df2afc c0df2afc       60     1                 USBD_CfgDesc
c0df2b5c c0df2b5c        a     4         build/stax/obj/usbd_impl.o:(.rodata.USBD_DeviceQualifierDesc)
c0df2b5c c0df2b5c        a     1                 USBD_DeviceQualifierDesc
c0df2b66 c0df2b66       3a     1         build/stax/obj/utils.o:(.rodata.B58_ALPHABET)
c0df2b66 c0df2b66       3a     1                 B58_ALPHABET
c0df2ba0 c0df2ba0       80     1         build/stax/obj/utils.o:(.rodata.BASE58_TABLE)
c0df2ba0 c0df2ba0       80     1                 BASE58_TABLE
c0df2c20 c0df2c20       a4     1         build/stax/obj/qrcodegen.o:(.rodata.NUM_ERROR_CORRECTION_BLOCKS)
c0df2c20 c0df2c20       a4     1                 NUM_ERROR_CORRECTION_BLOCKS
c0df2cc4 c0df2cc4        0     1         . = ALIGN ( 4 )
c0df2cc4 c0df2cc4        0     1         _etext = .
c0df2cc4 c0df2cc4      13c     1         . = ALIGN ( PAGE_SIZE )
c0df2e00 c0df2e00        0     1         _nvram_data = .
c0df2e00 c0df2e00        1     1         build/stax/obj/globals.o:(.rodata.N_storage_real)
c0df2e00 c0df2e00        1     1                 N_storage_real
c0df2e01 c0df2e01      1ff     1         . = ALIGN ( PAGE_SIZE )
c0df3000 c0df3000        0     1         _envram_data = .
c0df3000 c0df3000        0     1         _install_parameters = .
c0df3000 c0df3000        0     1         _nvram_end = .
d0000000 d0000000        0     1 .data
d0000000 d0000000        0     1         . = ALIGN ( 4 )
d0000000 d0000000        0     1         _data = .
d0000000 d0000000        0     1         _edata = .
da7a0000 da7a0000     2f04     8 .bss
da7a0000 da7a0000        0     1         _bss = .
da7a0000 da7a0000        1     1         build/stax/obj/get_address_nbgl.o:(.bss._generated)
da7a0000 da7a0000        1     1                 _generated
da7a0004 da7a0004       38     4         build/stax/obj/get_address_nbgl.o:(.bss._address)
da7a0004 da7a0004       38     1                 _address
da7a003c da7a003c        4     4         build/stax/obj/get_address_nbgl.o:(.bss._account)
da7a003c da7a003c        4     1                 _account
da7a0040 da7a0040       1b     4         build/stax/obj/get_address_nbgl.o:(.bss._bip44_path)
da7a0040 da7a0040       1b     1                 _bip44_path
da7a005c da7a005c       44     4         build/stax/obj/get_address_nbgl.o:(.bss.transactionContext)
da7a005c da7a005c       44     1                 transactionContext
da7a00a0 da7a00a0       88     4         build/stax/obj/globals.o:(.bss.G_ux)
da7a00a0 da7a00a0       88     1                 G_ux
da7a0128 da7a0128       20     4         build/stax/obj/globals.o:(.bss.G_ux_params)
da7a0128 da7a0128       20     1                 G_ux_params
da7a0148 da7a0148      1b0     4         build/stax/obj/ledger_ble.o:(.bss.ledger_ble_data)
da7a0148 da7a0148      1b0     1                 ledger_ble_data
da7a02f8 da7a02f8       c0     4         build/stax/obj/ledger_ble.o:(.bss.ledger_protocol_data)
da7a02f8 da7a02f8       c0     1                 ledger_protocol_data
da7a03b8 da7a03b8        4     4         build/stax/obj/ledger_protocol.o:(.bss.ledger_protocol)
da7a03b8 da7a03b8        4     1                 ledger_protocol
da7a03bc da7a03bc      12c     1         build/stax/obj/main.o:(.bss.G_io_seproxyhal_spi_buffer)
da7a03bc da7a03bc      12c     1                 G_io_seproxyhal_spi_buffer
da7a04e8 da7a04e8      150     4         build/stax/obj/nbgl_layout.o:(.bss.gLayout)
da7a04e8 da7a04e8      150     1                 gLayout
da7a0638 da7a0638        a     2         build/stax/obj/nbgl_obj.o:(.bss.refreshArea)
da7a0638 da7a0638        a     1                 refreshArea
da7a0642 da7a0642      801     1         build/stax/obj/nbgl_obj.o:(.bss.ramBuffer)
da7a0642 da7a0642      801     1                 ramBuffer
da7a0e43 da7a0e43        1     1         build/stax/obj/nbgl_obj_pool.o:(.bss.nbUsedObjsInPool)
da7a0e43 da7a0e43        1     1                 nbUsedObjsInPool
da7a0e44 da7a0e44       50     4         build/stax/obj/nbgl_obj_pool.o:(.bss.objPoolLayers)
da7a0e44 da7a0e44       50     1                 objPoolLayers
da7a0e94 da7a0e94        1     1         build/stax/obj/nbgl_obj_pool.o:(.bss.initialized)
da7a0e94 da7a0e94        1     1                 initialized
da7a0e98 da7a0e98       80     4         build/stax/obj/nbgl_obj_pool.o:(.bss.objPointersPoolLayers)
da7a0e98 da7a0e98       80     1                 objPointersPoolLayers
da7a0f18 da7a0f18      f00     4         build/stax/obj/nbgl_obj_pool.o:(.bss.objPool)
da7a0f18 da7a0f18      f00     1                 objPool
da7a1e18 da7a1e18        1     1         build/stax/obj/nbgl_obj_pool.o:(.bss.nbUsedObjsInContainerPool)
da7a1e18 da7a1e18        1     1                 nbUsedObjsInContainerPool
da7a1e1c da7a1e1c      200     4         build/stax/obj/nbgl_obj_pool.o:(.bss.objContainerPool)
da7a1e1c da7a1e1c      200     1                 objContainerPool
da7a201c da7a201c        1     1         build/stax/obj/nbgl_screen.o:(.bss.nbScreensOnStack)
da7a201c da7a201c        1     1                 nbScreensOnStack
da7a2020 da7a2020        4     4         build/stax/obj/nbgl_screen.o:(.bss.topOfStack)
da7a2020 da7a2020        4     1                 topOfStack
da7a2024 da7a2024       f0     4         build/stax/obj/nbgl_screen.o:(.bss.screenStack)
da7a2024 da7a2024       f0     1                 screenStack
da7a2114 da7a2114        1     1         build/stax/obj/nbgl_touch.o:(.bss.nbgl_touchHandler.lastState)
da7a2114 da7a2114        1     1                 nbgl_touchHandler.lastState
da7a2118 da7a2118        4     4         build/stax/obj/nbgl_touch.o:(.bss.lastCurrentTime)
da7a2118 da7a2118        4     1                 lastCurrentTime
da7a211c da7a211c        6     2         build/stax/obj/nbgl_touch.o:(.bss.firstTouchedPosition)
da7a211c da7a211c        6     1                 firstTouchedPosition
da7a2124 da7a2124        4     4         build/stax/obj/nbgl_touch.o:(.bss.lastPressedObj)
da7a2124 da7a2124        4     1                 lastPressedObj
da7a2128 da7a2128        6     2         build/stax/obj/nbgl_touch.o:(.bss.lastTouchedPosition)
da7a2128 da7a2128        6     1                 lastTouchedPosition
da7a2130 da7a2130        4     4         build/stax/obj/nbgl_touch.o:(.bss.lastPressedTime)
da7a2130 da7a2130        4     1                 lastPressedTime
da7a2134 da7a2134        4     4         build/stax/obj/nbgl_use_case.o:(.bss.onAction)
da7a2134 da7a2134        4     1                 onAction
da7a2138 da7a2138       48     1         build/stax/obj/nbgl_use_case.o:(.bss.appDescription)
da7a2138 da7a2138       48     1                 appDescription
da7a2180 da7a2180        4     4         build/stax/obj/nbgl_use_case.o:(.bss.onContinue)
da7a2180 da7a2180        4     1                 onContinue
da7a2184 da7a2184        4     4         build/stax/obj/nbgl_use_case.o:(.bss.onQuit)
da7a2184 da7a2184        4     1                 onQuit
da7a2188 da7a2188        4     4         build/stax/obj/nbgl_use_case.o:(.bss.pageContext)
da7a2188 da7a2188        4     1                 pageContext
da7a218c da7a218c        4     4         build/stax/obj/nbgl_use_case.o:(.bss.onNav)
da7a218c da7a218c        4     1                 onNav
da7a2190 da7a2190        4     4         build/stax/obj/nbgl_use_case.o:(.bss.onControls)
da7a2190 da7a2190        4     1                 onControls
da7a2194 da7a2194        4     4         build/stax/obj/nbgl_use_case.o:(.bss.settingsTitle)
da7a2194 da7a2194        4     1                 settingsTitle
da7a2198 da7a2198        1     1         build/stax/obj/nbgl_use_case.o:(.bss.touchableTitle)
da7a2198 da7a2198        1     1                 touchableTitle
da7a219c da7a219c       1c     4         build/stax/obj/nbgl_use_case.o:(.bss.navInfo)
da7a219c da7a219c       1c     1                 navInfo
da7a21b8 da7a21b8        4     4         build/stax/obj/nbgl_use_case.o:(.bss.onChoice)
da7a21b8 da7a21b8        4     1                 onChoice
da7a21bc da7a21bc        4     4         build/stax/obj/nbgl_use_case.o:(.bss.onModalConfirm)
da7a21bc da7a21bc        4     1                 onModalConfirm
da7a21c0 da7a21c0        4     4         build/stax/obj/nbgl_use_case.o:(.bss.modalPageContext)
da7a21c0 da7a21c0        4     1                 modalPageContext
da7a21c4 da7a21c4        1     1         build/stax/obj/nbgl_use_case.o:(.bss.forwardNavOnly)
da7a21c4 da7a21c4        1     1                 forwardNavOnly
da7a21c8 da7a21c8       28     4         build/stax/obj/nbgl_use_case.o:(.bss.staticReviewContext)
da7a21c8 da7a21c8       28     1                 staticReviewContext
da7a21f0 da7a21f0       40     1         build/stax/obj/nbgl_use_case.o:(.bss.nbPairsPerPage)
da7a21f0 da7a21f0       40     1                 nbPairsPerPage
da7a2230 da7a2230       20     1         build/stax/obj/nbgl_use_case.o:(.bss.tooLongToFitPerPage)
da7a2230 da7a2230       20     1                 tooLongToFitPerPage
da7a2250 da7a2250        c     4         build/stax/obj/nbgl_use_case.o:(.bss.displayDetailsPage.currentPair)
da7a2250 da7a2250        c     1                 displayDetailsPage.currentPair
da7a225c da7a225c        1     4         build/stax/obj/nbgl_use_case.o:(.bss.detailsContext.0)
da7a225c da7a225c        1     1                 detailsContext.0
da7a2260 da7a2260        1     4         build/stax/obj/nbgl_use_case.o:(.bss.detailsContext.1)
da7a2260 da7a2260        1     1                 detailsContext.1
da7a2262 da7a2262        1     2         build/stax/obj/nbgl_use_case.o:(.bss.detailsContext.2)
da7a2262 da7a2262        1     1                 detailsContext.2
da7a2264 da7a2264        4     4         build/stax/obj/nbgl_use_case.o:(.bss.detailsContext.3)
da7a2264 da7a2264        4     1                 detailsContext.3
da7a2268 da7a2268        4     4         build/stax/obj/nbgl_use_case.o:(.bss.detailsContext.4)
da7a2268 da7a2268        4     1                 detailsContext.4
da7a226c da7a226c        4     4         build/stax/obj/nbgl_use_case.o:(.bss.detailsContext.5)
da7a226c da7a226c        4     1                 detailsContext.5
da7a2270 da7a2270        4     4         build/stax/obj/nbgl_use_case.o:(.bss.addressConfirmationContext.0)
da7a2270 da7a2270        4     1                 addressConfirmationContext.0
da7a2274 da7a2274        4     4         build/stax/obj/nbgl_use_case.o:(.bss.addressConfirmationContext.1)
da7a2274 da7a2274        4     1                 addressConfirmationContext.1
da7a2278 da7a2278        4     4         build/stax/obj/nbgl_use_case.o:(.bss.addressConfirmationContext.2)
da7a2278 da7a2278        4     1                 addressConfirmationContext.2
da7a227c da7a227c      151     1         build/stax/obj/os.o:(.bss.G_io_apdu_buffer)
da7a227c da7a227c      151     1                 G_io_apdu_buffer
da7a23d0 da7a23d0       2c     4         build/stax/obj/os_io_seproxyhal.o:(.bss.G_io_app)
da7a23d0 da7a23d0       2c     1                 G_io_app
da7a23fc da7a23fc       44     4         build/stax/obj/os_io_seproxyhal.o:(.bss.G_io_u2f)
da7a23fc da7a23fc       44     1                 G_io_u2f
da7a2440 da7a2440        4     4         build/stax/obj/os_io_task.o:(.bss.G_io_asynch_ux_callback)
da7a2440 da7a2440        4     1                 G_io_asynch_ux_callback
da7a2444 da7a2444       40     1         build/stax/obj/os_io_usb.o:(.bss.G_io_usb_ep_buffer)
da7a2444 da7a2444       40     1                 G_io_usb_ep_buffer
da7a2484 da7a2484        4     4         build/stax/obj/os_io_usb.o:(.bss.G_io_usb_hid_sequence_number)
da7a2484 da7a2484        4     1                 G_io_usb_hid_sequence_number
da7a2488 da7a2488        4     4         build/stax/obj/os_io_usb.o:(.bss.G_io_usb_hid_total_length)
da7a2488 da7a2488        4     1                 G_io_usb_hid_total_length
da7a248c da7a248c        4     4         build/stax/obj/os_io_usb.o:(.bss.G_io_usb_hid_remaining_length)
da7a248c da7a248c        4     1                 G_io_usb_hid_remaining_length
da7a2490 da7a2490        4     4         build/stax/obj/os_io_usb.o:(.bss.G_io_usb_hid_current_buffer)
da7a2490 da7a2490        4     1                 G_io_usb_hid_current_buffer
da7a2494 da7a2494        4     4         build/stax/obj/os_io_usb.o:(.bss.G_io_usb_hid_channel)
da7a2494 da7a2494        4     1                 G_io_usb_hid_channel
da7a2498 da7a2498      178     8         build/stax/obj/sign_tx_nbgl.o:(.bss._tx)
da7a2498 da7a2498      178     1                 _tx
da7a2610 da7a2610      14f     1         build/stax/obj/sign_tx_nbgl.o:(.bss._ui)
da7a2610 da7a2610      14f     1                 _ui
da7a2760 da7a2760       9c     4         build/stax/obj/sign_tx_nbgl.o:(.bss.transactionContext)
da7a2760 da7a2760       9c     1                 transactionContext
da7a27fc da7a27fc        4     4         build/stax/obj/usbd_conf.o:(.bss.ep_in_stall)
da7a27fc da7a27fc        4     1                 ep_in_stall
da7a2800 da7a2800        4     4         build/stax/obj/usbd_conf.o:(.bss.ep_out_stall)
da7a2800 da7a2800        4     1                 ep_out_stall
da7a2804 da7a2804      114     4         build/stax/obj/usbd_core.o:(.bss.USBD_Device)
da7a2804 da7a2804      114     1                 USBD_Device
da7a2918 da7a2918        6     2         build/stax/obj/ux.o:(.bss.pos)
da7a2918 da7a2918        6     1                 pos
da7a2920 da7a2920        4     4         build/stax/obj/ux.o:(.bss.nbTicks)
da7a2920 da7a2920        4     1                 nbTicks
da7a2924 da7a2924        0     1         _ebss = .
da7a2924 da7a2924        0     1         . = ALIGN ( 4 )
da7a2924 da7a2924        0     1         app_stack_canary = .
da7a2924 da7a2924        4     1         . += 4
da7a2928 da7a2928        0     1         _stack_validation = .
da7a2928 da7a2928      5dc     1         . = _stack_validation + STACK_SIZE
da7a2f04 da7a2f04        0     1         _stack = ABSOLUTE ( END_STACK ) - STACK_SIZE
da7a2f04 da7a2f04        0     1         _estack = ABSOLUTE ( END_STACK )
d0000000 d0000000       10     4 DEBUG
d0000000 d0000000       10     4         <internal>:(.ARM.exidx)
       0        0       30     1 .comment
       0        0       30     1         <internal>:(.comment)
       0        0      20c     4 .debug_frame
       0        0       2c     4         /opt/stax-secure-sdk/arch/st33k1/lib/libgcc.a(_aeabi_uldivmod.o):(.debug_frame)
      2c       2c       38     4         /opt/stax-secure-sdk/arch/st33k1/lib/libgcc.a(_udivmoddi4.o):(.debug_frame)
      64       64       20     4         /opt/stax-secure-sdk/arch/st33k1/lib/libc.a(lib_a-aeabi_memclr.o):(.debug_frame)
      84       84       20     4         /opt/stax-secure-sdk/arch/st33k1/lib/libc.a(lib_a-aeabi_memcpy.o):(.debug_frame)
      a4       a4       20     4         /opt/stax-secure-sdk/arch/st33k1/lib/libc.a(lib_a-aeabi_memmove.o):(.debug_frame)
      c4       c4       20     4         /opt/stax-secure-sdk/arch/st33k1/lib/libc.a(lib_a-aeabi_memset.o):(.debug_frame)
      e4       e4       20     4         /opt/stax-secure-sdk/arch/st33k1/lib/libc.a(lib_a-explicit_bzero.o):(.debug_frame)
     104      104       20     4         /opt/stax-secure-sdk/arch/st33k1/lib/libc.a(lib_a-bzero.o):(.debug_frame)
     124      124       28     4         /opt/stax-secure-sdk/arch/st33k1/lib/libc.a(lib_a-memchr-stub.o):(.debug_frame)
     14c      14c       28     4         /opt/stax-secure-sdk/arch/st33k1/lib/libc.a(lib_a-memcmp.o):(.debug_frame)
     174      174       28     4         /opt/stax-secure-sdk/arch/st33k1/lib/libc.a(lib_a-memcpy-stub.o):(.debug_frame)
     19c      19c       28     4         /opt/stax-secure-sdk/arch/st33k1/lib/libc.a(lib_a-memmove.o):(.debug_frame)
     1c4      1c4       20     4         /opt/stax-secure-sdk/arch/st33k1/lib/libc.a(lib_a-memset.o):(.debug_frame)
     1e4      1e4       28     4         /opt/stax-secure-sdk/arch/st33k1/lib/libc.a(lib_a-strnlen.o):(.debug_frame)
d0000010 d0000010        0     1 PROVIDE ( _nvram = ABSOLUTE ( _nvram_start ) )
d0000010 d0000010        0     1 PROVIDE ( _envram = ABSOLUTE ( _nvram_end ) )
       0        0       47     1 .ARM.attributes
       0        0       47     1         build/stax/obj/ble_gap_aci.o:(.ARM.attributes)
       0        0     55d0     4 .symtab
       0        0     55d0     4         <internal>:(.symtab)
       0        0       58     1 .shstrtab
       0        0       58     1         <internal>:(.shstrtab)
       0        0     36b2     1 .strtab
       0        0     36b2     1         <internal>:(.strtab)
